01-17 20:40:02.777     0     0 I init    : Parsing file /system/etc/init/mokee-iosched.rc...
01-17 20:40:02.777     0     0 I init    : Parsing file /system/etc/init/mokee-livedisplay.rc...
01-17 20:40:02.778     0     0 I init    : Parsing file /system/etc/init/mokee-radio.rc...
01-17 20:40:02.778     0     0 I init    : Parsing file /system/etc/init/mokee-ssh.rc...
01-17 20:40:02.779     0     0 I init    : Parsing file /system/etc/init/mokee-system.rc...
01-17 20:40:02.779     0     0 E init    : /system/etc/init/mokee-system.rc: 28: ignored duplicate definition of service 'bugreport'
01-17 20:40:02.779     0     0 I init    : Parsing file /system/etc/init/mokee-tcp.rc...
01-17 20:40:02.780     0     0 I init    : Parsing file /system/etc/init/mokee-updates.rc...
01-17 20:40:02.780     0     0 I init    : Parsing file /system/etc/init/mtpd.rc...
01-17 20:40:02.781     0     0 I init    : Parsing file /system/etc/init/netd.rc...
01-17 20:40:02.781     0     0 I init    : Parsing file /system/etc/init/perfetto.rc...
01-17 20:40:02.782     0     0 I init    : Parsing file /system/etc/init/perfprofd.rc...
01-17 20:40:02.782     0     0 I init    : Parsing file /system/etc/init/racoon.rc...
01-17 20:40:02.782     0     0 I init    : Parsing file /system/etc/init/servicemanager.rc...
01-17 20:40:02.783     0     0 I init    : Parsing file /system/etc/init/statsd.rc...
01-17 20:40:02.783     0     0 I init    : Parsing file /system/etc/init/storaged.rc...
01-17 20:40:02.784     0     0 I init    : Parsing file /system/etc/init/surfaceflinger.rc...
01-17 20:40:02.784     0     0 I init    : Parsing file /system/etc/init/thermalservice.rc...
01-17 20:40:02.785     0     0 I init    : Parsing file /system/etc/init/tombstoned.rc...
01-17 20:40:02.785     0     0 I init    : Parsing file /system/etc/init/uncrypt.rc...
01-17 20:40:02.785     0     0 I init    : Parsing file /system/etc/init/usbd.rc...
01-17 20:40:02.786     0     0 I init    : Parsing file /system/etc/init/vdc.rc...
01-17 20:40:02.786     0     0 I init    : Parsing file /system/etc/init/vold.rc...
01-17 20:40:02.787     0     0 I init    : Parsing file /system/etc/init/wait_for_keymaster.rc...
01-17 20:40:02.787     0     0 I init    : Parsing file /system/etc/init/wifi-events.rc...
01-17 20:40:02.788     0     0 I init    : Parsing file /system/etc/init/wificond.rc...
01-17 20:40:02.788     0     0 I init    : Parsing file /product/etc/init...
01-17 20:40:02.788     0     0 E init    : Unable to read config file '/product/etc/init': open() failed: No such file or directory
01-17 20:40:02.788     0     0 I init    : Parsing file /odm/etc/init...
01-17 20:40:02.788     0     0 E init    : Unable to read config file '/odm/etc/init': open() failed: No such file or directory
01-17 20:40:02.788     0     0 I init    : Parsing directory /vendor/etc/init...
01-17 20:40:02.788     0     0 I init    : Parsing file /vendor/etc/init/android.hardware.audio@2.0-service.rc...
01-17 20:40:02.789     0     0 I init    : Parsing file /vendor/etc/init/android.hardware.biometrics.fingerprint@2.0-service.odin.rc...
01-17 20:40:02.790     0     0 I init    : Parsing file /vendor/etc/init/android.hardware.bluetooth@1.0-service-qti.rc...
01-17 20:40:02.790     0     0 I init    : Parsing file /vendor/etc/init/android.hardware.camera.provider@2.4-service.rc...
01-17 20:40:02.790     0     0 I init    : Parsing file /vendor/etc/init/android.hardware.cas@1.0-service.rc...
01-17 20:40:02.791     0     0 I init    : Parsing file /vendor/etc/init/android.hardware.configstore@1.1-service.rc...
01-17 20:40:02.791     0     0 I init    : Parsing file /vendor/etc/init/android.hardware.drm@1.0-service.rc...
01-17 20:40:02.791     0     0 I init    : Parsing file /vendor/etc/init/android.hardware.drm@1.1-service.clearkey.rc...
01-17 20:40:02.792     0     0 I init    : Parsing file /vendor/etc/init/android.hardware.drm@1.1-service.widevine.rc...
01-17 20:40:02.792     0     0 I init    : Parsing file /vendor/etc/init/android.hardware.gatekeeper@1.0-service.rc...
01-17 20:40:02.793     0     0 I init    : Parsing file /vendor/etc/init/android.hardware.graphics.allocator@2.0-service.rc...
01-17 20:40:02.793     0     0 I init    : Parsing file /vendor/etc/init/android.hardware.graphics.composer@2.1-service.rc...
01-17 20:40:02.793     0     0 I init    : Parsing file /vendor/etc/init/android.hardware.health@2.0-service.rc...
01-17 20:40:02.794     0     0 I init    : Parsing file /vendor/etc/init/android.hardware.keymaster@3.0-service.rc...
01-17 20:40:02.794     0     0 I init    : Parsing file /vendor/etc/init/android.hardware.light@2.0-service.smartisan.rc...
01-17 20:40:02.795     0     0 I init    : Parsing file /vendor/etc/init/android.hardware.media.omx@1.0-service.rc...
01-17 20:40:02.795     0     0 I init    : Parsing file /vendor/etc/init/android.hardware.memtrack@1.0-service.rc...
01-17 20:40:02.795     0     0 I init    : Parsing file /vendor/etc/init/android.hardware.power@1.1-service-qti.rc...
01-17 20:40:02.796     0     0 I init    : Parsing file /vendor/etc/init/android.hardware.sensors@1.0-service.rc...
01-17 20:40:02.796     0     0 I init    : Parsing file /vendor/etc/init/android.hardware.thermal@1.0-service.rc...
01-17 20:40:02.797     0     0 I init    : Parsing file /vendor/etc/init/android.hardware.usb@1.0-service.rc...
01-17 20:40:02.797     0     0 I init    : Parsing file /vendor/etc/init/android.hardware.vibrator@1.0-service.mokee.rc...
01-17 20:40:02.797     0     0 I init    : Parsing file /vendor/etc/init/android.hardware.wifi@1.0-service.rc...
01-17 20:40:02.798     0     0 I init    : Parsing file /vendor/etc/init/hostapd.android.rc...
01-17 20:40:02.798     0     0 E init    : /vendor/etc/init/hostapd.android.rc: 15: Interface 'android.hardware.wifi.hostapd@1.0::IHostapd/default' redefined in hostapd but is already defined by hostapd_fst
01-17 20:40:02.798     0     0 I init    : Parsing file /vendor/etc/init/rild.legacy.rc...
01-17 20:40:02.799     0     0 I init    : Parsing file /vendor/etc/init/vendor.display.color@1.0-service.rc...
01-17 20:40:02.799     0     0 I init    : Parsing file /vendor/etc/init/vendor.mokee.livedisplay@1.0-service-sdm.rc...
01-17 20:40:02.800     0     0 I init    : Parsing file /vendor/etc/init/vendor.nxp.hardware.nfc@1.1-service.rc...
01-17 20:40:02.800     0     0 I init    : Parsing file /vendor/etc/init/vendor.qti.esepowermanager@1.0-service.rc...
01-17 20:40:02.800     0     0 I init    : Parsing file /vendor/etc/init/vendor.qti.gnss@1.0-service.rc...
01-17 20:40:02.801     0     0 I init    : Parsing file /vendor/etc/init/vendor.qti.hardware.perf@1.0-service.rc...
01-17 20:40:02.801     0     0 I init    : Parsing file /vendor/etc/init/vendor.qti.hardware.qdutils_disp@1.0-service-qti.rc...
01-17 20:40:02.801     0     0 I init    : Parsing file /vendor/etc/init/vendor.qti.hardware.qteeconnector@1.0-service.rc...
01-17 20:40:02.802     0     0 I init    : Parsing file /vendor/etc/init/vendor.qti.hardware.tui_comm@1.0-service-qti.rc...
01-17 20:40:02.802     0     0 I init    : Parsing file /vendor/etc/init/vndservicemanager.rc...
01-17 20:40:02.803     0     0 I init    : processing action (early-init) from (/init.rc:14)
01-17 20:40:02.804     0     0 D SELinux : initialized (dev cgroup, type cgroup), uses genfs_contexts
01-17 20:40:02.805     0     0 I init    : starting service 'ueventd'...
01-17 20:40:02.806     0     0 I init    : processing action (early-init) from (/vendor/etc/init/hw/init.qcom.rc:34)
01-17 20:40:02.808     0     0 I init    : starting service 'exec 1 (/vendor/bin/modprobe -a -d /vendor/lib/modules msm_11ad_proxy)'...
01-17 20:40:02.808     0     0 I ueventd : ueventd started!
01-17 20:40:02.808     0     0 I init    : SVC_EXEC pid 414 (uid 0 gid 0+0 context u:r:vendor_modprobe:s0) started; waiting...
01-17 20:40:02.810     0     0 I selinux : SELinux: Loaded file_contexts
01-17 20:40:02.810     0     0 I ueventd : Parsing file /ueventd.rc...
01-17 20:40:02.813     0     0 I ueventd : Parsing file /vendor/ueventd.rc...
01-17 20:40:02.835     0     0 I ueventd : Parsing file /odm/ueventd.rc...
01-17 20:40:02.835     0     0 E ueventd : Unable to read config file '/odm/ueventd.rc': open() failed: No such file or directory
01-17 20:40:02.835     0     0 I ueventd : Parsing file /ueventd.qcom.rc...
01-17 20:40:02.835     0     0 E ueventd : Unable to read config file '/ueventd.qcom.rc': open() failed: No such file or directory
01-17 20:40:02.883     0     0 I init    : Service 'exec 1 (/vendor/bin/modprobe -a -d /vendor/lib/modules msm_11ad_proxy)' (pid 414) exited with status 1 waiting took 0.075000 seconds
01-17 20:40:02.884     0     0 I init    : processing action (early-init) from (/vendor/etc/init/hw/init.target.rc:32)
01-17 20:40:02.884     0     0 I init    : starting service 'exec 2 (/vendor/bin/modprobe -a -d /vendor/lib/modules audio_apr audio_adsp_loader audio_q6_notifier audio_q6 audio_usf audio_native audio_pinctrl_wcd audio_swr audio_platform audio_swr_ctrl audio_hdmi audio_wcd9xxx audio_wcd_core audio_wsa881x_analog audio_wsa881x audio_mbhc audio_stub audio_digital_cdc audio_analog_cdc audio_wcd_cpe audio_cpe_lsm audio_wcd9335 audio_machine_sdm450 audio_machine_ext_sdm450)'...
01-17 20:40:02.885     0     0 I init    : SVC_EXEC pid 415 (uid 0 gid 0+0 context u:r:vendor_modprobe:s0) started; waiting...
01-17 20:40:02.894     0     0 I init    : Service 'exec 2 (/vendor/bin/modprobe -a -d /vendor/lib/modules audio_apr audio_adsp_loader audio_q6_notifier audio_q6 audio_usf audio_native audio_pinctrl_wcd audio_swr audio_platform audio_swr_ctrl audio_hdmi audio_wcd9xxx audio_wcd_core audio_wsa881x_analog audio_wsa881x audio_mbhc audio_stub audio_digital_cdc audio_analog_cdc audio_wcd_cpe audio_cpe_lsm audio_wcd9335 audio_machine_sdm450 audio_machine_ext_sdm450)' (pid 415) exited with status 1 waiting took 0.009000 seconds
01-17 20:40:23.425   452   452 E DrmLibFs: Error: Invalid config file
01-17 20:40:23.425   452   452 E DrmLibFs: Data path not parsed: Using default data path: /data/vendor/tzstorage/
01-17 20:40:23.425   452   452 E DrmLibFs: Persist path not parsed: Using default persist path: /mnt/vendor/persist/data/
01-17 20:40:23.425   452   452 D QSEECOMAPI: QSEECom_register_listener 28672 sb_length = 0x7e000
01-17 20:40:23.428   452   452 D QSEECOMD: : Init gpfs_start ret = 0
01-17 20:40:23.428   452   452 D QSEECOMD: : gpfile system services: Started (Listener ID = 28672)
01-17 20:40:23.428   452   452 E QSEECOMD: : Listener: index = 6, hierarchy = 1
01-17 20:40:02.879   411   411 I auditd  : type=1400 audit(0.0:3): avc: denied { write } for comm="init" name="sched_boost" dev="proc" ino=113 scontext=u:r:vendor_init:s0 tcontext=u:object_r:proc:s0 tclass=file permissive=1
01-17 20:40:02.879   411   411 I init    : type=1400 audit(0.0:3): avc: denied { write } for name="sched_boost" dev="proc" ino=113 scontext=u:r:vendor_init:s0 tcontext=u:object_r:proc:s0 tclass=file permissive=1
01-17 20:40:02.879   411   411 I auditd  : type=1400 audit(0.0:4): avc: denied { setattr } for comm="init" name="firmware" dev="rootfs" ino=5288 scontext=u:r:vendor_init:s0 tcontext=u:object_r:rootfs:s0 tclass=lnk_file permissive=1
01-17 20:40:02.879   411   411 I init    : type=1400 audit(0.0:4): avc: denied { setattr } for name="firmware" dev="rootfs" ino=5288 scontext=u:r:vendor_init:s0 tcontext=u:object_r:rootfs:s0 tclass=lnk_file permissive=1
01-17 20:40:02.879   411   411 I auditd  : type=1400 audit(0.0:5): avc: denied { write } for comm="init" name="/" dev="rootfs" ino=2 scontext=u:r:vendor_init:s0 tcontext=u:object_r:rootfs:s0 tclass=dir permissive=1
01-17 20:40:02.879   411   411 I init    : type=1400 audit(0.0:5): avc: denied { write } for name="/" dev="rootfs" ino=2 scontext=u:r:vendor_init:s0 tcontext=u:object_r:rootfs:s0 tclass=dir permissive=1
01-17 20:40:02.879   411   411 I auditd  : type=1400 audit(0.0:6): avc: denied { add_name } for comm="init" name="tombstones" scontext=u:r:vendor_init:s0 tcontext=u:object_r:rootfs:s0 tclass=dir permissive=1
01-17 20:40:02.879   411   411 I init    : type=1400 audit(0.0:6): avc: denied { add_name } for name="tombstones" scontext=u:r:vendor_init:s0 tcontext=u:object_r:rootfs:s0 tclass=dir permissive=1
01-17 20:40:02.896     0     0 I init    : processing action (wait_for_coldboot_done) from (<Builtin Action>:0)
01-17 20:40:03.036     0     0 I ueventd : Coldboot took 0.198 seconds
01-17 20:40:03.038     0     0 I init    : wait for '/dev/.coldboot_done' took 141ms
01-17 20:40:03.038     0     0 I init    : Command 'wait_for_coldboot_done' action=wait_for_coldboot_done (<Builtin Action>:0) took 141ms and succeeded
01-17 20:40:03.038     0     0 I init    : processing action (MixHwrngIntoLinuxRng) from (<Builtin Action>:0)
01-17 20:40:03.038     0     0 I init    : Mixed 512 bytes from /dev/hw_random into /dev/urandom
01-17 20:40:03.038     0     0 I init    : processing action (SetMmapRndBits) from (<Builtin Action>:0)
01-17 20:40:03.039     0     0 I init    : processing action (SetKptrRestrict) from (<Builtin Action>:0)
01-17 20:40:03.039     0     0 I init    : processing action (keychord_init) from (<Builtin Action>:0)
01-17 20:40:03.039     0     0 I keychord: using input dev qpnp_pon for fevent
01-17 20:40:03.039     0     0 I keychord: using input dev gf3208 for fevent
01-17 20:40:03.039     0     0 I keychord: using input dev gpio-keys for fevent
01-17 20:40:03.039     0     0 I init    : processing action (console_init) from (<Builtin Action>:0)
01-17 20:40:03.039     0     0 I init    : processing action (init) from (/init.rc:41)
01-17 20:40:23.429   452   452 D QSEECOMD: : Init dlopen(libqisl.so, RTLD_NOW) succeeds
01-17 20:40:03.029     1     1 I auditd  : type=1400 audit(0.0:7): avc: denied { create } for comm="init" name="sdcard" scontext=u:r:init:s0 tcontext=u:object_r:tmpfs:s0 tclass=lnk_file permissive=1
01-17 20:40:03.029     1     1 I init    : type=1400 audit(0.0:7): avc: denied { create } for name="sdcard" scontext=u:r:init:s0 tcontext=u:object_r:tmpfs:s0 tclass=lnk_file permissive=1
01-17 20:40:03.047     0     0 D SELinux : initialized (dev cgroup, type cgroup), uses genfs_contexts
01-17 20:40:23.429   452   452 D QSEECOMD: : Init::Init dlsym(g_FSHandle qisl_start) succeeds
01-17 20:40:23.429   452   459 I QISL    : QSEE Interrupt Service Listener Thread is started
01-17 20:40:23.429   452   459 D QSEECOMAPI: QSEECom_register_listener 36864 sb_length = 0x1f4
01-17 20:40:03.029     1     1 I auditd  : type=1400 audit(0.0:8): avc: denied { module_request } for comm="init" kmod="fs-cpuset" scontext=u:r:init:s0 tcontext=u:r:kernel:s0 tclass=system permissive=1
01-17 20:40:03.029     1     1 I init    : type=1400 audit(0.0:8): avc: denied { module_request } for kmod="fs-cpuset" scontext=u:r:init:s0 tcontext=u:r:kernel:s0 tclass=system permissive=1
01-17 20:40:03.039   411   411 I auditd  : type=1400 audit(0.0:9): avc: denied { create } for comm="init" name="schedtune.sched_boost_no_override" scontext=u:r:vendor_init:s0 tcontext=u:object_r:device:s0 tclass=file permissive=1
01-17 20:40:03.039   411   411 I init    : type=1400 audit(0.0:9): avc: denied { create } for name="schedtune.sched_boost_no_override" scontext=u:r:vendor_init:s0 tcontext=u:object_r:device:s0 tclass=file permissive=1
01-17 20:40:03.039   411   411 I auditd  : type=1400 audit(0.0:10): avc: denied { write } for comm="init" path="/dev/stune/foreground/schedtune.sched_boost_no_override" dev="tmpfs" ino=5492 scontext=u:r:vendor_init:s0 tcontext=u:object_r:device:s0 tclass=file permissive=1
01-17 20:40:03.039   411   411 I init    : type=1400 audit(0.0:10): avc: denied { write } for path="/dev/stune/foreground/schedtune.sched_boost_no_override" dev="tmpfs" ino=5492 scontext=u:r:vendor_init:s0 tcontext=u:object_r:device:s0 tclass=file permissive=1
01-17 20:40:03.047     0     0 I init    : Command 'mount cpuset none /dev/cpuset nodev noexec nosuid' action=init (/init.rc:161) took 0ms and failed: mount() failed: No such device
01-17 20:40:03.049     0     0 I init    : Command 'mount cgroup2 cg2_bpf /dev/cg2_bpf nodev noexec nosuid' action=init (/init.rc:225) took 0ms and failed: mount() failed: No such device
01-17 20:40:03.050     0     0 I         : Registered swp emulation handler
01-17 20:40:03.050     0     0 I init    : processing action (init) from (/init.environ.rc:2)
01-17 20:40:03.050     0     0 I init    : processing action (init) from (/vendor/etc/init/hw/init.qcom.rc:49)
01-17 20:40:03.051     0     0 I init    : processing action (init) from (/vendor/etc/init/hw/init.target.rc:95)
01-17 20:40:03.053     0     0 I init    : processing action (init) from (/system/etc/init/mokee-iosched.rc:1)
01-17 20:40:03.054     0     0 I init    : processing action (init) from (/system/etc/init/mokee-system.rc:2)
01-17 20:40:03.054     0     0 I init    : processing action (init) from (/vendor/etc/init/android.hardware.light@2.0-service.smartisan.rc:1)
01-17 20:40:03.055     0     0 I init    : processing action (MixHwrngIntoLinuxRng) from (<Builtin Action>:0)
01-17 20:40:03.056     0     0 I init    : Mixed 512 bytes from /dev/hw_random into /dev/urandom
01-17 20:40:03.056     0     0 I init    : processing action (late-init) from (/init.rc:278)
01-17 20:40:03.056     0     0 I init    : processing action (late-init) from (/system/etc/init/atrace.rc:3)
01-17 20:40:03.059     0     0 I init    : Command 'write /sys/kernel/tracing/tracing_on 0' action=late-init (/system/etc/init/atrace.rc:122) took 0ms and failed: Unable to write to file '/sys/kernel/tracing/tracing_on': open() failed: Permission denied
01-17 20:40:03.059     0     0 I init    : processing action (queue_property_triggers) from (<Builtin Action>:0)
01-17 20:40:03.059     0     0 I init    : processing action (fs) from (/vendor/etc/init/hw/init.target.rc:38)
01-17 20:40:03.059     0     0 I init    : wait for '/dev/block/platform/soc/7824900.sdhci' took 0ms
01-17 20:40:03.061     0     0 I init    : [libfs_mgr]superblock s_max_mnt_count:10,/dev/block/bootdevice/by-name/userdata
01-17 20:40:03.067     0     0 W EXT4-fs (mmcblk0p57): warning: maximal mount count reached, running e2fsck is recommended
01-17 20:40:03.071     0     0 I EXT4-fs (mmcblk0p57): mounted filesystem with ordered data mode. Opts: barrier=1,noauto_da_alloc,discard
01-17 20:40:03.071     0     0 D SELinux : initialized (dev mmcblk0p57, type ext4), uses xattr
01-17 20:40:03.071     0     0 I init    : [libfs_mgr]__mount(source=/dev/block/bootdevice/by-name/userdata,target=/data,type=ext4)=0: Success
01-17 20:40:03.077     0     0 I init    : [libfs_mgr]superblock s_max_mnt_count:10,/dev/block/bootdevice/by-name/cache
01-17 20:40:03.082     0     0 W EXT4-fs (mmcblk0p53): warning: maximal mount count reached, running e2fsck is recommended
01-17 20:40:03.082     0     0 I EXT4-fs (mmcblk0p53): mounted filesystem with ordered data mode. Opts: barrier=1
01-17 20:40:03.082     0     0 D SELinux : initialized (dev mmcblk0p53, type ext4), uses xattr
01-17 20:40:03.082     0     0 I init    : [libfs_mgr]__mount(source=/dev/block/bootdevice/by-name/cache,target=/cache,type=ext4)=0: Success
01-17 20:40:03.092     0     0 D SELinux : initialized (dev mmcblk0p52, type vfat), uses mountpoint labeling
01-17 20:40:03.092     0     0 I init    : [libfs_mgr]__mount(source=/dev/block/bootdevice/by-name/modem,target=/vendor/firmware_mnt,type=vfat)=0: Success
01-17 20:40:05.819     0     0 I of_batterydata_get_best_profile: smartisan_atl_3500mAh found
01-17 20:40:05.826     0     0 I FG      : fg_batt_profile_init: Battery SOC: 28, V: 3833748uV
01-17 20:40:05.826     0     0 I of_batterydata_get_best_profile: smartisan_atl_3500mAh found
01-17 20:40:23.126     0     0 E init    : [libfs_mgr]Skipping '/dev/block/bootdevice/by-name/bluetooth' during mount_all
01-17 20:40:23.167     0     0 I random  : nonblocking pool is initialized
01-17 20:40:23.167     0     0 I init    : [libfs_mgr]superblock s_max_mnt_count:65535,/dev/block/bootdevice/by-name/dsp
01-17 20:40:23.173     0     0 I EXT4-fs (mmcblk0p13): mounted filesystem with ordered data mode. Opts: barrier=1
01-17 20:40:23.173     0     0 D SELinux : initialized (dev mmcblk0p13, type ext4), uses xattr
01-17 20:40:23.173     0     0 I SELinux : Context u:object_r:adsprpcd_file:s0 is not valid (left unmapped).
01-17 20:40:23.173     0     0 I init    : [libfs_mgr]__mount(source=/dev/block/bootdevice/by-name/dsp,target=/vendor/dsp,type=ext4)=0: Success
01-17 20:40:23.173     0     0 I init    : [libfs_mgr]superblock s_max_mnt_count:10,/dev/block/bootdevice/by-name/persist
01-17 20:40:23.174     0     0 I init    : [libfs_mgr]check_fs(): mount(/dev/block/bootdevice/by-name/persist,/mnt/vendor/persist,ext4)=-1: No such file or directory
01-17 20:40:23.174     0     0 I init    : [libfs_mgr]Running /system/bin/e2fsck on /dev/block/bootdevice/by-name/persist
01-17 20:40:23.199   436   436 I auditd  : type=1400 audit(0.0:11): avc: denied { read } for comm="e2fsck" name="mmcblk0p24" dev="tmpfs" ino=1318 scontext=u:r:fsck:s0 tcontext=u:object_r:block_device:s0 tclass=blk_file permissive=1
01-17 20:40:23.199   436   436 I e2fsck  : type=1400 audit(0.0:11): avc: denied { read } for name="mmcblk0p24" dev="tmpfs" ino=1318 scontext=u:r:fsck:s0 tcontext=u:object_r:block_device:s0 tclass=blk_file permissive=1
01-17 20:40:23.199   436   436 I auditd  : type=1400 audit(0.0:12): avc: denied { open } for comm="e2fsck" path="/dev/block/mmcblk0p24" dev="tmpfs" ino=1318 scontext=u:r:fsck:s0 tcontext=u:object_r:block_device:s0 tclass=blk_file permissive=1
01-17 20:40:23.199   436   436 I e2fsck  : type=1400 audit(0.0:12): avc: denied { open } for path="/dev/block/mmcblk0p24" dev="tmpfs" ino=1318 scontext=u:r:fsck:s0 tcontext=u:object_r:block_device:s0 tclass=blk_file permissive=1
01-17 20:40:23.199   436   436 I auditd  : type=1400 audit(0.0:13): avc: denied { write } for comm="e2fsck" name="mmcblk0p24" dev="tmpfs" ino=1318 scontext=u:r:fsck:s0 tcontext=u:object_r:block_device:s0 tclass=blk_file permissive=1
01-17 20:40:23.199   436   436 I e2fsck  : type=1400 audit(0.0:13): avc: denied { write } for name="mmcblk0p24" dev="tmpfs" ino=1318 scontext=u:r:fsck:s0 tcontext=u:object_r:block_device:s0 tclass=blk_file permissive=1
01-17 20:40:23.199   436   436 I auditd  : type=1400 audit(0.0:14): avc: denied { ioctl } for comm="e2fsck" path="/dev/block/mmcblk0p24" dev="tmpfs" ino=1318 ioctlcmd=127c scontext=u:r:fsck:s0 tcontext=u:object_r:block_device:s0 tclass=blk_file permissive=1
01-17 20:40:23.199   436   436 I e2fsck  : type=1400 audit(0.0:14): avc: denied { ioctl } for path="/dev/block/mmcblk0p24" dev="tmpfs" ino=1318 ioctlcmd=127c scontext=u:r:fsck:s0 tcontext=u:object_r:block_device:s0 tclass=blk_file permissive=1
01-17 20:40:23.229   428   428 I auditd  : type=1400 audit(0.0:15): avc: denied { mounton } for comm="init" path="/mnt/vendor/persist" dev="tmpfs" ino=5518 scontext=u:r:init:s0 tcontext=u:object_r:mnt_vendor_file:s0 tclass=dir permissive=1
01-17 20:40:23.229   428   428 I init    : type=1400 audit(0.0:15): avc: denied { mounton } for path="/mnt/vendor/persist" dev="tmpfs" ino=5518 scontext=u:r:init:s0 tcontext=u:object_r:mnt_vendor_file:s0 tclass=dir permissive=1
01-17 20:40:23.239     1     1 I auditd  : type=1400 audit(0.0:16): avc: denied { read } for comm="init" name="version_id" dev="sysfs" ino=33947 scontext=u:r:init:s0 tcontext=u:object_r:sysfs:s0 tclass=file permissive=1
01-17 20:40:23.239     1     1 I init    : type=1400 audit(0.0:16): avc: denied { read } for name="version_id" dev="sysfs" ino=33947 scontext=u:r:init:s0 tcontext=u:object_r:sysfs:s0 tclass=file permissive=1
01-17 20:40:23.239     1     1 I auditd  : type=1400 audit(0.0:17): avc: denied { open } for comm="init" path="/sys/hwinfo/version_id" dev="sysfs" ino=33947 scontext=u:r:init:s0 tcontext=u:object_r:sysfs:s0 tclass=file permissive=1
01-17 20:40:23.239     1     1 I init    : type=1400 audit(0.0:17): avc: denied { open } for path="/sys/hwinfo/version_id" dev="sysfs" ino=33947 scontext=u:r:init:s0 tcontext=u:object_r:sysfs:s0 tclass=file permissive=1
01-17 20:40:23.242     0     0 I e2fsck  : e2fsck 1.43.3 (04-Sep-2016)
01-17 20:40:23.242     0     0 I e2fsck  : Pass 1: Checking inodes, blocks, and sizes
01-17 20:40:23.242     0     0 I e2fsck  : Pass 2: Checking directory structure
01-17 20:40:23.242     0     0 I e2fsck  : Pass 3: Checking directory connectivity
01-17 20:40:23.242     0     0 I e2fsck  : Pass 4: Checking reference counts
01-17 20:40:23.242     0     0 I e2fsck  : Pass 5: Checking group summary information
01-17 20:40:23.242     0     0 I e2fsck  : /dev/block/bootdevice/by-name/persist: 114/2048 files (4.4% non-contiguous), 1365/8192 blocks
01-17 20:40:23.246     0     0 I EXT4-fs (mmcblk0p24): mounted filesystem with ordered data mode. Opts: barrier=1
01-17 20:40:23.246     0     0 D SELinux : initialized (dev mmcblk0p24, type ext4), uses xattr
01-17 20:40:23.246     0     0 I init    : [libfs_mgr]__mount(source=/dev/block/bootdevice/by-name/persist,target=/mnt/vendor/persist,type=ext4)=0: Success
01-17 20:40:23.247     0     0 I init    : Parsing file /product/etc/init...
01-17 20:40:23.247     0     0 E init    : Unable to read config file '/product/etc/init': open() failed: No such file or directory
01-17 20:40:23.247     0     0 I init    : Parsing file /odm/etc/init...
01-17 20:40:23.247     0     0 E init    : Unable to read config file '/odm/etc/init': open() failed: No such file or directory
01-17 20:40:23.247     0     0 I init    : Command 'mount_all /vendor/etc/fstab.qcom' action=fs (/vendor/etc/init/hw/init.target.rc:42) took 20187ms and succeeded
01-17 20:40:23.252     0     0 I init    : wait for '/dev/block/bootdevice/by-name/oem' took 0ms
01-17 20:40:23.253     0     0 E EXT4-fs (mmcblk0p30): VFS: Can't find ext4 filesystem
01-17 20:40:23.253     0     0 I init    : Command 'mount ext4 /dev/block/bootdevice/by-name/oem /oem ro nosuid nodev barrier=1' action=fs (/vendor/etc/init/hw/init.target.rc:62) took 0ms and failed: mount() failed: Invalid argument
01-17 20:40:23.253     0     0 I init    : processing action (fs) from (/system/etc/init/logd.rc:18)
01-17 20:40:23.254     0     0 I init    : processing action (fs) from (/system/etc/init/wifi-events.rc:17)
01-17 20:40:23.254     0     0 I init    : processing action (post-fs) from (/init.rc:311)
01-17 20:40:23.256     0     0 E init    : Unable to set property 'ro.cutoff_voltage_mv' to '3400' in property file '/system/build.prop': Read-only property was already set
01-17 20:40:23.256     0     0 E init    : Unable to set property 'ro.af.client_heap_size_kbyte' to '7168' in property file '/system/build.prop': Read-only property was already set
01-17 20:40:23.257     0     0 W init    : Couldn't load property file '/odm/build.prop': open() failed: No such file or directory: No such file or directory
01-17 20:40:23.258     0     0 W init    : Couldn't load property file '/factory/factory.prop': open() failed: No such file or directory: No such file or directory
01-17 20:40:23.258     0     0 I init    : Loading vendor specific properties
01-17 20:40:23.258     0     0 I         : hwinfo sys node version_id
01-17 20:40:23.258     0     0 E init    : /recovery not specified in fstab
01-17 20:40:23.259   444   444 I auditd  : type=1400 audit(0.0:18): avc: denied { execute_no_trans } for comm="init" path="/system/vendor/bin/qseecomd" dev="mmcblk0p54" ino=2886 scontext=u:r:init:s0 tcontext=u:object_r:vendor_file:s0 tclass=file permissive=1
01-17 20:40:23.259   444   444 I init    : type=1400 audit(0.0:18): avc: denied { execute_no_trans } for path="/system/vendor/bin/qseecomd" dev="mmcblk0p54" ino=2886 scontext=u:r:init:s0 tcontext=u:object_r:vendor_file:s0 tclass=file permissive=1
01-17 20:40:23.259   411   411 I auditd  : type=1400 audit(0.0:19): avc: denied { write } for comm="init" name="ipa" dev="tmpfs" ino=15488 scontext=u:r:vendor_init:s0 tcontext=u:object_r:device:s0 tclass=chr_file permissive=1
01-17 20:40:23.259   411   411 I init    : type=1400 audit(0.0:19): avc: denied { write } for name="ipa" dev="tmpfs" ino=15488 scontext=u:r:vendor_init:s0 tcontext=u:object_r:device:s0 tclass=chr_file permissive=1
01-17 20:40:23.259   411   411 I auditd  : type=1400 audit(0.0:20): avc: denied { open } for comm="init" path="/dev/ipa" dev="tmpfs" ino=15488 scontext=u:r:vendor_init:s0 tcontext=u:object_r:device:s0 tclass=chr_file permissive=1
01-17 20:40:23.259   411   411 I init    : type=1400 audit(0.0:20): avc: denied { open } for path="/dev/ipa" dev="tmpfs" ino=15488 scontext=u:r:vendor_init:s0 tcontext=u:object_r:device:s0 tclass=chr_file permissive=1
01-17 20:40:23.259     0     0 I init    : starting service 'logd'...
01-17 20:40:23.260     0     0 I init    : Created socket '/dev/socket/logd', mode 666, user 1036, group 1036
01-17 20:40:23.260     0     0 I init    : Created socket '/dev/socket/logdr', mode 666, user 1036, group 1036
01-17 20:40:23.261     0     0 I init    : starting service 'servicemanager'...
01-17 20:40:23.261     0     0 I init    : Created socket '/dev/socket/logdw', mode 222, user 1036, group 1036
01-17 20:40:23.261     0     0 I init    : Opened file '/proc/kmsg', flags 0
01-17 20:40:23.261     0     0 I init    : Opened file '/dev/kmsg', flags 1
01-17 20:40:23.262     0     0 I init    : starting service 'hwservicemanager'...
01-17 20:40:23.262     0     0 I init    : starting service 'vndservicemanager'...
01-17 20:40:23.265     0     0 I selinux : SELinux: Skipping restorecon_recursive(/cache)
01-17 20:40:23.271     0     0 E selinux : SELinux:  Could not stat /metadata: No such file or directory.
01-17 20:40:23.271     0     0 I init    : processing action (post-fs) from (/vendor/etc/init/hw/init.qcom.rc:57)
01-17 20:40:23.271     0     0 I init    : processing action (post-fs) from (/vendor/etc/init/hw/init.target.rc:64)
01-17 20:40:23.272     0     0 E init    : File /vendor/bin/qseecomd(labeled "u:object_r:vendor_file:s0") has incorrect label or no domain transition from u:r:init:s0 to another SELinux domain defined. Have you configured your service correctly? https://source.android.com/security/selinux/device-policy#label_new_services_and_address_denials
01-17 20:40:23.272     0     0 I init    : starting service 'vendor.qseecomd'...
01-17 20:40:23.273     0     0 I init    : Command 'write /dev/ipa 1' action=post-fs (/vendor/etc/init/hw/init.target.rc:67) took 0ms and failed: Unable to write to file '/dev/ipa': Unable to write file contents: Invalid argument
01-17 20:40:23.273     0     0 I init    : processing action (post-fs) from (/vendor/etc/init/hw/init.target.rc:69)
01-17 20:40:23.273     0     0 I init    : processing action (post-fs) from (/system/etc/init/atrace_userdebug.rc:7)
01-17 20:40:23.274     0     0 I init    : processing action (late-fs) from (/init.rc:376)
01-17 20:40:23.275     0     0 I init    : starting service 'vendor.keymaster-3-0'...
01-17 20:40:23.276     0     0 I init    : processing action (post-fs-data) from (/init.rc:384)
01-17 20:40:23.277     0     0 I init    : starting service 'vold'...
01-17 20:40:23.375     0     0 I init    : Command 'mkdir /data/bootchart 0755 shell shell' action=post-fs-data (/init.rc:397) took 97ms and succeeded
01-17 20:40:23.393     0     0 I logd.auditd: start
01-17 20:40:23.399   452   452 I auditd  : type=1400 audit(0.0:22): avc: denied { read write } for comm="qseecomd" name="qseecom" dev="tmpfs" ino=14525 scontext=u:r:init:s0 tcontext=u:object_r:device:s0 tclass=chr_file permissive=1
01-17 20:40:23.399   452   452 I qseecomd: type=1400 audit(0.0:22): avc: denied { read write } for name="qseecom" dev="tmpfs" ino=14525 scontext=u:r:init:s0 tcontext=u:object_r:device:s0 tclass=chr_file permissive=1
01-17 20:40:23.399   452   452 I auditd  : type=1400 audit(0.0:23): avc: denied { open } for comm="qseecomd" path="/dev/qseecom" dev="tmpfs" ino=14525 scontext=u:r:init:s0 tcontext=u:object_r:device:s0 tclass=chr_file permissive=1
01-17 20:40:23.399   452   452 I qseecomd: type=1400 audit(0.0:23): avc: denied { open } for path="/dev/qseecom" dev="tmpfs" ino=14525 scontext=u:r:init:s0 tcontext=u:object_r:device:s0 tclass=chr_file permissive=1
01-17 20:40:23.399   452   452 I auditd  : type=1400 audit(0.0:24): avc: denied { ioctl } for comm="qseecomd" path="/dev/qseecom" dev="tmpfs" ino=14525 ioctlcmd=970a scontext=u:r:init:s0 tcontext=u:object_r:device:s0 tclass=chr_file permissive=1
01-17 20:40:23.399   452   452 I qseecomd: type=1400 audit(0.0:24): avc: denied { ioctl } for path="/dev/qseecom" dev="tmpfs" ino=14525 ioctlcmd=970a scontext=u:r:init:s0 tcontext=u:object_r:device:s0 tclass=chr_file permissive=1
01-17 20:40:23.399   452   452 I auditd  : type=1400 audit(0.0:25): avc: granted { read } for comm="qseecomd" name="ion" dev="tmpfs" ino=15491 scontext=u:r:init:s0 tcontext=u:object_r:ion_device:s0 tclass=chr_file
01-17 20:40:23.399   452   452 W qseecomd: type=1400 audit(0.0:25): avc: granted { read } for name="ion" dev="tmpfs" ino=15491 scontext=u:r:init:s0 tcontext=u:object_r:ion_device:s0 tclass=chr_file
01-17 20:40:23.399   452   452 I auditd  : type=1400 audit(0.0:26): avc: granted { read open } for comm="qseecomd" path="/dev/ion" dev="tmpfs" ino=15491 scontext=u:r:init:s0 tcontext=u:object_r:ion_device:s0 tclass=chr_file
01-17 20:40:23.399   452   452 W qseecomd: type=1400 audit(0.0:26): avc: granted { read open } for path="/dev/ion" dev="tmpfs" ino=15491 scontext=u:r:init:s0 tcontext=u:object_r:ion_device:s0 tclass=chr_file
01-17 20:40:23.399   452   452 I auditd  : type=1400 audit(0.0:27): avc: denied { ioctl } for comm="qseecomd" path="/dev/ion" dev="tmpfs" ino=15491 ioctlcmd=4900 scontext=u:r:init:s0 tcontext=u:object_r:ion_device:s0 tclass=chr_file permissive=1
01-17 20:40:23.399   452   452 I qseecomd: type=1400 audit(0.0:27): avc: denied { ioctl } for path="/dev/ion" dev="tmpfs" ino=15491 ioctlcmd=4900 scontext=u:r:init:s0 tcontext=u:object_r:ion_device:s0 tclass=chr_file permissive=1
01-17 20:40:23.399   452   452 I auditd  : type=1400 audit(0.0:28): avc: granted { read } for comm="qseecomd" name="ion" dev="tmpfs" ino=15491 scontext=u:r:init:s0 tcontext=u:object_r:ion_device:s0 tclass=chr_file
01-17 20:40:23.399   452   452 W qseecomd: type=1400 audit(0.0:28): avc: granted { read } for name="ion" dev="tmpfs" ino=15491 scontext=u:r:init:s0 tcontext=u:object_r:ion_device:s0 tclass=chr_file
01-17 20:40:23.399   452   452 I auditd  : type=1400 audit(0.0:29): avc: granted { read open } for comm="qseecomd" path="/dev/ion" dev="tmpfs" ino=15491 scontext=u:r:init:s0 tcontext=u:object_r:ion_device:s0 tclass=chr_file
01-17 20:40:23.399   452   452 W qseecomd: type=1400 audit(0.0:29): avc: granted { read open } for path="/dev/ion" dev="tmpfs" ino=15491 scontext=u:r:init:s0 tcontext=u:object_r:ion_device:s0 tclass=chr_file
01-17 20:40:23.399   452   452 I auditd  : type=1400 audit(0.0:30): avc: denied { read } for comm="qseecomd" name="vndbinder" dev="tmpfs" ino=6989 scontext=u:r:init:s0 tcontext=u:object_r:vndbinder_device:s0 tclass=chr_file permissive=1
01-17 20:40:23.399   452   452 I qseecomd: type=1400 audit(0.0:30): avc: denied { read } for name="vndbinder" dev="tmpfs" ino=6989 scontext=u:r:init:s0 tcontext=u:object_r:vndbinder_device:s0 tclass=chr_file permissive=1
01-17 20:40:23.413     0     0 E scm_call failed: func id 0x72000206, ret: -1, syscall returns: 0x0, 0x0, 0x0
01-17 20:40:23.430   446   446 D vold    : VoldNativeService::start() completed OK
01-17 20:40:23.430     0     0 I chatty  : uid=0(root) logd identical 6 lines
01-17 20:40:23.430   452   459 I QISL    : QSEE Interrupt Service Listener was activated successfully
01-17 20:40:23.430   452   452 D QSEECOMD: : Init qisl_start ret = 0
01-17 20:40:23.430   452   452 D QSEECOMD: : interrupt services: Started (Listener ID = 36864)
01-17 20:40:23.430   452   452 E QSEECOMD: : Listener: index = 7, hierarchy = 1
01-17 20:40:23.430   452   452 E QSEECOMD: : Init dlopen(libspl.so, RLTD_NOW) is failed.... dlopen failed: library "libspl.so" not found
01-17 20:40:23.430   452   452 E QSEECOMD: : Listener: index = 8, hierarchy = 1
01-17 20:40:23.433   452   452 D QSEECOMD: : Init dlopen(libGPreqcancel.so, RTLD_NOW) succeeds
01-17 20:40:23.433   452   452 D QSEECOMD: : Init::Init dlsym(g_FSHandle gp_reqcancel_start) succeeds
01-17 20:40:23.433   452   452 D QSEECOMAPI: QSEECom_register_listener 4352 sb_length = 0x5000
01-17 20:40:23.434     0     0 E scm_call failed: func id 0x72000206, ret: -1, syscall returns: 0x0, 0x0, 0x0
01-17 20:40:23.434   452   452 D QSEECOMD: : Init gp_reqcancel_start ret = 0
01-17 20:40:23.434   452   452 D QSEECOMD: : gp request cancellation services: Started (Listener ID = 4352)
01-17 20:40:23.435   452   452 D QSEECOMD: : QSEECOM DAEMON RUNNING 
01-17 20:40:23.437   442   442 I hwservicemanager: hwservicemanager is ready now.
01-17 20:40:23.453     0     0 I init    : starting service 'exec 4 (/system/bin/vdc --wait cryptfs init_user0)'...
01-17 20:40:23.454     0     0 I init    : SVC_EXEC pid 466 (uid 0 gid 0+0 context default) started; waiting...
01-17 20:40:23.457   445   445 D vndksupport: Loading /vendor/lib64/hw/android.hardware.keymaster@3.0-impl.so from current namespace instead of sphal namespace.
01-17 20:40:23.467     0     0 D vdc     : Waited 0ms for vold
01-17 20:40:23.467   446   446 D vold    : e4crypt_init_user0
01-17 20:40:23.467   446   446 D vold    : e4crypt_prepare_user_storage for volume null, user 0, serial 0, flags 1
01-17 20:40:23.468   446   446 D vold    : Preparing: /data/system/users/0
01-17 20:40:23.468   446   446 D vold    : Preparing: /data/misc/profiles/cur/0
01-17 20:40:23.469   446   446 D vold    : Preparing: /data/system_de/0
01-17 20:40:23.469   446   446 D vold    : Preparing: /data/misc_de/0
01-17 20:40:23.470   446   446 D vold    : Preparing: /data/vendor_de/0
01-17 20:40:23.470   446   446 D vold    : Preparing: /data/user_de/0
01-17 20:40:23.471   446   446 V vold    : /system/bin/vold_prepare_subdirs
01-17 20:40:23.471   446   446 V vold    :     prepare
01-17 20:40:23.471   446   446 V vold    :     
01-17 20:40:23.471   446   446 V vold    :     0
01-17 20:40:23.471   446   446 V vold    :     1
01-17 20:40:23.475   445   445 I android.hardware.keymaster@3.0-impl: Fetching keymaster device name default
01-17 20:40:23.476   445   445 D vndksupport: Loading /vendor/lib64/hw/keystore.msm8953.so from current namespace instead of sphal namespace.
01-17 20:40:23.478   445   445 D QSEECOMAPI: QSEECom_get_handle sb_length = 0xa000
01-17 20:40:23.478   445   445 D QSEECOMAPI: App is already loaded QSEE and app id = 4
01-17 20:40:23.482   445   445 E keymaster1_device: Keymaster Initialized
01-17 20:40:23.482   445   445 E keymaster1_device: TA API Major Verion: 1
01-17 20:40:23.482   445   445 E keymaster1_device: TA API Minor Verion: 0
01-17 20:40:23.482   445   445 E keymaster1_device: TA Major Verion: 1
01-17 20:40:23.482   445   445 E keymaster1_device: TA Minor Verion: 10
01-17 20:40:23.482   445   445 E keymaster1_device: set_version_req->flags: 1
01-17 20:40:23.483   445   445 I ServiceManagement: Removing namespace from process name android.hardware.keymaster@3.0-service to keymaster@3.0-service.
01-17 20:40:23.484   445   445 I android.hardware.keymaster@3.0-service: Registration complete for android.hardware.keymaster@3.0::IKeymasterDevice/default.
01-17 20:40:23.486   446   446 I vold_prepare_subdirs: SELinux: Loaded file_contexts
01-17 20:40:23.488   467   467 D vold_prepare_subdirs: Setting up mode 700 uid 0 gid 0 context u:object_r:vold_data_file:s0 on path: /data/misc_de/0/vold
01-17 20:40:23.489   467   467 D vold_prepare_subdirs: Setting up mode 700 uid 0 gid 0 context u:object_r:storaged_data_file:s0 on path: /data/misc_de/0/storaged
01-17 20:40:23.489   467   467 D vold_prepare_subdirs: Setting up mode 700 uid 1000 gid 1000 context u:object_r:fingerprint_vendor_data_file:s0 on path: /data/vendor_de/0/fpdata
01-17 20:40:23.491   446   446 D vold    : e4crypt_unlock_user_key 0 serial=0 token_present=0
01-17 20:40:23.493     0     0 I init    : Service 'exec 4 (/system/bin/vdc --wait cryptfs init_user0)' (pid 466) exited with status 0 waiting took 0.038000 seconds
01-17 20:40:23.494     0     0 I selinux : SELinux: Skipping restorecon_recursive(/data)
01-17 20:40:23.494     0     0 I init    : starting service 'exec 5 (/system/bin/tzdatacheck /system/usr/share/zoneinfo /data/misc/zoneinfo)'...
01-17 20:40:23.495     0     0 I init    : SVC_EXEC pid 469 (uid 1000 gid 1000+0 context default) started; waiting...
01-17 20:40:23.503   469   469 I /system/bin/tzdatacheck: timezone distro dir /data/misc/zoneinfo/current does not exist. No action required.
01-17 20:40:23.503     0     0 I init    : Service 'exec 5 (/system/bin/tzdatacheck /system/usr/share/zoneinfo /data/misc/zoneinfo)' (pid 469) exited with status 0 waiting took 0.008000 seconds
01-17 20:40:23.503     0     0 I init    : processing action (post-fs-data) from (/init.usb.rc:6)
01-17 20:40:23.505     0     0 I init    : processing action (post-fs-data) from (/vendor/etc/init/hw/init.qcom.rc:237)
01-17 20:40:23.517     0     0 I init    : Command 'chown root system /persist' action=post-fs-data (/vendor/etc/init/hw/init.qcom.rc:321) took 0ms and failed: lchown() failed: Read-only file system
01-17 20:40:23.517     0     0 I init    : Command 'chmod 0771 /persist' action=post-fs-data (/vendor/etc/init/hw/init.qcom.rc:322) took 0ms and failed: fchmodat() failed: Read-only file system
01-17 20:40:23.535     0     0 I init    : processing action (post-fs-data) from (/vendor/etc/init/hw/init.target.rc:73)
01-17 20:40:23.538     0     0 I init    : processing action (post-fs-data) from (/vendor/etc/init/hw/init.target.common.rc:1)
01-17 20:40:23.539     0     0 I init    : processing action (post-fs-data) from (/vendor/etc/init/hw/init.target.device.rc:1)
01-17 20:40:23.540     0     0 I init    : processing action (post-fs-data) from (/system/etc/init/bootstat.rc:7)
01-17 20:40:23.541     0     0 I init    : processing action (post-fs-data) from (/system/etc/init/dpmd.rc:7)
01-17 20:40:23.542     0     0 I init    : processing action (post-fs-data) from (/system/etc/init/incidentd.rc:21)
01-17 20:40:23.542     0     0 I init    : processing action (post-fs-data) from (/system/etc/init/logtagd.rc:4)
01-17 20:40:23.543     0     0 I init    : processing action (post-fs-data) from (/system/etc/init/mokee-ssh.rc:1)
01-17 20:40:23.544     0     0 I init    : processing action (post-fs-data) from (/system/etc/init/mokee-system.rc:6)
01-17 20:40:23.545     0     0 I init    : starting service 'sysinit'...
01-17 20:40:23.546     0     0 I init    : processing action (post-fs-data) from (/system/etc/init/mokee-updates.rc:1)
01-17 20:40:23.547     0     0 I init    : processing action (post-fs-data) from (/system/etc/init/statsd.rc:25)
01-17 20:40:23.547     0     0 I init    : processing action (post-fs-data) from (/vendor/etc/init/hostapd.android.rc:9)
01-17 20:40:23.548     0     0 I init    : processing action (ro.crypto.state=unencrypted && zygote-start) from (/init.rc:560)
01-17 20:40:23.548     0     0 I init    : Command 'exec_start update_verifier_nonencrypted' action=ro.crypto.state=unencrypted && zygote-start (/init.rc:562) took 0ms and failed: Service not found
01-17 20:40:23.548     0     0 I init    : starting service 'netd'...
01-17 20:40:23.549     0     0 I init    : starting service 'zygote'...
01-17 20:40:23.549     0     0 I init    : Created socket '/dev/socket/netd', mode 660, user 0, group 1000
01-17 20:40:23.550     0     0 I init    : Created socket '/dev/socket/dnsproxyd', mode 660, user 0, group 3003
01-17 20:40:23.550     0     0 I init    : Created socket '/dev/socket/mdns', mode 660, user 0, group 1000
01-17 20:40:23.550     0     0 I init    : Created socket '/dev/socket/fwmarkd', mode 660, user 0, group 3003
01-17 20:40:23.550     0     0 I init    : starting service 'zygote_secondary'...
01-17 20:40:23.551     0     0 I init    : Created socket '/dev/socket/zygote', mode 660, user 0, group 1000
01-17 20:40:23.551     0     0 I init    : processing action (load_persist_props_action) from (/init.rc:268)
01-17 20:40:23.551     0     0 W init    : Couldn't load property file '/data/local.prop': open() failed: No such file or directory: No such file or directory
01-17 20:40:23.552     0     0 I init    : Created socket '/dev/socket/zygote_secondary', mode 660, user 0, group 1000
01-17 20:40:23.555     0     0 I init    : starting service 'logd-reinit'...
01-17 20:40:23.555     0     0 I init    : processing action (load_persist_props_action) from (/vendor/etc/init/hw/init.qcom.usb.rc:107)
01-17 20:40:23.556     0     0 I init    : processing action (load_persist_props_action) from (/system/etc/init/logcatd.rc:31)
01-17 20:40:23.556     0     0 I init    : processing action (firmware_mounts_complete) from (/init.rc:274)
01-17 20:40:23.556     0     0 I init    : processing action (early-boot) from (/vendor/etc/init/hw/init.qcom.rc:60)
01-17 20:40:23.556     0     0 I adsp-loader soc: qcom,msm-adsp-loader: adsp_loader_do: scheduling work to load ADSP fw
01-17 20:40:23.557     0     0 I sensors-ssc soc: qcom,msm-ssc-sensors: slpi_loader_do: scheduling work to load SLPI fw
01-17 20:40:23.557     0     0 E sensors-ssc soc: qcom,msm-ssc-sensors: slpi_load_fw: pil get failed,
01-17 20:40:23.557     0     0 E sensors-ssc soc: qcom,msm-ssc-sensors: slpi_load_fw: SLPI image loading failed
01-17 20:40:23.557     0     0 I init    : starting service 'exec 6 (/vendor/bin/init.qcom.early_boot.sh)'...
01-17 20:40:23.558     0     0 I init    : SVC_EXEC pid 475 (uid 0 gid 0+0 context u:r:qti_init_shell:s0) started; waiting...
01-17 20:40:23.558     0     0 F init    : cannot setexeccon('u:r:qti_init_shell:s0') for exec 6 (/vendor/bin/init.qcom.early_boot.sh): Invalid argument
01-17 20:40:23.559     0     0 I init    : Service 'exec 6 (/vendor/bin/init.qcom.early_boot.sh)' (pid 475) exited with status 6 waiting took 0.001000 seconds
01-17 20:40:23.564     0     0 I logd.daemon: reinit
01-17 20:40:23.565     0     0 I init    : Service 'logd-reinit' (pid 474) exited with status 0
01-17 20:40:23.565     0     0 I subsys-pil-tz c200000.qcom,lpass: adsp: loading from 0x000000008d600000 to 0x000000008e700000
01-17 20:40:23.581   476   476 I sysinit : Running /system/etc/init.d/00banner
01-17 20:40:23.618   479   479 I mk      :    __  __    ___    _  __  _____   _____  
01-17 20:40:23.621   471   471 I Netd    : Netd 1.0 starting
01-17 20:40:23.629   480   480 I mk      :   |  \/  |  / _ \  | |/ / | ____| | ____| 
01-17 20:40:23.633   471   471 D TetherController: Setting IP forward enable = 0
01-17 20:40:23.641   481   481 I mk      :   | |\/| | | | | | | ' /  |  _|   |  _|   
01-17 20:40:23.652   485   485 I mk      :   | |  | | | |_| | | . \  | |___  | |___  
01-17 20:40:23.663   486   486 I mk      :   |_|  |_|  \___/  |_|\_\ |_____| |_____| 
01-17 20:40:23.673   471   471 I Netd    : Creating child chains: 33.2ms
01-17 20:40:23.673   471   471 I Netd    : Setting up OEM hooks: 0.1ms
01-17 20:40:23.675   487   487 I mk      :                                           
01-17 20:40:23.677   471   471 I Netd    : Setting up FirewallController hooks: 4.3ms
01-17 20:40:23.680   471   471 I Netd    : Setting up TetherController hooks: 2.4ms
01-17 20:40:23.682   471   471 I Netd    : Setting up BandwidthController hooks: 2.1ms
01-17 20:40:23.682   471   471 I Netd    : Setting up IdletimerController hooks: 0.1ms
01-17 20:40:23.682   471   471 I Netd    : initializing traffic control: 0.0ms
01-17 20:40:23.687   471   471 I Netd    : Disabling bandwidth control: 5.5ms
01-17 20:40:23.707   490   490 I mk      : Welcome to Android 9 / MoKee-MK90.0-odin-201901241359-UNOFFICIAL
01-17 20:40:23.720   491   491 I sysinit : Running /system/etc/init.d/90userinit
01-17 20:40:23.792     0     0 I subsys-pil-tz c200000.qcom,lpass: adsp: Brought out of reset
01-17 20:40:23.827     0     0 I subsys-pil-tz c200000.qcom,lpass: adsp: Power/Clock ready interrupt received
01-17 20:40:23.827     0     0 I subsys-pil-tz c200000.qcom,lpass: Subsystem error monitoring/handling services are up
01-17 20:40:23.827     0     0 E L-Notify: Generel: 7
01-17 20:40:23.827     0     0 E diag    : In diag_send_feature_mask_update, control channel is not open, p: 1, 0000000000000000
01-17 20:40:23.837     0     0 I msm8952-asoc-wcd c051000.sound: default codec configured
01-17 20:40:23.840     0     0 E msm8952-asoc-wcd c051000.sound: ASoC: platform (null) not registered
01-17 20:40:23.840     0     0 E msm8952-asoc-wcd c051000.sound: snd_soc_register_card failed (-517)
01-17 20:40:23.847     0     0 I msm8952-asoc-wcd c051000.sound: default codec configured
01-17 20:40:23.899     0     0 I apr_tal : Q6 Is Up
01-17 20:40:23.929     0     0 I sysmon-qmi: sysmon_clnt_svc_arrive: Connection established between QMI handle and adsp's SSCTL service
01-17 20:40:24.004     0     0 I input   : msm8953-snd-card-mtp Headset Jack as /devices/soc/c051000.sound/sound/card0/input5
01-17 20:40:24.005     0     0 I input   : msm8953-snd-card-mtp Button Jack as /devices/soc/c051000.sound/sound/card0/input6
01-17 20:40:24.005     0     0 I keychord: using input dev msm8953-snd-card-mtp Button Jack for fevent
01-17 20:40:24.050   471   471 I Netd    : Initializing RouteController: 362.7ms
01-17 20:40:24.050   471   471 D XfrmController: Sending Netlink XFRM Message: XFRM_MSG_FLUSHSA
01-17 20:40:24.050   471   471 D XfrmController: Sending Netlink XFRM Message: XFRM_MSG_FLUSHPOLICY
01-17 20:40:24.139   471   471 I Netd    : Initializing XfrmController: 88.6ms
01-17 20:40:24.139   471   471 E Netd    : Unable to create netlink socket: Protocol not supported
