01-17 20:40:29.224     0     0 E init    : File /system/bin/dpmd(labeled "u:object_r:system_file:s0") has incorrect label or no domain transition from u:r:init:s0 to another SELinux domain defined. Have you configured your service correctly? https://source.android.com/security/selinux/device-policy#label_new_services_and_address_denials
01-17 20:40:29.224     0     0 I init    : starting service 'dpmd'...
01-17 20:40:29.225     0     0 I init    : starting service 'gatekeeperd'...
01-17 20:40:29.227     0     0 I init    : starting service 'perfprofd'...
01-17 20:40:29.272     0     0 I capability: warning: `loc_launcher' uses 32-bit capabilities (legacy support in use)
01-17 20:40:29.292     0     0 I init    : Created socket '/dev/socket/dpmd', mode 660, user 0, group 1000
01-17 20:40:29.293     0     0 I init    : Created socket '/dev/socket/tcm', mode 660, user 0, group 3003
01-17 20:40:29.293     0     0 I init    : Created socket '/dev/socket/dpmwrapper', mode 660, user 0, group 3003
01-17 20:40:29.310     0     0 I msm_thermal: set_enabled enabled = 0
01-17 20:40:29.311     0     0 I init    : starting service 'tombstoned'...
01-17 20:40:29.312     0     0 I init    : starting service 'usbd'...
01-17 20:40:29.315     0     0 E init    : File /vendor/bin/hw/android.hardware.biometrics.fingerprint@2.0-service.odin(labeled "u:object_r:vendor_file:s0") has incorrect label or no domain transition from u:r:init:s0 to another SELinux domain defined. Have you configured your service correctly? https://source.android.com/security/selinux/device-policy#label_new_services_and_address_denials
01-17 20:40:29.315     0     0 I init    : starting service 'vendor.fps_hal'...
01-17 20:40:29.379     0     0 I android_work: android_work: sent uevent USB_STATE=CONNECTED
01-17 20:40:29.383     0     0 I init    : Created socket '/dev/socket/tombstoned_crash', mode 666, user 1000, group 1000
01-17 20:40:29.384     0     0 I init    : Created socket '/dev/socket/tombstoned_intercept', mode 666, user 1000, group 1000
01-17 20:40:29.385     0     0 I init    : Created socket '/dev/socket/tombstoned_java_trace', mode 666, user 1000, group 1000
01-17 20:40:29.393     0     0 I init    : Command 'class_start late_start' action=nonencrypted (/init.rc:682) took 209ms and succeeded
01-17 20:40:29.447     0     0 I android_usb gadget: high-speed config #1: 86000c8.android_usb
01-17 20:40:29.447     0     0 I diag    : USB channel diag connected
01-17 20:40:29.448     0     0 I msm-dwc3 7000000.ssusb: Avail curr from USB = 500
12-04 05:09:20.384   633   659 E /vendor/bin/adsprpcd: vendor/qcom/proprietary/commonsys-intf/adsprpc/src/apps_std_imp.c:729:Error 45: fopen failed for remote_heap_config.so. (No such file or directory)
12-04 05:09:20.384   626   626 I ThermalEngine: Thermal daemon started
12-04 05:09:20.387   564   564 I FastMixerState: sMaxFastTracks = 8
12-04 05:09:20.389   564   564 V MediaUtils: physMem: 3732209664
12-04 05:09:20.389   564   564 V MediaUtils: requested limit: 536870912
12-04 05:09:20.389   564   564 V MediaUtils: actual limit: 536870912
12-04 05:09:20.389   564   564 V MediaUtils: original limits: 4294967295/4294967295
12-04 05:09:20.389   564   564 V MediaUtils: new limits: 536870912/4294967295
12-04 05:09:20.389   564   564 I audioserver: ServiceManager: 0xf049c100
12-04 05:09:20.390   564   564 W BatteryNotifier: batterystats service unavailable!
12-04 05:09:20.390   625   679 D QC-time-services: Daemon: Time-services: All initializations done
12-04 05:09:20.390   625   679 E QC-time-services: Daemon: Time-services: Waiting to acceptconnection
12-04 05:09:20.390   625   675 D QC-time-services: Daemon:genoff_wlan_qmi_service_request: Initiallizing QMI 
12-04 05:09:20.391   633   659 E /vendor/bin/adsprpcd: vendor/qcom/proprietary/commonsys-intf/adsprpc/src/apps_std_imp.c:729:Error 45: fopen failed for .//lowi//lowi_lp.conf. (No such file or directory)
12-04 05:09:20.391   625   675 E QC-time-services: Daemon:genoff_wlan_qmi_service_request: qmi_client_get_service_list returned -2num_services 0
12-04 05:09:20.391   625   676 D QC-time-services: Daemon:genoff_modem_qmi_service_request: Initiallizing QMI 
12-04 05:09:20.391   442   442 W hwservicemanager: getTransport: Cannot find entry android.hardware.audio@4.0::IDevicesFactory/default in either framework or device manifest.
12-04 05:09:20.392   633   659 E /vendor/bin/adsprpcd: vendor/qcom/proprietary/commonsys-intf/adsprpc/src/apps_std_imp.c:729:Error 45: fopen failed for oemconfig.so. (No such file or directory)
12-04 05:09:20.393   625   676 E QMI_FW  : QMUXD: WARNING qmi_qmux_if_pwr_up_init failed! rc=-6
12-04 05:09:20.397   633   659 E /vendor/bin/adsprpcd: vendor/qcom/proprietary/commonsys-intf/adsprpc/src/apps_std_imp.c:729:Error 45: fopen failed for adsp_avs_config.acdb. (No such file or directory)
12-04 05:09:20.397   442   442 W hwservicemanager: getTransport: Cannot find entry android.hardware.audio@2.0::IDevicesFactory/msd in either framework or device manifest.
12-04 05:09:20.397   633   659 E /vendor/bin/adsprpcd: vendor/qcom/proprietary/commonsys-intf/adsprpc/src/apps_std_imp.c:729:Error 45: fopen failed for testsig-0x7522ac36.so. (No such file or directory)
12-04 05:09:20.398   564   564 D vndksupport: Loading /vendor/lib/hw/android.hardware.audio@2.0-impl.so from current namespace instead of sphal namespace.
12-04 05:09:20.401   631   631 I imsrcsd : Uce Service HAL  is starting up...
12-04 05:09:20.401   631   631 I imsrcsd : Uce Service HAL  loading imsrcsbaseimpl
12-04 05:09:20.401   442   442 W hwservicemanager: getTransport: Cannot find entry android.hardware.audio.effect@4.0::IEffectsFactory/default in either framework or device manifest.
12-04 05:09:20.403   633   659 E /vendor/bin/adsprpcd: vendor/qcom/proprietary/commonsys-intf/adsprpc/src/apps_std_imp.c:729:Error 45: fopen failed for testsig.so. (No such file or directory)
12-04 05:09:20.413   626   626 I ThermalEngine: dump rename fail
12-04 05:09:20.413   626   626 I ThermalEngine: dump chmod fail
12-04 05:09:20.413   626   626 I ThermalEngine: dump chown fail
12-04 05:09:20.414   626   626 I ThermalEngine: last dump chmod fail
12-04 05:09:20.414   626   626 I ThermalEngine: last dump chown fail
12-04 05:09:20.414   626   626 I ThermalEngine: dump fail
12-04 05:09:20.414   442   442 W hwservicemanager: getTransport: Cannot find entry android.hardware.audio.effect@4.0::IEffectsFactory/default in either framework or device manifest.
12-04 05:09:20.414   626   626 I ThermalEngine: parse_map_and_select_config end
12-04 05:09:20.414   626   626 I ThermalEngine: No target config file, falling back to 'system/vendor/etc/thermal-engine.conf'
12-04 05:09:20.414   626   626 I ThermalEngine: decrypt_thermal_config end
12-04 05:09:20.414   626   626 I ThermalEngine: devices_manager_init: Init
12-04 05:09:20.414   626   626 I ThermalEngine: Number of gpus :1
12-04 05:09:20.414   626   626 I Thermal-IOCTL: KTM IOCTL interface "/dev/msm_thermal_query" opened
12-04 05:09:20.414   626   626 E ThermalEngine: update_cpu_topology: Cluster Info[0]. Cluster Id: 0 cpu_bits:0xf sync:1
12-04 05:09:20.414   626   626 E ThermalEngine: update_cpu_topology: Cluster Info[1]. Cluster Id: 1 cpu_bits:0xf0 sync:1
12-04 05:09:20.415   564   564 I AudioFlinger: Using default 3000 mSec as standby time.
12-04 05:09:20.415   626   626 I ThermalEngine: vdd_rstr_init: Init KTM VDD RSTR enabled: 0
12-04 05:09:20.420   564   564 E APM::Serializer: deserialize: Could not parse /odm/etc/audio_policy_configuration.xml document.
12-04 05:09:20.421   564   564 E APM::Serializer: deserialize: Could not parse /vendor/etc/audio/audio_policy_configuration.xml document.
12-04 05:09:20.422   626   626 I ThermalEngine: cpr_band_init: Could not read /sys/module/msm_thermal/cpr_band/curr_cpr_band
12-04 05:09:20.422   626   626 I ThermalEngine: sensors_manager_init: Init
12-04 05:09:20.423   618   618 D vndksupport: Loading /vendor/lib64/hw/gxfingerprint.default.so from current namespace instead of sphal namespace.
12-04 05:09:20.431   626   694 E QMI_FW  : QMUXD: WARNING qmi_qmux_if_pwr_up_init failed! rc=-6
12-04 05:09:20.439   626   698 I ThermalEngine: qmi: Instance id 157 for fusion TS
12-04 05:09:20.445   643   643 I installd: installd firing up
12-04 05:09:20.449   618   618 D FingerGoodix: gxFingerPrint open succuss!
12-04 05:09:20.450   547   547 I android.hardware.wifi@1.0-service: Wifi Hal is booting up...
12-04 05:09:20.450   547   547 I ServiceManagement: Removing namespace from process name android.hardware.wifi@1.0-service to wifi@1.0-service.
12-04 05:09:20.455   626   626 E ThermalEngine: Unable to change to /sys/devices/soc.0/
12-04 05:09:20.455   626   626 E ThermalEngine: bcl_setup: Unexpected node error
12-04 05:09:20.455   626   626 E ThermalEngine: add_tgt_sensor: bcl sensor setup failed failed.
12-04 05:09:20.455   626   626 E ThermalEngine: add_tgt_sensors_set: Error adding bcl
12-04 05:09:20.455   626   626 E ThermalEngine: sensors_init: Error adding BCL TS
12-04 05:09:20.455   626   626 I ThermalEngine: init_thermal_settings_trim end
12-04 05:09:20.457   617   617 I ServiceManager: Waiting for service 'vendor.qcom.PeripheralManager' on '/dev/vndbinder'...
12-04 05:09:20.471   646   646 I mediaserver: ServiceManager: 0x7a4003d480
12-04 05:09:20.472   528   684 D vndksupport: Loading /vendor/lib/hw/audio.primary.msm8953.so from current namespace instead of sphal namespace.
12-04 05:09:20.488   633   659 E /vendor/bin/adsprpcd: vendor/qcom/proprietary/commonsys-intf/adsprpc/src/apps_std_imp.c:729:Error 45: fopen failed for custom_sm_ecns_1.so.1. (No such file or directory)
12-04 05:09:20.488   633   659 E /vendor/bin/adsprpcd: vendor/qcom/proprietary/commonsys-intf/adsprpc/src/apps_std_imp.c:729:Error 45: fopen failed for custom_sm_ecns_2.so.1. (No such file or directory)
12-04 05:09:20.489   633   659 E /vendor/bin/adsprpcd: vendor/qcom/proprietary/commonsys-intf/adsprpc/src/apps_std_imp.c:729:Error 45: fopen failed for custom_dm_ecns_1.so.1. (No such file or directory)
12-04 05:09:20.489   633   659 E /vendor/bin/adsprpcd: vendor/qcom/proprietary/commonsys-intf/adsprpc/src/apps_std_imp.c:729:Error 45: fopen failed for custom_dm_ecns_2.so.1. (No such file or directory)
12-04 05:09:20.490   633   659 E /vendor/bin/adsprpcd: vendor/qcom/proprietary/commonsys-intf/adsprpc/src/apps_std_imp.c:729:Error 45: fopen failed for custom_qm_ecns_1.so.1. (No such file or directory)
12-04 05:09:20.491   633   659 E /vendor/bin/adsprpcd: vendor/qcom/proprietary/commonsys-intf/adsprpc/src/apps_std_imp.c:729:Error 45: fopen failed for custom_qm_ecns_2.so.1. (No such file or directory)
12-04 05:09:20.493   633   659 E /vendor/bin/adsprpcd: vendor/qcom/proprietary/commonsys-intf/adsprpc/src/apps_std_imp.c:729:Error 45: fopen failed for voiceproc_tx.so. (No such file or directory)
12-04 05:09:20.494   633   659 E /vendor/bin/adsprpcd: vendor/qcom/proprietary/commonsys-intf/adsprpc/src/apps_std_imp.c:729:Error 45: fopen failed for voiceproc_rx.so. (No such file or directory)
12-04 05:09:20.497   626   626 I ThermalEngine: Loading config file for virtual sensor
12-04 05:09:20.497   626   626 I ThermalEngine: Loading configuration file system/vendor/etc/thermal-engine.conf
12-04 05:09:20.498   528   684 D audio_hw_primary: adev_open: enter
12-04 05:09:20.500   528   684 D audio_hw_utils: audio_extn_utils_open_snd_mixer: snd_card_name: msm8953-snd-card-mtp
12-04 05:09:20.500   528   684 D audio_hw_utils: audio_extn_utils_open_snd_mixer: Opened sound card:0
12-04 05:09:20.500   528   684 D msm8916_platform: platform_init: Opened sound card:0
12-04 05:09:20.500   528   684 D msm8916_platform: platform_init: snd_card_name: msm8953-snd-card-mtp
12-04 05:09:20.500   528   684 D msm8916_platform: platform_init: mixer path file is /vendor/etc/mixer_paths_mtp.xml
12-04 05:09:20.504   442   442 W hwservicemanager: getTransport: Cannot find entry android.hardware.keymaster@4.0::IKeymasterDevice/default in either framework or device manifest.
12-04 05:09:20.507   645   645 I keystore: found android.hardware.keymaster@3.0::IKeymasterDevice with interface name default and seclevel TRUSTED_ENVIRONMENT
12-04 05:09:20.510   538   538 I SDM     : HWCDisplay::SetFrameBufferResolution: New framebuffer resolution (1080x1920)
12-04 05:09:20.511   538   538 I SDM     : HWCColorManager::CreateColorManager: Successfully loaded libsdm-disp-vndapis.so
12-04 05:09:20.511   626   626 I ThermalEngine: Parsing section global
12-04 05:09:20.512   626   626 I ThermalEngine: [VIRTUAL-CPUS]
12-04 05:09:20.512   626   626 I ThermalEngine: #algo_type virtual
12-04 05:09:20.512   626   626 I ThermalEngine: trip_sensor tsens_tz_sensor9
12-04 05:09:20.512   626   626 I ThermalEngine: set_point 75000
12-04 05:09:20.512   626   626 I ThermalEngine: set_point_clr 65000
12-04 05:09:20.512   626   626 I ThermalEngine: sensors tsens_tz_sensor9 tsens_tz_sensor10 tsens_tz_sensor11 tsens_tz_sensor12 tsens_tz_sensor13 tsens_tz_sensor4 tsens_tz_sensor5 tsens_tz_sensor6 tsens_tz_sensor7 tsens_tz_sensor8
12-04 05:09:20.512   626   626 I ThermalEngine: weights
12-04 05:09:20.512   626   626 I ThermalEngine: sampling 50
12-04 05:09:20.512   626   626 I ThermalEngine: math 2
12-04 05:09:20.512   626   626 I ThermalEngine: Loading configuration file system/vendor/etc/thermal-engine.conf
12-04 05:09:20.512   626   626 I ThermalEngine: Parsing section global
12-04 05:09:20.512   626   626 I ThermalEngine: Found section 'MODEM_PA_MITIGATION'
12-04 05:09:20.512   626   626 I ThermalEngine: Algo Type 'monitor'
12-04 05:09:20.512   626   626 I ThermalEngine: Parsing section MODEM_PA_MITIGATION
12-04 05:09:20.512   626   626 I ThermalEngine: Found field 'sampling'
12-04 05:09:20.512   626   626 I ThermalEngine: Found field 'sensor'
12-04 05:09:20.512   626   626 E ThermalEngine: Error with field 'sensor'
12-04 05:09:20.512   626   626 I ThermalEngine: Found section 'MODEM_PROC_TEMP_MITIGATION'
12-04 05:09:20.512   626   626 I ThermalEngine: Algo Type 'monitor'
12-04 05:09:20.512   626   626 I ThermalEngine: Parsing section MODEM_PROC_TEMP_MITIGATION
12-04 05:09:20.512   626   626 I ThermalEngine: Found field 'sampling'
12-04 05:09:20.512   626   626 I ThermalEngine: Found field 'sensor'
12-04 05:09:20.512   626   626 E ThermalEngine: Error with field 'sensor'
12-04 05:09:20.513   626   626 I ThermalEngine: Found section 'SS-CASE-THERM'
12-04 05:09:20.513   626   626 I ThermalEngine: Algo Type 'ss'
12-04 05:09:20.513   626   626 I ThermalEngine: Parsing section SS-CASE-THERM
12-04 05:09:20.513   626   626 I ThermalEngine: Found field 'sampling'
12-04 05:09:20.513   626   626 I ThermalEngine: Found field 'sensor'
12-04 05:09:20.513   626   626 E ThermalEngine: Error with field 'sensor'
12-04 05:09:20.513   626   626 I ThermalEngine: Created section 'SS-CASE-THERM-1'
12-04 05:09:20.513   626   626 I ThermalEngine: Algo Type 'ss'
12-04 05:09:20.513   626   626 I ThermalEngine: Parsing section SS-CASE-THERM-1
12-04 05:09:20.513   626   626 I ThermalEngine: Found field 'sampling'
12-04 05:09:20.513   626   626 I ThermalEngine: Found field 'sensor'
12-04 05:09:20.513   626   626 E ThermalEngine: Error with field 'sensor'
12-04 05:09:20.513   626   626 E ThermalEngine: Invalid input for section SS-CASE-THERM-1
12-04 05:09:20.513   626   626 I ThermalEngine: [BATTERY_CHARGING_CTL]
12-04 05:09:20.513   626   626 I ThermalEngine: #algo_type monitor
12-04 05:09:20.513   626   626 I ThermalEngine: sampling 10000
12-04 05:09:20.513   626   626 I ThermalEngine: sensor case_therm
12-04 05:09:20.513   626   626 I ThermalEngine: thresholds 38000 40000 43000 48000
12-04 05:09:20.513   626   626 I ThermalEngine: thresholds_clr 35000 38000 40000 43000
12-04 05:09:20.513   626   626 I ThermalEngine: actions battery battery battery battery
12-04 05:09:20.513   626   626 I ThermalEngine: action_info 2 3 4 5
12-04 05:09:20.513   626   626 I ThermalEngine: [VDD_RSTR_MONITOR-TSENS15]
12-04 05:09:20.513   626   626 I ThermalEngine: #algo_type monitor
12-04 05:09:20.513   626   626 I ThermalEngine: sampling 1000
12-04 05:09:20.513   626   626 I ThermalEngine: sensor tsens_tz_sensor15
12-04 05:09:20.513   626   626 I ThermalEngine: thresholds 5000
12-04 05:09:20.513   626   626 I ThermalEngine: thresholds_clr 10000
12-04 05:09:20.513   626   626 I ThermalEngine: actions vdd_restriction
12-04 05:09:20.513   626   626 I ThermalEngine: action_info 1
12-04 05:09:20.513   626   626 I ThermalEngine: descending
12-04 05:09:20.513   626   626 I ThermalEngine: [VDD_RSTR_MONITOR-TSENS14]
12-04 05:09:20.513   626   626 I ThermalEngine: #algo_type monitor
12-04 05:09:20.513   626   626 I ThermalEngine: sampling 1000
12-04 05:09:20.513   626   626 I ThermalEngine: sensor tsens_tz_sensor14
12-04 05:09:20.513   626   626 I ThermalEngine: thresholds 5000
12-04 05:09:20.513   626   626 I ThermalEngine: thresholds_clr 10000
12-04 05:09:20.513   626   626 I ThermalEngine: actions vdd_restriction
12-04 05:09:20.513   626   626 I ThermalEngine: action_info 1
12-04 05:09:20.513   626   626 I ThermalEngine: descending
12-04 05:09:20.513   626   626 I ThermalEngine: [VDD_RSTR_MONITOR-TSENS13]
12-04 05:09:20.513   626   626 I ThermalEngine: #algo_type monitor
12-04 05:09:20.513   626   626 I ThermalEngine: sampling 1000
12-04 05:09:20.513   626   626 I ThermalEngine: sensor tsens_tz_sensor13
12-04 05:09:20.513   626   626 I ThermalEngine: thresholds 5000
12-04 05:09:20.513   626   626 I ThermalEngine: thresholds_clr 10000
12-04 05:09:20.513   626   626 I ThermalEngine: actions vdd_restriction
12-04 05:09:20.513   626   626 I ThermalEngine: action_info 1
12-04 05:09:20.513   626   626 I ThermalEngine: descending
12-04 05:09:20.513   626   626 I ThermalEngine: [VDD_RSTR_MONITOR-TSENS12]
12-04 05:09:20.513   626   626 I ThermalEngine: #algo_type monitor
12-04 05:09:20.513   626   626 I ThermalEngine: sampling 1000
12-04 05:09:20.513   626   626 I ThermalEngine: sensor tsens_tz_sensor12
12-04 05:09:20.513   626   626 I ThermalEngine: thresholds 5000
12-04 05:09:20.513   626   626 I ThermalEngine: thresholds_clr 10000
12-04 05:09:20.513   626   626 I ThermalEngine: actions vdd_restriction
12-04 05:09:20.513   626   626 I ThermalEngine: action_info 1
12-04 05:09:20.513   626   626 I ThermalEngine: descending
12-04 05:09:20.513   626   626 I ThermalEngine: [VDD_RSTR_MONITOR-TSENS11]
12-04 05:09:20.513   626   626 I ThermalEngine: #algo_type monitor
12-04 05:09:20.513   626   626 I ThermalEngine: sampling 1000
12-04 05:09:20.513   626   626 I ThermalEngine: sensor tsens_tz_sensor11
12-04 05:09:20.513   626   626 I ThermalEngine: thresholds 5000
12-04 05:09:20.513   626   626 I ThermalEngine: thresholds_clr 10000
12-04 05:09:20.513   626   626 I ThermalEngine: actions vdd_restriction
12-04 05:09:20.513   626   626 I ThermalEngine: action_info 1
12-04 05:09:20.513   626   626 I ThermalEngine: descending
12-04 05:09:20.513   626   626 I ThermalEngine: [VDD_RSTR_MONITOR-TSENS10]
12-04 05:09:20.513   626   626 I ThermalEngine: #algo_type monitor
12-04 05:09:20.513   626   626 I ThermalEngine: sampling 1000
12-04 05:09:20.513   626   626 I ThermalEngine: sensor tsens_tz_sensor10
12-04 05:09:20.513   626   626 I ThermalEngine: thresholds 5000
12-04 05:09:20.513   626   626 I ThermalEngine: thresholds_clr 10000
12-04 05:09:20.513   626   626 I ThermalEngine: actions vdd_restriction
12-04 05:09:20.513   626   626 I ThermalEngine: action_info 1
12-04 05:09:20.513   626   626 I ThermalEngine: descending
12-04 05:09:20.513   626   626 I ThermalEngine: [VDD_RSTR_MONITOR-TSENS9]
12-04 05:09:20.514   626   626 I ThermalEngine: #algo_type monitor
12-04 05:09:20.514   626   626 I ThermalEngine: sampling 1000
12-04 05:09:20.514   626   626 I ThermalEngine: sensor tsens_tz_sensor9
12-04 05:09:20.514   626   626 I ThermalEngine: thresholds 5000
12-04 05:09:20.514   626   626 I ThermalEngine: thresholds_clr 10000
12-04 05:09:20.514   626   626 I ThermalEngine: actions vdd_restriction
12-04 05:09:20.514   626   626 I ThermalEngine: action_info 1
12-04 05:09:20.514   626   626 I ThermalEngine: descending
12-04 05:09:20.514   626   626 I ThermalEngine: [VDD_RSTR_MONITOR-TSENS8]
12-04 05:09:20.514   626   626 I ThermalEngine: #algo_type monitor
12-04 05:09:20.514   626   626 I ThermalEngine: sampling 1000
12-04 05:09:20.514   626   626 I ThermalEngine: sensor tsens_tz_sensor8
12-04 05:09:20.514   626   626 I ThermalEngine: thresholds 5000
12-04 05:09:20.514   626   626 I ThermalEngine: thresholds_clr 10000
12-04 05:09:20.514   626   626 I ThermalEngine: actions vdd_restriction
12-04 05:09:20.514   626   626 I ThermalEngine: action_info 1
12-04 05:09:20.514   626   626 I ThermalEngine: descending
12-04 05:09:20.514   626   626 I ThermalEngine: [VDD_RSTR_MONITOR-TSENS7]
12-04 05:09:20.514   626   626 I ThermalEngine: #algo_type monitor
12-04 05:09:20.514   626   626 I ThermalEngine: sampling 1000
12-04 05:09:20.514   626   626 I ThermalEngine: sensor tsens_tz_sensor7
12-04 05:09:20.514   626   626 I ThermalEngine: thresholds 5000
12-04 05:09:20.514   626   626 I ThermalEngine: thresholds_clr 10000
12-04 05:09:20.514   626   626 I ThermalEngine: actions vdd_restriction
12-04 05:09:20.514   626   626 I ThermalEngine: action_info 1
12-04 05:09:20.514   626   626 I ThermalEngine: descending
12-04 05:09:20.514   626   626 I ThermalEngine: [VDD_RSTR_MONITOR-TSENS6]
12-04 05:09:20.514   626   626 I ThermalEngine: #algo_type monitor
12-04 05:09:20.514   626   626 I ThermalEngine: sampling 1000
12-04 05:09:20.514   626   626 I ThermalEngine: sensor tsens_tz_sensor6
12-04 05:09:20.514   626   626 I ThermalEngine: thresholds 5000
12-04 05:09:20.514   626   626 I ThermalEngine: thresholds_clr 10000
12-04 05:09:20.514   626   626 I ThermalEngine: actions vdd_restriction
12-04 05:09:20.514   626   626 I ThermalEngine: action_info 1
12-04 05:09:20.514   626   626 I ThermalEngine: descending
12-04 05:09:20.514   626   626 I ThermalEngine: [VDD_RSTR_MONITOR-TSENS5]
12-04 05:09:20.514   626   626 I ThermalEngine: #algo_type monitor
12-04 05:09:20.514   626   626 I ThermalEngine: sampling 1000
12-04 05:09:20.514   626   626 I ThermalEngine: sensor tsens_tz_sensor5
12-04 05:09:20.514   626   626 I ThermalEngine: thresholds 5000
12-04 05:09:20.514   626   626 I ThermalEngine: thresholds_clr 10000
12-04 05:09:20.514   626   626 I ThermalEngine: actions vdd_restriction
12-04 05:09:20.514   626   626 I ThermalEngine: action_info 1
12-04 05:09:20.514   626   626 I ThermalEngine: descending
12-04 05:09:20.514   626   626 I ThermalEngine: [VDD_RSTR_MONITOR-TSENS4]
12-04 05:09:20.514   626   626 I ThermalEngine: #algo_type monitor
12-04 05:09:20.514   626   626 I ThermalEngine: sampling 1000
12-04 05:09:20.514   626   626 I ThermalEngine: sensor tsens_tz_sensor4
12-04 05:09:20.514   626   626 I ThermalEngine: thresholds 5000
12-04 05:09:20.514   626   626 I ThermalEngine: thresholds_clr 10000
12-04 05:09:20.514   626   626 I ThermalEngine: actions vdd_restriction
12-04 05:09:20.514   626   626 I ThermalEngine: action_info 1
12-04 05:09:20.514   626   626 I ThermalEngine: descending
12-04 05:09:20.514   626   626 I ThermalEngine: [VDD_RSTR_MONITOR-TSENS3]
12-04 05:09:20.514   626   626 I ThermalEngine: #algo_type monitor
12-04 05:09:20.514   626   626 I ThermalEngine: sampling 1000
12-04 05:09:20.514   626   626 I ThermalEngine: sensor tsens_tz_sensor3
12-04 05:09:20.514   626   626 I ThermalEngine: thresholds 5000
12-04 05:09:20.514   626   626 I ThermalEngine: thresholds_clr 10000
12-04 05:09:20.514   626   626 I ThermalEngine: actions vdd_restriction
12-04 05:09:20.514   626   626 I ThermalEngine: action_info 1
12-04 05:09:20.514   626   626 I ThermalEngine: descending
12-04 05:09:20.514   626   626 I ThermalEngine: [VDD_RSTR_MONITOR-TSENS2]
12-04 05:09:20.514   626   626 I ThermalEngine: #algo_type monitor
12-04 05:09:20.514   626   626 I ThermalEngine: sampling 1000
12-04 05:09:20.514   626   626 I ThermalEngine: sensor tsens_tz_sensor2
12-04 05:09:20.514   626   626 I ThermalEngine: thresholds 5000
12-04 05:09:20.514   626   626 I ThermalEngine: thresholds_clr 10000
12-04 05:09:20.514   626   626 I ThermalEngine: actions vdd_restriction
12-04 05:09:20.514   626   626 I ThermalEngine: action_info 1
12-04 05:09:20.514   626   626 I ThermalEngine: descending
12-04 05:09:20.514   626   626 I ThermalEngine: [VDD_RSTR_MONITOR-TSENS1]
12-04 05:09:20.514   626   626 I ThermalEngine: #algo_type monitor
12-04 05:09:20.514   626   626 I ThermalEngine: sampling 1000
12-04 05:09:20.514   626   626 I ThermalEngine: sensor tsens_tz_sensor1
12-04 05:09:20.514   626   626 I ThermalEngine: thresholds 5000
12-04 05:09:20.514   626   626 I ThermalEngine: thresholds_clr 10000
12-04 05:09:20.514   626   626 I ThermalEngine: actions vdd_restriction
12-04 05:09:20.514   626   626 I ThermalEngine: action_info 1
12-04 05:09:20.514   626   626 I ThermalEngine: descending
12-04 05:09:20.514   626   626 I ThermalEngine: [VDD_RSTR_MONITOR-TSENS0]
12-04 05:09:20.514   626   626 I ThermalEngine: #algo_type monitor
12-04 05:09:20.514   626   626 I ThermalEngine: sampling 1000
12-04 05:09:20.514   626   626 I ThermalEngine: sensor tsens_tz_sensor0
12-04 05:09:20.514   626   626 I ThermalEngine: thresholds 5000
12-04 05:09:20.514   626   626 I ThermalEngine: thresholds_clr 10000
12-04 05:09:20.514   626   626 I ThermalEngine: actions vdd_restriction
12-04 05:09:20.514   626   626 I ThermalEngine: action_info 1
12-04 05:09:20.514   626   626 I ThermalEngine: descending
12-04 05:09:20.514   626   626 E ThermalEngine: sensors_manager_reg_clnt: Invalid sensor case_therm.
12-04 05:09:20.514   626   626 E ThermalEngine: sensors_setup: Can't create client for case_therm.
12-04 05:09:20.514   626   626 E ThermalEngine: sensors_manager_reg_clnt: Invalid sensor tsens_tz_sensor0.
12-04 05:09:20.514   626   626 E ThermalEngine: sensors_setup: Can't create client for tsens_tz_sensor0.
12-04 05:09:20.514   626   626 I ThermalEngine: ss_algo_init: Entry Disabled SS-CASE-THERM-1.
12-04 05:09:20.514   626   626 I ThermalEngine: [SS-GPU]
12-04 05:09:20.514   626   626 I ThermalEngine: #algo_type ss
12-04 05:09:20.514   626   626 I ThermalEngine: sampling 250
12-04 05:09:20.514   626   626 I ThermalEngine: sensor gpu
12-04 05:09:20.514   626   626 I ThermalEngine: device gpu
12-04 05:09:20.514   626   626 I ThermalEngine: set_point 95000
12-04 05:09:20.514   626   626 I ThermalEngine: set_point_clr 65000
12-04 05:09:20.514   626   626 I ThermalEngine: time_constant 0
12-04 05:09:20.514   626   626 I ThermalEngine: ss_algo_init: Entry Disabled SS-CASE-THERM.
12-04 05:09:20.514   626   626 I ThermalEngine: [SS-CPUS-ALL]
12-04 05:09:20.514   626   626 I ThermalEngine: #algo_type ss
12-04 05:09:20.514   626   626 I ThermalEngine: sampling 50
12-04 05:09:20.514   626   626 I ThermalEngine: sensor VIRTUAL-CPUS
12-04 05:09:20.514   626   626 I ThermalEngine: device cluster0
12-04 05:09:20.514   626   626 I ThermalEngine: set_point 95000
12-04 05:09:20.514   626   626 I ThermalEngine: set_point_clr 55000
12-04 05:09:20.514   626   626 I ThermalEngine: time_constant 0
12-04 05:09:20.514   626   626 I ThermalEngine: [SPEAKER-CAL]
12-04 05:09:20.514   626   626 I ThermalEngine: sampling 30000 30000 10 1800000
12-04 05:09:20.514   626   626 I ThermalEngine: sensor pm8953_tz
12-04 05:09:20.514   626   626 I ThermalEngine: sensors tsens_tz_sensor1 tsens_tz_sensor2 tsens_tz_sensor3 tsens_tz_sensor14 tsens_tz_sensor15
12-04 05:09:20.514   626   626 I ThermalEngine: temp_range 6000 10000 2000
12-04 05:09:20.514   626   626 I ThermalEngine: max_temp 45000
12-04 05:09:20.514   626   626 I ThermalEngine: offset -4000
12-04 05:09:20.514   626   626 I ThermalEngine: create_switch_thread end
12-04 05:09:20.515   681   681 W statsd  : statscompanion service unavailable!
12-04 05:09:20.520   566   566 I ConfigStore: android::hardware::configstore::V1_0::ISurfaceFlingerConfigs::startGraphicsAllocatorService retrieved: 0
12-04 05:09:20.521   566   566 I SurfaceFlinger: Using HWComposer service: 'default'
12-04 05:09:20.521   566   566 I SurfaceFlinger: SurfaceFlinger is starting
12-04 05:09:20.521   681   681 I statsd  : using statsd socket
12-04 05:09:20.523   538   538 I SDM     : HWCColorManager::CreateColorManager: Successfully loaded libsdm-disp-vndapis.so and libsdm-diag.so and diag_init'ed
12-04 05:09:20.540   538   538 I ServiceManagement: Removing namespace from process name android.hardware.graphics.composer@2.1-service to composer@2.1-service.
12-04 05:09:20.540   566   566 I ConfigStore: android::hardware::configstore::V1_0::ISurfaceFlingerConfigs::vsyncEventPhaseOffsetNs retrieved: 2000000
12-04 05:09:20.540   566   566 I ConfigStore: android::hardware::configstore::V1_0::ISurfaceFlingerConfigs::vsyncSfEventPhaseOffsetNs retrieved: 6000000
12-04 05:09:20.540   566   566 I ConfigStore: android::hardware::configstore::V1_0::ISurfaceFlingerConfigs::hasSyncFramework retrieved: 1
12-04 05:09:20.541   566   566 I ConfigStore: android::hardware::configstore::V1_0::ISurfaceFlingerConfigs::presentTimeOffsetFromVSyncNs retrieved: 0
12-04 05:09:20.541   566   566 I ConfigStore: android::hardware::configstore::V1_0::ISurfaceFlingerConfigs::useHwcForRGBtoYUV retrieved: 1
12-04 05:09:20.541   566   566 I ConfigStore: android::hardware::configstore::V1_0::ISurfaceFlingerConfigs::maxVirtualDisplaySize retrieved: 4096
12-04 05:09:20.541   566   566 I ConfigStore: android::hardware::configstore::V1_0::ISurfaceFlingerConfigs::useVrFlinger retrieved: 0 (default)
12-04 05:09:20.541   566   566 I ConfigStore: android::hardware::configstore::V1_0::ISurfaceFlingerConfigs::maxFrameBufferAcquiredBuffers retrieved: 3
12-04 05:09:20.541   566   566 I ConfigStore: android::hardware::configstore::V1_0::ISurfaceFlingerConfigs::hasWideColorDisplay retrieved: 0
12-04 05:09:20.558   617   617 I ServiceManager: Waiting for service 'vendor.qcom.PeripheralManager' on '/dev/vndbinder'...
12-04 05:09:20.558   538   538 I android.hardware.graphics.composer@2.1-service: Registration complete for android.hardware.graphics.composer@2.1::IComposer/default.
12-04 05:09:20.569   566   566 I ConfigStore: android::hardware::configstore::V1_1::ISurfaceFlingerConfigs::primaryDisplayOrientation retrieved: ORIENTATION_0 (default)
12-04 05:09:20.569   566   566 I SurfaceFlinger: Disabling Triple Buffering
12-04 05:09:20.569   566   566 I SurfaceFlinger: Treble testing override: 'false'
12-04 05:09:20.569   566   566 I SurfaceFlinger: SurfaceFlinger's main thread ready to run. Initializing graphics H/W...
12-04 05:09:20.569   566   566 I SurfaceFlinger: Phase offest NS: 2000000
12-04 05:09:20.571   566   566 D vndksupport: Loading /vendor/lib64/egl/libEGL_adreno.so from current namespace instead of sphal namespace.
12-04 05:09:20.571   743   767 D QCALOG  : [location-mq] SRV Socket-Opend
12-04 05:09:20.574   566   566 D libEGL  : loaded /vendor/lib64/egl/libEGL_adreno.so
12-04 05:09:20.576   566   566 D vndksupport: Loading /vendor/lib64/egl/libGLESv1_CM_adreno.so from current namespace instead of sphal namespace.
12-04 05:09:20.579   566   566 D libEGL  : loaded /vendor/lib64/egl/libGLESv1_CM_adreno.so
12-04 05:09:20.589   626   758 I ThermalEngine: vdd_restrict_qmi_request: MODEM req level(0) is recorded and waiting for completing QMI registration
12-04 05:09:20.589   626   758 I ThermalEngine: vdd_restrict_qmi_request: ADSP req level(0) is recorded and waiting for completing QMI registration
12-04 05:09:20.589   626   758 I ThermalEngine: hotplug_ktm_disable_cb: write out 0
12-04 05:09:20.606   752   752 I gatekeeperd: Starting gatekeeperd...
12-04 05:09:20.658   617   617 I ServiceManager: Waiting for service 'vendor.qcom.PeripheralManager' on '/dev/vndbinder'...
12-04 05:09:20.666   623   623 E QCNEA   : Cne Version 4.9
12-04 05:09:20.669   739   739 I media.codec: mediacodecservice starting
12-04 05:09:20.671   631   631 I imsrcsd : Starting Service for First Time imsbaseimpl
12-04 05:09:20.671   739   739 W media.codec: libminijail[739]: failed to get path of fd 4: No such file or directory
12-04 05:09:20.671   739   739 W media.codec: libminijail[739]: allowing syscall: clock_gettime
12-04 05:09:20.671   739   739 W media.codec: libminijail[739]: allowing syscall: connect
12-04 05:09:20.671   739   739 W media.codec: libminijail[739]: allowing syscall: fcntl64
12-04 05:09:20.671   739   739 W media.codec: libminijail[739]: allowing syscall: socket
12-04 05:09:20.672   739   739 W media.codec: libminijail[739]: allowing syscall: writev
12-04 05:09:20.672   566   566 D vndksupport: Loading /vendor/lib64/egl/libGLESv2_adreno.so from current namespace instead of sphal namespace.
12-04 05:09:20.673   739   739 W media.codec: libminijail[739]: logging seccomp filter failures
12-04 05:09:20.684   739   739 W MediaCodecsXmlParser: unable to open media codecs configuration xml file: /data/misc/media/media_codecs_profiling_results.xml
12-04 05:09:20.684   739   739 W MediaCodecsXmlParser: parseTopLevelXMLFile(/data/misc/media/media_codecs_profiling_results.xml) failed
12-04 05:09:20.686   739   739 I ServiceManagement: Removing namespace from process name android.hardware.media.omx@1.0-service to omx@1.0-service.
12-04 05:09:20.690   742   742 E CLD80211: /vendor/bin/cnss-daemon: Could not resolve cld80211 familty id
12-04 05:09:20.699   749   749 I ifaad   : Starting ifaad
12-04 05:09:20.700   749   749 D ifaad   : IfaaDaemonProxy instances
12-04 05:09:20.700   749   749 D QSEECOMAPI: QSEECom_get_handle sb_length = 0x400
12-04 05:09:20.700   749   749 D QSEECOMAPI: App is not loaded in QSEE
12-04 05:09:20.705   749   749 D QSEECOMAPI: app_arch = 1, total_files = 8
12-04 05:09:20.708   739   739 D vndksupport: Loading libstagefrighthw.so from current namespace instead of sphal namespace.
12-04 05:09:20.711   630   630 E RTPServiceImpl: qpLogDiagInit <== result : 1; log_write_mutex is Initialized
12-04 05:09:20.711   630   630 E Diag_Lib: bLogRTPMSgs =0,rtpdata=0,adblog=0
12-04 05:09:20.711   630   630 E RTPServiceImpl: [IMS_AP_RTP]"RTPService callback Registraton"
12-04 05:09:20.718   631   631 I imsrcsd : ImsRcsBaseImpl CM_IMSCONNECTIONMANAGER_CREATE_CONNECTION Before Registering Service
12-04 05:09:20.719   631   631 I imsrcsd : ImsRcsBaseImpl CM_IMSCONNECTIONMANAGER_CREATE_CONNECTION After Registering Service
12-04 05:09:20.719   631   631 E         : [IMS_COM] |ImsCom.cpp | 53 | | 631 |Com Fd: 7
12-04 05:09:20.719   631   631 E         : [IMS_COM] |ImsCom.cpp | 158 | | 631 |ImsCom::addComEventHandler(int 7, ComEventCallback 0x752c298294, void* 0x0, ComCloseCallback 0x0, events 17) EX
12-04 05:09:20.719   631   631 E         : [IMS_COM] |ImsCom.cpp | 170 | | 631 |ImsCom::addComEventHandler epoll_ctl returns: 0
12-04 05:09:20.719   631   631 E         : [IMS_COM] |ImsCom.cpp | 56 | | 631 |ImsCom is ready. epollFd:6
12-04 05:09:20.719   631   631 E         : [IMS_COM] |ImsQmiSvc.cpp | 27 | | 631 |ImsQmiSvc: Xtor 
12-04 05:09:20.719   631   631 E         : [IMS_COM] |ImsQmiSvc.cpp | 29 | | 631 |ImsQmiSvc: qmiimssvcfd : 8 
12-04 05:09:20.719   631   631 E         : [IMS_COM] |ImsCom.cpp | 158 | | 631 |ImsCom::addComEventHandler(int 8, ComEventCallback 0x752c29ce7c, void* 0x752c83c140, ComCloseCallback 0x0, events 1) EX
12-04 05:09:20.719   631   631 E         : [IMS_COM] |ImsCom.cpp | 170 | | 631 |ImsCom::addComEventHandler epoll_ctl returns: 0
12-04 05:09:20.720   739   739 W MediaCodecsXmlParser: unable to open media codecs configuration xml file: /data/misc/media/media_codecs_profiling_results.xml
12-04 05:09:20.720   739   739 W MediaCodecsXmlParser: parseTopLevelXMLFile(/data/misc/media/media_codecs_profiling_results.xml) failed
12-04 05:09:20.720   739   739 I ServiceManagement: Removing namespace from process name android.hardware.media.omx@1.0-service to omx@1.0-service.
12-04 05:09:20.720   631   631 E QMI_FW  : QMUXD: WARNING qmi_qmux_if_pwr_up_init failed! rc=-6
12-04 05:09:20.720   631   631 E         : [IMS_COM] |ImsQmiSvc.cpp | 100 | | 631 |ImsQmiSvc: registerForQmiSvcUp 
12-04 05:09:20.720   631   631 E         : [IMS_COM] |ImsQmiPrivate.cpp | 119 | | 631 |ImsQmiPrivate Xtor
12-04 05:09:20.720   631   631 E         : [IMS_COM] |ImsCom.cpp | 158 | | 631 |ImsCom::addComEventHandler(int 13, ComEventCallback 0x752c29b2d0, void* 0x752c83c140, ComCloseCallback 0x0, events 1) EX
12-04 05:09:20.720   631   631 E         : [IMS_COM] |ImsCom.cpp | 170 | | 631 |ImsCom::addComEventHandler epoll_ctl returns: 0
12-04 05:09:20.720   631   631 E         : [IMS_COM] |ImsQmiPrivate.cpp | 226 | | 631 |QMI IMS Private listener added 0x752c82e180
12-04 05:09:20.720   631   631 I         : ImsCallInfoService - <API SVC> registerServiceImpl: Registering for vendor.qti.ims.callinfo 
12-04 05:09:20.726   739   739 I media.codec: IOmx HAL service created.
12-04 05:09:20.737     0     0 W healthd : battery l=28 v=3833 t=32.7 h=2 st=4 c=0 fc=3470000 chg=u
12-04 05:09:20.737   631   631 I imsrcsd : ImsRcsBaseImpl ImsCallInfo After Registering Service
12-04 05:09:20.738     0     0 W healthd : battery l=28 v=3833 t=32.7 h=2 st=4 c=0 fc=3470000 chg=u
12-04 05:09:20.739   566   566 D libEGL  : loaded /vendor/lib64/egl/libGLESv2_adreno.so
12-04 05:09:20.746   689   689 I wificond: wificond is starting up...
12-04 05:09:20.747   637   637 I cameraserver: ServiceManager: 0xe699c100
12-04 05:09:20.747   637   637 I CameraService: CameraService started (pid=637)
12-04 05:09:20.747   637   637 I CameraService: CameraService process starting
12-04 05:09:20.748   637   637 W BatteryNotifier: batterystats service unavailable!
12-04 05:09:20.748   637   637 W BatteryNotifier: batterystats service unavailable!
12-04 05:09:20.753     0     0 W healthd : battery l=28 v=3833 t=32.7 h=2 st=2 c=0 fc=3470000 chg=u
12-04 05:09:20.760   442   442 W hwservicemanager: getTransport: Cannot find entry android.hardware.usb.gadget@1.0::IUsbGadget/default in either framework or device manifest.
12-04 05:09:20.761   637   637 I ServiceManagement: getService: Trying again for android.hardware.camera.provider@2.4::ICameraProvider/legacy/0...
12-04 05:09:20.761     0     0 W healthd : battery l=28 v=3833 t=32.7 h=2 st=2 c=0 fc=3470000 chg=u
12-04 05:09:20.761   617   617 I ServiceManager: Waiting for service 'vendor.qcom.PeripheralManager' on '/dev/vndbinder'...
12-04 05:09:20.763     0     0 W QSEECOM : qseecom_load_app: App (ifaata) does'nt exist, loading apps for first time
12-04 05:09:20.764   780   780 I usbd    : Usb HAL not found
12-04 05:09:20.766   566   566 I Adreno  : QUALCOMM build                   : 2df12b3, I07da2d9908
12-04 05:09:20.766   566   566 I Adreno  : Build Date                       : 10/04/18
12-04 05:09:20.766   566   566 I Adreno  : OpenGL ES Shader Compiler Version: EV031.25.03.01
12-04 05:09:20.766   566   566 I Adreno  : Local Branch                     : 
12-04 05:09:20.766   566   566 I Adreno  : Remote Branch                    : 
12-04 05:09:20.766   566   566 I Adreno  : Remote Branch                    : 
12-04 05:09:20.766   566   566 I Adreno  : Reconstruct Branch               : 
12-04 05:09:20.767   566   566 I Adreno  : Build Config                     : S L 6.0.7 AArch64
12-04 05:09:20.767   566   566 D vndksupport: Loading /vendor/lib64/hw/gralloc.msm8953.so from current namespace instead of sphal namespace.
12-04 05:09:20.768   779   779 I /system/bin/tombstoned: tombstoned successfully initialized
12-04 05:09:20.779     0     0 I sps     : BAM 0x0000000007104000 (va:0x0000000000000000) enabled: ver:0x27, number of pipes:8
12-04 05:09:20.780     0     0 E ipa2_uc_state_check: 301 uC is not loaded
12-04 05:09:20.780     0     0 E ipa_sps_irq_control_all: 945 EP (5) not allocated.
12-04 05:09:20.781     0     0 E ipa2_uc_state_check: 301 uC is not loaded
12-04 05:09:20.788     0     0 I android_work: android_work: sent uevent USB_STATE=CONFIGURED
12-04 05:09:20.796     0     0 W QSEECOM : qseecom_load_app: App with id 5 (ifaata) now loaded
12-04 05:09:20.796   749   749 D QSEECOMAPI: Loaded image: APP id = 5
12-04 05:09:20.801     0     0 I init    : processing action (init.svc.mediadrm=running) from (/vendor/etc/init/android.hardware.drm@1.1-service.widevine.rc:1)
12-04 05:09:20.803     0     0 I init    : Service 'qcom-c_late-sh' (pid 741) exited with status 0
12-04 05:09:20.803     0     0 I init    : Service 'usbd' (pid 780) exited with status 0
12-04 05:09:20.803   781   781 E android.hardware.biometrics.fingerprint@2.0-service.odin: Start fingerprintd
12-04 05:09:20.804   749   749 D IFAA_CLIENT: : IFAA open TA success
12-04 05:09:20.804   749   749 D QSEECOMAPI: QSEECom_dealloc_memory 
12-04 05:09:20.804   749   749 D QSEECOMAPI: QSEECom_shutdown_app, app_id = 5
12-04 05:09:20.805     0     0 W QSEECOM : qseecom_unload_app: App id 5 now unloaded
12-04 05:09:20.805   749   749 E IFAA_CLIENT: : IFAA ta shutdown success.
12-04 05:09:20.805   566   566 I Adreno  : PFP: 0x005ff087, ME: 0x005ff063
12-04 05:09:20.806   441   441 E SELinux : avc:  denied  { add } for service=android.hardware.ifaa.IIfaaDaemon pid=749 uid=1000 scontext=u:r:init:s0 tcontext=u:object_r:default_android_service:s0 tclass=service_manager permissive=1
12-04 05:09:20.806   441   441 I auditd  : avc:  denied  { add } for service=android.hardware.ifaa.IIfaaDaemon pid=749 uid=1000 scontext=u:r:init:s0 tcontext=u:object_r:default_android_service:s0 tclass=service_manager permissive=1
12-04 05:09:20.806   441   441 E SELinux : avc:  denied  { add } for service=android.hardware.fingerprint.IFingerprintDaemon pid=781 uid=1000 scontext=u:r:init:s0 tcontext=u:object_r:fingerprintd_service:s0 tclass=service_manager permissive=1
12-04 05:09:20.806   441   441 I auditd  : avc:  denied  { add } for service=android.hardware.fingerprint.IFingerprintDaemon pid=781 uid=1000 scontext=u:r:init:s0 tcontext=u:object_r:fingerprintd_service:s0 tclass=service_manager permissive=1
12-04 05:09:20.806   552   552 D LocSvc_LBSProxy: checkIfLocationExtendedClientExists] File Exists
12-04 05:09:20.808   552   552 I ServiceManagement: Removing namespace from process name vendor.qti.gnss@1.0-service to gnss@1.0-service.
12-04 05:09:20.809   552   552 I LocSvc_HIDL_vendor.qti.gnss@1.0-service: Registration complete for vendor.qti.gnss@1.0::ILocHidlGnss/gnss_vendor.
12-04 05:09:20.809   781   781 E android.hardware.biometrics.fingerprint@2.0-service.odin: Start biometrics
12-04 05:09:20.809   781   781 E FingerprintHal: getService g_servie is NULL
12-04 05:09:20.810   441   441 E SELinux : avc:  denied  { find } for service=android.hardware.fingerprint.IFingerprintDaemon pid=781 uid=1000 scontext=u:r:init:s0 tcontext=u:object_r:fingerprintd_service:s0 tclass=service_manager permissive=1
12-04 05:09:20.810   441   441 I auditd  : avc:  denied  { find } for service=android.hardware.fingerprint.IFingerprintDaemon pid=781 uid=1000 scontext=u:r:init:s0 tcontext=u:object_r:fingerprintd_service:s0 tclass=service_manager permissive=1
12-04 05:09:20.810   781   781 E FingerprintHal: getService succeed
12-04 05:09:20.810   781   781 V fingerprintd: nativeOpenHal()
12-04 05:09:20.810   781   781 D vndksupport: Loading /vendor/lib64/hw/fingerprint.goodix.so from current namespace instead of sphal namespace.
12-04 05:09:20.810   627   627 I wcnss_service: data_nvfile_path /data/misc/wifi/nvbin/msm8953_293_0x00_0x01_0x00_nv.bin
12-04 05:09:20.810   627   627 E wcnss_service: source file do not exist /data/misc/wifi/nvbin/msm8953_293_0x00_0x01_0x00_nv.bin
12-04 05:09:20.810   627   627 E wcnss_service: Get source file path fail !
12-04 05:09:20.810   627   627 E wcnss_service: CAL file not found
12-04 05:09:20.810     0     0 I         : wcnss_wlan triggered by userspace
12-04 05:09:20.811     0     0 I wcnss_pm_qos_add_request: add request
12-04 05:09:20.811     0     0 I wcnss_pm_qos_update_request: update request 100
12-04 05:09:20.811     0     0 E wcnss_trigger_config: couldn't get snoc_wcnss
12-04 05:09:20.818   742   742 I cnss-daemon: Failed to initialize cld80211 family, proceed with legacy USERSOCK reception
12-04 05:09:20.822     0     0 E         : msm_qti_pp_get_rms_value_control, back not active to query rms be_idx:3
12-04 05:09:20.822     0     0 I wcnss_notif_cb: wcnss notification event: 2
12-04 05:09:20.824     0     0 I subsys-pil-tz a21b000.qcom,pronto: wcnss: loading from 0x000000008e700000 to 0x000000008ed43000
--------- beginning of radio
12-04 05:09:20.825   740   740 D RILD    : **RIL Daemon Started**
12-04 05:09:20.825   740   740 D RILD    : **RILd param count=1**
12-04 05:09:20.825     0     0 I wcnss_notif_cb: wcnss notification event: 6
12-04 05:09:20.825     0     0 I core_get_license_status: cmdrsp_license_result.result = 0x15 for module 0x1
12-04 05:09:20.825     0     0 E         : msm_dolby_dap_param_to_get_control_get, port_id not set, do not query ADM
12-04 05:09:20.826     0     0 E         : msm_dolby_dap_param_visualizer_control_get Incorrect VCNB length
12-04 05:09:20.826     0     0 E msm_voice_sound_focus_get: Error getting Sound Focus Params, err=-22
12-04 05:09:20.826     0     0 E msm_voice_source_tracking_get: Error getting Source Tracking Params, err=-22
12-04 05:09:20.826     0     0 E msm_audio_get_copp_idx_from_port_id: Invalid FE, exiting
12-04 05:09:20.826     0     0 E msm_audio_sound_focus_get: Could not get copp idx for port_id=16385
12-04 05:09:20.827     0     0 E msm_audio_get_copp_idx_from_port_id: Invalid FE, exiting
12-04 05:09:20.827     0     0 E msm_audio_source_tracking_get: Could not get copp idx for port_id=16385
12-04 05:09:20.827     0     0 E msm_voice_sound_focus_get: Error getting Sound Focus Params, err=-22
12-04 05:09:20.827     0     0 E msm_voice_source_tracking_get: Error getting Source Tracking Params, err=-22
12-04 05:09:20.827     0     0 E msm_audio_get_copp_idx_from_port_id: Invalid FE, exiting
12-04 05:09:20.827     0     0 E msm_audio_sound_focus_get: Could not get copp idx for port_id=4101
12-04 05:09:20.827     0     0 E msm_audio_get_copp_idx_from_port_id: Invalid FE, exiting
12-04 05:09:20.827     0     0 E msm_audio_source_tracking_get: Could not get copp idx for port_id=4101
12-04 05:09:20.827     0     0 E msm_audio_get_copp_idx_from_port_id: Invalid FE, exiting
12-04 05:09:20.827     0     0 E msm_audio_sound_focus_get: Could not get copp idx for port_id=4103
12-04 05:09:20.827     0     0 E msm_audio_get_copp_idx_from_port_id: Invalid FE, exiting
12-04 05:09:20.827     0     0 E msm_audio_source_tracking_get: Could not get copp idx for port_id=4103
12-04 05:09:20.827     0     0 E msm_audio_get_copp_idx_from_port_id: Invalid FE, exiting
12-04 05:09:20.827     0     0 E msm_audio_sound_focus_get: Could not get copp idx for port_id=36865
12-04 05:09:20.828     0     0 E msm_audio_get_copp_idx_from_port_id: Invalid FE, exiting
12-04 05:09:20.828     0     0 E msm_audio_source_tracking_get: Could not get copp idx for port_id=36865
12-04 05:09:20.828     0     0 I core_get_license_status: cmdrsp_license_result.result = 0x15 for module 0x131ff
12-04 05:09:20.830     0     0 E         : msm_pcm_volume_ctl_get substream runtime not found
12-04 05:09:20.832     0     0 I wcnss   : IRIS Reg: 04000004
12-04 05:09:20.832     0     0 E         : msm_pcm_volume_ctl_get substream runtime not found
12-04 05:09:20.833     0     0 E         : msm_pcm_volume_ctl_get substream runtime not found
12-04 05:09:20.833     0     0 E msm_compr_audio_effects_config_get: stream or effects inactive
12-04 05:09:20.835   543   810 E qti_sensors_hal: processSingleSensorInfoResp: either handle is -1 or error is true or mSensors[handle] is NULL!
12-04 05:09:20.835   543   810 E qti_sensors_hal: processSingleSensorInfoResp: either handle_wakeup is -1 or error is true or mSensors[handle_wakeup] is NULL!
12-04 05:09:20.836     0     0 E         : msm_pcm_volume_ctl_get substream runtime not found
12-04 05:09:20.836     0     0 E         : msm_pcm_volume_ctl_get substream runtime not found
12-04 05:09:20.837     0     0 E         : msm_pcm_volume_ctl_get substream or runtime not found
12-04 05:09:20.837   543   810 E qti_sensors_hal: processSingleSensorInfoResp: either handle is -1 or error is true or mSensors[handle] is NULL!
12-04 05:09:20.837   543   810 E qti_sensors_hal: processSingleSensorInfoResp: either handle_wakeup is -1 or error is true or mSensors[handle_wakeup] is NULL!
12-04 05:09:20.837     0     0 E msm_compr_audio_effects_config_get: stream or effects inactive
12-04 05:09:20.838     0     0 I chatty  : uid=0(root) logd identical 1 line
12-04 05:09:20.838     0     0 E msm_compr_audio_effects_config_get: stream or effects inactive
12-04 05:09:20.839     0     0 W healthd : battery l=28 v=3833 t=32.7 h=2 st=2 c=0 fc=3470000 chg=u
12-04 05:09:20.839     0     0 E msm_compr_audio_effects_config_get: stream or effects inactive
12-04 05:09:20.840     0     0 W healthd : battery l=28 v=3833 t=32.7 h=2 st=2 c=0 fc=3470000 chg=u
12-04 05:09:20.840     0     0 E msm_compr_audio_effects_config_get: stream or effects inactive
12-04 05:09:20.841     0     0 I chatty  : uid=0(root) logd identical 2 lines
12-04 05:09:20.841     0     0 E msm_compr_audio_effects_config_get: stream or effects inactive
12-04 05:09:20.842     0     0 E         : msm_pcm_volume_ctl_get substream or runtime not found
12-04 05:09:20.842     0     0 E msm_compr_audio_effects_config_get: stream or effects inactive
12-04 05:09:20.844     0     0 I chatty  : uid=0(root) logd identical 3 lines
12-04 05:09:20.844     0     0 E msm_compr_audio_effects_config_get: stream or effects inactive
12-04 05:09:20.844   543   810 E qti_sensors_hal: processSingleSensorInfoResp: either handle_wakeup is -1 or error is true or mSensors[handle_wakeup] is NULL!
12-04 05:09:20.845   543   543 E libsensor1: client_get_conn: qmi_client_get_service_list error -2
12-04 05:09:20.845   543   543 E libsensor1: sensor1_write: Unable to create client connection
