12-04 05:09:20.845   543   543 W qti_sensors_hal: sendAlgoAttribReq: sensor1_write failed at SENSOR1_EBAD_SVC_ID, retrying...4
12-04 05:09:20.848   742   807 E QMI_FW  : QMUXD: WARNING qmi_qmux_if_pwr_up_init failed! rc=-6
12-04 05:09:20.850   528   684 E audio_route: Control 'HPHL Volume' doesn't exist - skipping
12-04 05:09:20.850   528   684 E audio_route: Control 'HPHR Volume' doesn't exist - skipping
12-04 05:09:20.851   528   684 E audio_route: Control 'RX2 MIX2 INP2' doesn't exist - skipping
12-04 05:09:20.851   528   684 E audio_route: Control 'RX1 MIX2 INP2' doesn't exist - skipping
12-04 05:09:20.852   528   684 E audio_route: Control 'SpkrMono WSA_RDAC' doesn't exist - skipping
12-04 05:09:20.852   528   684 E audio_route: Control 'SpkrMono BOOST Switch' doesn't exist - skipping
12-04 05:09:20.857   816   816 I auditd  : type=1400 audit(0.0:346): avc: denied { execute_no_trans } for comm="iptables-wrappe" path="/system/bin/iptables" dev="mmcblk0p54" ino=297 scontext=u:r:init:s0 tcontext=u:object_r:system_file:s0 tclass=file permissive=1
12-04 05:09:20.857   816   816 I iptables-wrappe: type=1400 audit(0.0:346): avc: denied { execute_no_trans } for path="/system/bin/iptables" dev="mmcblk0p54" ino=297 scontext=u:r:init:s0 tcontext=u:object_r:system_file:s0 tclass=file permissive=1
12-04 05:09:20.857   628   628 I auditd  : type=1400 audit(0.0:347): avc: denied { write } for comm="imsqmidaemon" name="property_service" dev="tmpfs" ino=5419 scontext=u:r:init:s0 tcontext=u:object_r:property_socket:s0 tclass=sock_file permissive=1
12-04 05:09:20.857   628   628 I imsqmidaemon: type=1400 audit(0.0:347): avc: denied { write } for name="property_service" dev="tmpfs" ino=5419 scontext=u:r:init:s0 tcontext=u:object_r:property_socket:s0 tclass=sock_file permissive=1
12-04 05:09:20.857   566   566 I ConfigStore: android::hardware::configstore::V1_0::ISurfaceFlingerConfigs::hasWideColorDisplay retrieved: 0
12-04 05:09:20.857   566   566 I ConfigStore: android::hardware::configstore::V1_0::ISurfaceFlingerConfigs::hasHDRDisplay retrieved: 0
12-04 05:09:20.862   566   566 I SurfaceFlinger: EGL information:
12-04 05:09:20.862   566   566 I SurfaceFlinger: vendor    : Android
12-04 05:09:20.862   566   566 I SurfaceFlinger: version   : 1.4 Android META-EGL
12-04 05:09:20.862   566   566 I SurfaceFlinger: extensions: EGL_KHR_get_all_proc_addresses EGL_ANDROID_presentation_time EGL_KHR_swap_buffers_with_damage EGL_ANDROID_get_native_client_buffer EGL_ANDROID_front_buffer_auto_refresh EGL_ANDROID_get_frame_timestamps EGL_EXT_surface_SMPTE2086_metadata EGL_EXT_surface_CTA861_3_metadata EGL_KHR_image EGL_KHR_image_base EGL_EXT_image_gl_colorspace EGL_KHR_lock_surface EGL_KHR_gl_colorspace EGL_KHR_gl_texture_2D_image EGL_KHR_gl_texture_3D_image EGL_KHR_gl_texture_cubemap_image EGL_KHR_gl_renderbuffer_image EGL_KHR_reusable_sync EGL_KHR_fence_sync EGL_KHR_create_context EGL_KHR_surfaceless_context EGL_EXT_create_context_robustness EGL_ANDROID_image_native_buffer EGL_KHR_wait_sync EGL_ANDROID_recordable EGL_KHR_partial_update EGL_EXT_pixel_format_float EGL_KHR_create_context_no_error EGL_KHR_mutable_render_buffer EGL_EXT_yuv_surface EGL_EXT_protected_content EGL_IMG_context_priority EGL_KHR_no_config_context 
12-04 05:09:20.862   566   566 I SurfaceFlinger: Client API: OpenGL_ES
12-04 05:09:20.862   566   566 I SurfaceFlinger: EGLSurface: 8-8-8-8, config=0x778738ee40
12-04 05:09:20.863   566   566 I SurfaceFlinger: OpenGL ES informations:
12-04 05:09:20.863   566   566 I SurfaceFlinger: vendor    : Qualcomm
12-04 05:09:20.863   566   566 I SurfaceFlinger: renderer  : Adreno (TM) 506
12-04 05:09:20.863   566   566 I SurfaceFlinger: version   : OpenGL ES 3.2 V@331.0 (GIT@2df12b3, I07da2d9908) (Date:10/04/18)
12-04 05:09:20.863   566   566 I SurfaceFlinger: extensions: GL_OES_EGL_image GL_OES_EGL_image_external GL_OES_EGL_sync GL_OES_vertex_half_float GL_OES_framebuffer_object GL_OES_rgb8_rgba8 GL_OES_compressed_ETC1_RGB8_texture GL_AMD_compressed_ATC_texture GL_KHR_texture_compression_astc_ldr GL_KHR_texture_compression_astc_hdr GL_OES_texture_compression_astc GL_OES_texture_npot GL_EXT_texture_filter_anisotropic GL_EXT_texture_format_BGRA8888 GL_OES_texture_3D GL_EXT_color_buffer_float GL_EXT_color_buffer_half_float GL_QCOM_alpha_test GL_OES_depth24 GL_OES_packed_depth_stencil GL_OES_depth_texture GL_OES_depth_texture_cube_map GL_EXT_sRGB GL_OES_texture_float GL_OES_texture_float_linear GL_OES_texture_half_float GL_OES_texture_half_float_linear GL_EXT_texture_type_2_10_10_10_REV GL_EXT_texture_sRGB_decode GL_EXT_texture_format_sRGB_override GL_OES_element_index_uint GL_EXT_copy_image GL_EXT_geometry_shader GL_EXT_tessellation_shader GL_OES_texture_stencil8 GL_EXT_shader_io_blocks GL_OES_shader_image_atomic GL_OES_sample_variables GL_EXT_texture_border_clamp G
12-04 05:09:20.863   566   566 I SurfaceFlinger: GL_MAX_TEXTURE_SIZE = 16384
12-04 05:09:20.863   566   566 I SurfaceFlinger: GL_MAX_VIEWPORT_DIMS = 16384
12-04 05:09:20.864   617   617 I ServiceManager: Waiting for service 'vendor.qcom.PeripheralManager' on '/dev/vndbinder'...
12-04 05:09:20.866   538   538 D vndksupport: Loading /vendor/lib64/hw/android.hardware.graphics.mapper@2.0-impl.so from current namespace instead of sphal namespace.
12-04 05:09:20.867   816   816 I auditd  : type=1400 audit(0.0:348): avc: denied { create } for comm="iptables" scontext=u:r:init:s0 tcontext=u:r:init:s0 tclass=rawip_socket permissive=1
12-04 05:09:20.867   816   816 I iptables: type=1400 audit(0.0:348): avc: denied { create } for scontext=u:r:init:s0 tcontext=u:r:init:s0 tclass=rawip_socket permissive=1
12-04 05:09:20.867   816   816 I auditd  : type=1400 audit(0.0:349): avc: denied { getopt } for comm="iptables" lport=255 scontext=u:r:init:s0 tcontext=u:r:init:s0 tclass=rawip_socket permissive=1
12-04 05:09:20.867   816   816 I iptables: type=1400 audit(0.0:349): avc: denied { getopt } for lport=255 scontext=u:r:init:s0 tcontext=u:r:init:s0 tclass=rawip_socket permissive=1
12-04 05:09:20.869   538   538 D vndksupport: Loading /vendor/lib64/hw/gralloc.msm8953.so from current namespace instead of sphal namespace.
12-04 05:09:20.871   538   538 D SDM     : HWCSession::RegisterCallback: Registering callback: Hotplug
12-04 05:09:20.872   538   538 I SDM     : HWCDisplay::GetHdrCapabilities: HDR is not supported
12-04 05:09:20.872   538   538 I SDM     : HWCDisplay::GetHdrCapabilities: HDR is not supported
12-04 05:09:20.872   566   566 E HWComposer: getSupportedPerFrameMetadata: getSupportedPerFrameMetadata failed for display 0: Unsupported (8)
12-04 05:09:20.872   528   684 E audio_route: Control 'SpkrMono VISENSE Switch' doesn't exist - skipping
12-04 05:09:20.873   528   684 E audio_route: Control 'ADC1_INP1 Switch' doesn't exist - skipping
12-04 05:09:20.873   528   684 E audio_route: Control 'PRI_MI2S_RX Port Mixer INT_BT_SCO_TX' doesn't exist - skipping
12-04 05:09:20.874   528   684 E audio_route: Control 'INTERNAL_BT_SCO_RX Audio Mixer Multimedia6' doesn't exist - skipping
12-04 05:09:20.875   566   566 D vndksupport: Loading /vendor/lib64/hw/android.hardware.graphics.mapper@2.0-impl.so from current namespace instead of sphal namespace.
12-04 05:09:20.876   528   684 E audio_route: Control 'MI2S_DL_HL Switch' doesn't exist - skipping
12-04 05:09:20.876   566   566 D vndksupport: Loading /vendor/lib64/hw/gralloc.msm8953.so from current namespace instead of sphal namespace.
12-04 05:09:20.876   528   684 E audio_route: Control 'MI2S_DL_HL Switch' doesn't exist - skipping
12-04 05:09:20.877   563   563 I auditd  : type=1400 audit(0.0:350): avc: denied { read } for comm="pm-service" name="vndbinder" dev="tmpfs" ino=6989 scontext=u:r:init:s0 tcontext=u:object_r:vndbinder_device:s0 tclass=chr_file permissive=1
12-04 05:09:20.877   563   563 I pm-service: type=1400 audit(0.0:350): avc: denied { read } for name="vndbinder" dev="tmpfs" ino=6989 scontext=u:r:init:s0 tcontext=u:object_r:vndbinder_device:s0 tclass=chr_file permissive=1
12-04 05:09:20.877     0     0 I init    : Received control message 'start' for 'vendor.qmuxd' from pid: 658 (start vendor.qmuxd)
12-04 05:09:20.877   528   684 E audio_route: unknown enum value string 16000 for ctl Internal BTSCO SampleRate
12-04 05:09:20.877     0     0 E init    : Could not ctl.start for service vendor.qmuxd: Cannot find '/vendor/bin/qmuxd': No such file or directory
12-04 05:09:20.878   774   774 D LocSvc_LBSProxy: checkIfLocationExtendedClientExists] File Exists
12-04 05:09:20.878     0     0 I init    : Received control message 'interface_start' for 'android.hardware.audio@4.0::IDevicesFactory/default' from pid: 442 (/system/bin/hwservicemanager)
12-04 05:09:20.878   614   632 I adbd    : functionfs successfully initialized
12-04 05:09:20.878   614   632 I adbd    : registering usb transport
12-04 05:09:20.879     0     0 I init    : Received control message 'interface_start' for 'android.hardware.audio@2.0::IDevicesFactory/msd' from pid: 442 (/system/bin/hwservicemanager)
12-04 05:09:20.879     0     0 E init    : Could not find service hosting interface android.hardware.audio@2.0::IDevicesFactory/msd
12-04 05:09:20.879     0     0 I init    : Received control message 'interface_start' for 'android.hardware.keymaster@4.0::IKeymasterDevice/default' from pid: 442 (/system/bin/hwservicemanager)
12-04 05:09:20.879     0     0 E init    : Could not find service hosting interface android.hardware.keymaster@4.0::IKeymasterDevice/default
12-04 05:09:20.880     0     0 I init    : Received control message 'interface_start' for 'android.hardware.camera.provider@2.4::ICameraProvider/legacy/0' from pid: 442 (/system/bin/hwservicemanager)
12-04 05:09:20.880     0     0 E init    : Could not find service hosting interface android.hardware.camera.provider@2.4::ICameraProvider/legacy/0
12-04 05:09:20.880     0     0 I init    : Received control message 'interface_start' for 'android.hardware.camera.provider@2.4::ICameraProvider/legacy/0' from pid: 442 (/system/bin/hwservicemanager)
12-04 05:09:20.880     0     0 E init    : Could not find service hosting interface android.hardware.camera.provider@2.4::ICameraProvider/legacy/0
12-04 05:09:20.880     0     0 I init    : Received control message 'interface_start' for 'android.hardware.usb.gadget@1.0::IUsbGadget/default' from pid: 442 (/system/bin/hwservicemanager)
12-04 05:09:20.881     0     0 E init    : Could not find service hosting interface android.hardware.usb.gadget@1.0::IUsbGadget/default
12-04 05:09:20.881   528   684 E audio_route: Control 'MultiMedia8 Mixer TERT_MI2S_TX' doesn't exist - skipping
12-04 05:09:20.881   528   684 E audio_route: unknown enum value string 16000 for ctl Internal BTSCO SampleRate
12-04 05:09:20.881   528   684 E audio_route: unknown enum value string 16000 for ctl Internal BTSCO SampleRate
12-04 05:09:20.882     0     0 I init    : processing action (vendor.ims.QMI_DAEMON_STATUS=1) from (/vendor/etc/init/hw/init.target.rc:241)
12-04 05:09:20.882   774   774 I slim_daemon: [QMISLIM] slim_QSQmiSvcTask_Init: QMI-SLIM Service Task Initialized
12-04 05:09:20.882   528   684 E audio_route: Control 'MI2S_DL_HL Switch' doesn't exist - skipping
12-04 05:09:20.883   774   774 W         : HAL: loc_get_target returned 3
12-04 05:09:20.883   528   684 E audio_route: unknown enum value string 16000 for ctl Internal BTSCO SampleRate
12-04 05:09:20.884   528   684 E audio_route: unknown enum value string 16000 for ctl Internal BTSCO SampleRate
12-04 05:09:20.886   528   684 E audio_route: Control 'ADC1_INP1 Switch' doesn't exist - skipping
12-04 05:09:20.886   528   684 E audio_route: Control 'SpkrMono WSA_RDAC' doesn't exist - skipping
12-04 05:09:20.887   528   684 E audio_route: Control 'SpkrMono VISENSE Switch' doesn't exist - skipping
12-04 05:09:20.887     0     0 E init    : File /vendor/bin/imsdatadaemon(labeled "u:object_r:vendor_file:s0") has incorrect label or no domain transition from u:r:init:s0 to another SELinux domain defined. Have you configured your service correctly? https://source.android.com/security/selinux/device-policy#label_new_services_and_address_denials
12-04 05:09:20.887     0     0 I init    : starting service 'vendor.imsdatadaemon'...
12-04 05:09:20.890   528   684 E audio_route: Control 'MI2S_DL_HL Switch' doesn't exist - skipping
12-04 05:09:20.892   774   832 I LocSvc_api_v02: locClientOpen:2000]: Service instance id is -1
12-04 05:09:20.892   774   832 I LocSvc_api_v02: ---> locClientOpenInstance line 1875 loc client open
12-04 05:09:20.893   774   832 E QMI_FW  : QMUXD: WARNING qmi_qmux_if_pwr_up_init failed! rc=-6
12-04 05:09:20.893     0     0 I init    : Received control message 'start' for 'vendor.msm_irqbalance' from pid: 821 (start vendor.msm_irqbalance)
12-04 05:09:20.893     0     0 E init    : File /vendor/bin/msm_irqbalance(labeled "u:object_r:vendor_file:s0") has incorrect label or no domain transition from u:r:init:s0 to another SELinux domain defined. Have you configured your service correctly? https://source.android.com/security/selinux/device-policy#label_new_services_and_address_denials
12-04 05:09:20.893     0     0 I init    : starting service 'vendor.msm_irqbalance'...
12-04 05:09:20.899     0     0 I init    : Created socket '/dev/socket/ims_datad', mode 660, user 1000, group 1001
12-04 05:09:20.932     0     0 W audit   : audit_lost=323 audit_rate_limit=5 audit_backlog_limit=64
12-04 05:09:20.932     0     0 E audit   : rate limit exceeded
12-04 05:09:20.933   528   684 D msm8916_platform: Opening /sys/class/thermal/thermal_zone0/type
12-04 05:09:20.933   528   684 D msm8916_platform: Opening /sys/class/thermal/thermal_zone1/type
12-04 05:09:20.933   528   684 D msm8916_platform: Opening /sys/class/thermal/thermal_zone2/type
12-04 05:09:20.933   528   684 D msm8916_platform: Opening /sys/class/thermal/thermal_zone3/type
12-04 05:09:20.933   528   684 D msm8916_platform: Opening /sys/class/thermal/thermal_zone4/type
12-04 05:09:20.933   528   684 D msm8916_platform: Opening /sys/class/thermal/thermal_zone5/type
12-04 05:09:20.933   528   684 D msm8916_platform: Opening /sys/class/thermal/thermal_zone6/type
12-04 05:09:20.933   528   684 D msm8916_platform: Opening /sys/class/thermal/thermal_zone7/type
12-04 05:09:20.934   528   684 D msm8916_platform: Opening /sys/class/thermal/thermal_zone8/type
12-04 05:09:20.934   528   684 D msm8916_platform: Opening /sys/class/thermal/thermal_zone9/type
12-04 05:09:20.934   528   684 D msm8916_platform: Opening /sys/class/thermal/thermal_zone10/type
12-04 05:09:20.934   528   684 D msm8916_platform: Opening /sys/class/thermal/thermal_zone11/type
12-04 05:09:20.934   528   684 D msm8916_platform: Opening /sys/class/thermal/thermal_zone12/type
12-04 05:09:20.934   528   684 D msm8916_platform: Opening /sys/class/thermal/thermal_zone13/type
12-04 05:09:20.934   528   684 D msm8916_platform: Opening /sys/class/thermal/thermal_zone14/type
12-04 05:09:20.934   528   684 D msm8916_platform: Opening /sys/class/thermal/thermal_zone15/type
12-04 05:09:20.934   528   684 D msm8916_platform: Opening /sys/class/thermal/thermal_zone16/type
12-04 05:09:20.934   528   684 D msm8916_platform: Opening /sys/class/thermal/thermal_zone17/type
12-04 05:09:20.934   528   684 D msm8916_platform: Opening /sys/class/thermal/thermal_zone18/type
12-04 05:09:20.935   528   684 D msm8916_platform: Opening /sys/class/thermal/thermal_zone19/type
12-04 05:09:20.935   528   684 D msm8916_platform: Opening /sys/class/thermal/thermal_zone20/type
12-04 05:09:20.935   528   684 D msm8916_platform: Opening /sys/class/thermal/thermal_zone21/type
12-04 05:09:20.935   528   684 D audio_hw_extn: audio_extn_can_use_vbat: vbat.enabled property is set to 0
12-04 05:09:20.935   528   684 D msm8916_platform: Alac software decoder is available...removing alac from DSP decoder list
12-04 05:09:20.935   528   684 D msm8916_platform: APE software decoder is available...removing ape from DSP decoder list
12-04 05:09:20.936   528   684 D msm8916_platform: platform_set_audio_device_interface: Enter, device name:AUDIO_DEVICE_IN_BUILTIN_MIC, intf name:SLIMBUS_0, codec_type:external
12-04 05:09:20.936   528   684 E msm8916_platform: Invalid codec_type specified. Ignoring this interface entry.
12-04 05:09:20.936   528   684 D msm8916_platform: platform_set_audio_device_interface: Enter, device name:AUDIO_DEVICE_IN_BACK_MIC, intf name:SLIMBUS_0, codec_type:external
12-04 05:09:20.936   528   684 E msm8916_platform: Invalid codec_type specified. Ignoring this interface entry.
12-04 05:09:20.936   528   684 D msm8916_platform: platform_set_audio_device_interface: Enter, device name:AUDIO_DEVICE_IN_BUILTIN_MIC, intf name:TERT_MI2S, codec_type:internal
12-04 05:09:20.936   528   684 D msm8916_platform: platform_set_audio_device_interface: Matched device name:AUDIO_DEVICE_IN_BUILTIN_MIC, overwrite intf name with TERT_MI2S
12-04 05:09:20.936   528   684 D msm8916_platform: platform_set_audio_device_interface: Enter, device name:AUDIO_DEVICE_IN_BACK_MIC, intf name:TERT_MI2S, codec_type:internal
12-04 05:09:20.936   528   684 D msm8916_platform: platform_set_audio_device_interface: Matched device name:AUDIO_DEVICE_IN_BACK_MIC, overwrite intf name with TERT_MI2S
12-04 05:09:20.936   528   684 D msm8916_platform: platform_set_snd_device_backend: backend_tag_table[headphones]: old = null new = (null)
12-04 05:09:20.936   528   684 D msm8916_platform: platform_set_snd_device_backend: hw_interface_table[9] = PRI_MI2S_RX
12-04 05:09:20.936   528   684 D msm8916_platform: platform_set_snd_device_backend: backend_tag_table[bt-sco-headset-wb]: old = bt-sco-wb new = (null)
12-04 05:09:20.936   528   684 D msm8916_platform: platform_set_snd_device_backend: hw_interface_table[31] = INTERNAL_BT_SCO_RX
12-04 05:09:20.936   528   684 D msm8916_platform: platform_set_snd_device_backend: backend_tag_table[bt-sco-headset]: old = bt-sco new = (null)
12-04 05:09:20.936   528   684 D msm8916_platform: platform_set_snd_device_backend: hw_interface_table[30] = INTERNAL_BT_SCO_RX
12-04 05:09:20.936   528   684 D msm8916_platform: platform_set_snd_device_backend: backend_tag_table[line]: old = null new = (null)
12-04 05:09:20.936   528   684 D msm8916_platform: platform_set_snd_device_backend: hw_interface_table[8] = PRI_MI2S_RX
12-04 05:09:20.936   528   684 D msm8916_platform: platform_set_snd_device_backend: backend_tag_table[anc-headphones]: old = null new = (null)
12-04 05:09:20.936   528   684 D msm8916_platform: platform_set_snd_device_backend: hw_interface_table[49] = PRI_MI2S_RX
12-04 05:09:20.936   528   684 D msm8916_platform: platform_set_snd_device_backend: backend_tag_table[speaker-and-headphones]: old = null new = (null)
12-04 05:09:20.937   528   684 D msm8916_platform: platform_set_snd_device_backend: hw_interface_table[12] = PRI_MI2S_RX
12-04 05:09:20.937   528   684 D msm8916_platform: platform_set_snd_device_backend: backend_tag_table[speaker-and-line]: old = null new = (null)
12-04 05:09:20.937   528   684 D msm8916_platform: platform_set_snd_device_backend: hw_interface_table[13] = PRI_MI2S_RX
12-04 05:09:20.937   528   684 D msm8916_platform: platform_set_snd_device_backend: backend_tag_table[speaker-and-anc-headphones]: old = null new = (null)
12-04 05:09:20.937   528   684 D msm8916_platform: platform_set_snd_device_backend: hw_interface_table[53] = PRI_MI2S_RX
12-04 05:09:20.937   528   684 D msm8916_platform: platform_set_snd_device_backend: backend_tag_table[voice-headphones]: old = null new = (null)
12-04 05:09:20.937   528   684 D msm8916_platform: platform_set_snd_device_backend: hw_interface_table[24] = PRI_MI2S_RX
12-04 05:09:20.937   528   684 D msm8916_platform: platform_set_snd_device_backend: backend_tag_table[voice-anc-headphones]: old = null new = (null)
12-04 05:09:20.937   528   684 D msm8916_platform: platform_set_snd_device_backend: hw_interface_table[51] = PRI_MI2S_RX
12-04 05:09:20.937   528   684 D msm8916_platform: platform_set_snd_device_backend: backend_tag_table[voice-line]: old = null new = (null)
12-04 05:09:20.937   528   684 D msm8916_platform: platform_set_snd_device_backend: hw_interface_table[25] = PRI_MI2S_RX
12-04 05:09:20.937   528   684 D msm8916_platform: platform_set_snd_device_backend: backend_tag_table[voice-tty-full-headphones]: old = null new = (null)
12-04 05:09:20.937   528   684 D msm8916_platform: platform_set_snd_device_backend: hw_interface_table[38] = PRI_MI2S_RX
12-04 05:09:20.937   528   684 D msm8916_platform: platform_set_snd_device_backend: backend_tag_table[voice-tty-vco-headphones]: old = null new = (null)
12-04 05:09:20.937   528   684 D msm8916_platform: platform_set_snd_device_backend: hw_interface_table[39] = PRI_MI2S_RX
12-04 05:09:20.937   528   684 D msm8916_platform: platform_set_snd_device_backend: backend_tag_table[handset]: old = null new = (null)
12-04 05:09:20.937   528   684 D msm8916_platform: platform_set_snd_device_backend: hw_interface_table[1] = PRI_MI2S_RX
12-04 05:09:20.937   528   684 D msm8916_platform: platform_set_snd_device_backend: backend_tag_table[speaker]: old = null new = (null)
12-04 05:09:20.937   528   684 D msm8916_platform: platform_set_snd_device_backend: hw_interface_table[2] = PRI_MI2S_RX
12-04 05:09:20.937   528   684 D msm8916_platform: platform_set_snd_device_backend: backend_tag_table[speaker-reverse]: old = null new = (null)
12-04 05:09:20.937   528   684 D msm8916_platform: platform_set_snd_device_backend: hw_interface_table[5] = PRI_MI2S_RX
12-04 05:09:20.937   528   684 D msm8916_platform: platform_set_snd_device_backend: backend_tag_table[vbat-speaker]: old = null new = (null)
12-04 05:09:20.937   528   684 D msm8916_platform: platform_set_snd_device_backend: hw_interface_table[7] = PRI_MI2S_RX
12-04 05:09:20.937   528   684 D msm8916_platform: platform_set_snd_device_backend: backend_tag_table[voice-handset]: old = null new = (null)
12-04 05:09:20.937   528   684 D msm8916_platform: platform_set_snd_device_backend: hw_interface_table[16] = PRI_MI2S_RX
12-04 05:09:20.937   528   684 D msm8916_platform: platform_set_snd_device_backend: backend_tag_table[voice-speaker]: old = null new = (null)
12-04 05:09:20.937   528   684 D msm8916_platform: platform_set_snd_device_backend: hw_interface_table[17] = PRI_MI2S_RX
12-04 05:09:20.937   528   684 D msm8916_platform: platform_set_snd_device_backend: backend_tag_table[vbat-voice-speaker]: old = vbat-voice-speaker new = (null)
12-04 05:09:20.937   528   684 D msm8916_platform: platform_set_snd_device_backend: hw_interface_table[20] = PRI_MI2S_RX
12-04 05:09:20.937   528   684 D msm8916_platform: platform_set_snd_device_backend: backend_tag_table[voice-speaker-2]: old = null new = (null)
12-04 05:09:20.937   528   684 D msm8916_platform: platform_set_snd_device_backend: hw_interface_table[21] = PRI_MI2S_RX
12-04 05:09:20.937   528   684 D msm8916_platform: platform_set_snd_device_backend: backend_tag_table[vbat-voice-speaker-2]: old = vbat-voice-speaker-2 new = (null)
12-04 05:09:20.937   528   684 D msm8916_platform: platform_set_snd_device_backend: hw_interface_table[23] = PRI_MI2S_RX
12-04 05:09:20.937   528   684 D msm8916_platform: platform_set_snd_device_backend: backend_tag_table[voice-tty-hco-handset]: old = null new = (null)
12-04 05:09:20.937   528   684 D msm8916_platform: platform_set_snd_device_backend: hw_interface_table[40] = PRI_MI2S_RX
12-04 05:09:20.937   528   684 D msm8916_platform: platform_set_snd_device_backend: backend_tag_table[anc-fb-headphones]: old = null new = (null)
12-04 05:09:20.937   528   684 D msm8916_platform: platform_set_snd_device_backend: hw_interface_table[50] = PRI_MI2S_RX
12-04 05:09:20.937   528   684 D msm8916_platform: platform_set_snd_device_backend: backend_tag_table[voice-anc-fb-headphones]: old = null new = (null)
12-04 05:09:20.937   528   684 D msm8916_platform: platform_set_snd_device_backend: hw_interface_table[52] = PRI_MI2S_RX
12-04 05:09:20.937   528   684 D msm8916_platform: platform_set_snd_device_backend: backend_tag_table[anc-handset]: old = null new = (null)
12-04 05:09:20.937   528   684 D msm8916_platform: platform_set_snd_device_backend: hw_interface_table[54] = PRI_MI2S_RX
12-04 05:09:20.937   528   684 D msm8916_platform: platform_set_snd_device_backend: backend_tag_table[speaker-protected]: old = null new = (null)
12-04 05:09:20.937   528   684 D msm8916_platform: platform_set_snd_device_backend: hw_interface_table[55] = PRI_MI2S_RX
12-04 05:09:20.937   528   684 D msm8916_platform: platform_set_snd_device_backend: backend_tag_table[voice-speaker-protected]: old = null new = (null)
12-04 05:09:20.937   528   684 D msm8916_platform: platform_set_snd_device_backend: hw_interface_table[56] = PRI_MI2S_RX
12-04 05:09:20.937   528   684 D msm8916_platform: platform_set_snd_device_backend: backend_tag_table[voice-speaker-2-protected]: old = null new = (null)
12-04 05:09:20.937   528   684 D msm8916_platform: platform_set_snd_device_backend: hw_interface_table[57] = PRI_MI2S_RX
12-04 05:09:20.937   528   684 D msm8916_platform: platform_set_snd_device_backend: backend_tag_table[speaker-protected-vbat]: old = null new = (null)
12-04 05:09:20.937   528   684 D msm8916_platform: platform_set_snd_device_backend: hw_interface_table[59] = PRI_MI2S_RX
12-04 05:09:20.937   528   684 D msm8916_platform: platform_set_snd_device_backend: backend_tag_table[voice-speaker-protected-vbat]: old = null new = (null)
12-04 05:09:20.937   528   684 D msm8916_platform: platform_set_snd_device_backend: hw_interface_table[60] = PRI_MI2S_RX
12-04 05:09:20.937   528   684 D msm8916_platform: platform_set_snd_device_backend: backend_tag_table[voice-speaker-2-protected-vbat]: old = null new = (null)
12-04 05:09:20.937   528   684 D msm8916_platform: platform_set_snd_device_backend: hw_interface_table[61] = PRI_MI2S_RX
12-04 05:09:20.937   528   684 D msm8916_platform: platform_set_snd_device_backend: backend_tag_table[wsa-speaker]: old = null new = (null)
12-04 05:09:20.937   528   684 D msm8916_platform: platform_set_snd_device_backend: hw_interface_table[6] = PRI_MI2S_RX
12-04 05:09:20.937   528   684 D msm8916_platform: platform_set_snd_device_backend: backend_tag_table[wsa-voice-speaker]: old = null new = (null)
12-04 05:09:20.937   528   684 D msm8916_platform: platform_set_snd_device_backend: hw_interface_table[19] = PRI_MI2S_RX
12-04 05:09:20.937   528   684 D msm8916_platform: platform_set_snd_device_backend: backend_tag_table[wsa-voice-speaker-2]: old = null new = (null)
12-04 05:09:20.937   528   684 D msm8916_platform: platform_set_snd_device_backend: hw_interface_table[22] = PRI_MI2S_RX
12-04 05:09:20.937   528   684 D msm8916_platform: platform_set_snd_device_backend: backend_tag_table[handset-mic]: old = null new = (null)
12-04 05:09:20.937   528   684 D msm8916_platform: platform_set_snd_device_backend: hw_interface_table[68] = TERT_MI2S_TX
12-04 05:09:20.937   528   684 D msm8916_platform: platform_set_snd_device_backend: backend_tag_table[handset-mic-ext]: old = null new = (null)
12-04 05:09:20.937   528   684 D msm8916_platform: platform_set_snd_device_backend: hw_interface_table[69] = TERT_MI2S_TX
12-04 05:09:20.937   528   684 D msm8916_platform: platform_set_snd_device_backend: backend_tag_table[handset-mic]: old = null new = (null)
12-04 05:09:20.937   528   684 D msm8916_platform: platform_set_snd_device_backend: hw_interface_table[70] = TERT_MI2S_TX
12-04 05:09:20.937   528   684 D msm8916_platform: platform_set_snd_device_backend: backend_tag_table[handset-mic]: old = null new = (null)
12-04 05:09:20.937   528   684 D msm8916_platform: platform_set_snd_device_backend: hw_interface_table[71] = TERT_MI2S_TX
12-04 05:09:20.937   528   684 D msm8916_platform: platform_set_snd_device_backend: backend_tag_table[handset-mic]: old = null new = (null)
12-04 05:09:20.937   528   684 D msm8916_platform: platform_set_snd_device_backend: hw_interface_table[72] = TERT_MI2S_TX
12-04 05:09:20.938   528   684 D msm8916_platform: platform_set_snd_device_backend: backend_tag_table[dmic-endfire]: old = null new = (null)
12-04 05:09:20.938   528   684 D msm8916_platform: platform_set_snd_device_backend: hw_interface_table[73] = TERT_MI2S_TX
12-04 05:09:20.938   528   684 D msm8916_platform: platform_set_snd_device_backend: backend_tag_table[dmic-endfire]: old = null new = (null)
12-04 05:09:20.938   528   684 D msm8916_platform: platform_set_snd_device_backend: hw_interface_table[74] = TERT_MI2S_TX
12-04 05:09:20.938   528   684 D msm8916_platform: platform_set_snd_device_backend: backend_tag_table[dmic-endfire]: old = null new = (null)
12-04 05:09:20.938   528   684 D msm8916_platform: platform_set_snd_device_backend: hw_interface_table[75] = TERT_MI2S_TX
12-04 05:09:20.938   528   684 D msm8916_platform: platform_set_snd_device_backend: backend_tag_table[dmic-endfire]: old = null new = (null)
12-04 05:09:20.938   528   684 D msm8916_platform: platform_set_snd_device_backend: hw_interface_table[76] = TERT_MI2S_TX
12-04 05:09:20.938   528   684 D msm8916_platform: platform_set_snd_device_backend: backend_tag_table[speaker-mic]: old = null new = (null)
12-04 05:09:20.938   528   684 D msm8916_platform: platform_set_snd_device_backend: hw_interface_table[77] = TERT_MI2S_TX
12-04 05:09:20.938   528   684 D msm8916_platform: platform_set_snd_device_backend: backend_tag_table[speaker-mic]: old = null new = (null)
12-04 05:09:20.938   528   684 D msm8916_platform: platform_set_snd_device_backend: hw_interface_table[78] = TERT_MI2S_TX
12-04 05:09:20.938   528   684 D msm8916_platform: platform_set_snd_device_backend: backend_tag_table[speaker-mic]: old = null new = (null)
12-04 05:09:20.938   528   684 D msm8916_platform: platform_set_snd_device_backend: hw_interface_table[79] = TERT_MI2S_TX
12-04 05:09:20.938   528   684 D msm8916_platform: platform_set_snd_device_backend: backend_tag_table[speaker-mic]: old = null new = (null)
12-04 05:09:20.938   528   684 D msm8916_platform: platform_set_snd_device_backend: hw_interface_table[80] = TERT_MI2S_TX
12-04 05:09:20.938   528   684 D msm8916_platform: platform_set_snd_device_backend: backend_tag_table[speaker-dmic-endfire]: old = null new = (null)
12-04 05:09:20.938   528   684 D msm8916_platform: platform_set_snd_device_backend: hw_interface_table[81] = TERT_MI2S_TX
12-04 05:09:20.938   528   684 D msm8916_platform: platform_set_snd_device_backend: backend_tag_table[speaker-dmic-endfire]: old = null new = (null)
12-04 05:09:20.938   528   684 D msm8916_platform: platform_set_snd_device_backend: hw_interface_table[82] = TERT_MI2S_TX
12-04 05:09:20.938   528   684 D msm8916_platform: platform_set_snd_device_backend: backend_tag_table[speaker-dmic-endfire]: old = null new = (null)
12-04 05:09:20.938   528   684 D msm8916_platform: platform_set_snd_device_backend: hw_interface_table[83] = TERT_MI2S_TX
12-04 05:09:20.938   528   684 D msm8916_platform: platform_set_snd_device_backend: backend_tag_table[speaker-dmic-endfire]: old = null new = (null)
12-04 05:09:20.938   528   684 D msm8916_platform: platform_set_snd_device_backend: hw_interface_table[84] = TERT_MI2S_TX
12-04 05:09:20.938   528   684 D msm8916_platform: platform_set_snd_device_backend: backend_tag_table[headset-mic]: old = null new = (null)
12-04 05:09:20.938   528   684 D msm8916_platform: platform_set_snd_device_backend: hw_interface_table[85] = TERT_MI2S_TX
12-04 05:09:20.938   528   684 D msm8916_platform: platform_set_snd_device_backend: backend_tag_table[headset-mic]: old = null new = (null)
12-04 05:09:20.938   528   684 D msm8916_platform: platform_set_snd_device_backend: hw_interface_table[86] = TERT_MI2S_TX
12-04 05:09:20.938   528   684 D msm8916_platform: platform_set_snd_device_backend: backend_tag_table[voice-speaker-mic]: old = null new = (null)
12-04 05:09:20.938   528   684 D msm8916_platform: platform_set_snd_device_backend: hw_interface_table[87] = TERT_MI2S_TX
12-04 05:09:20.938   528   684 D msm8916_platform: platform_set_snd_device_backend: backend_tag_table[voice-headset-mic]: old = null new = (null)
12-04 05:09:20.938   528   684 D msm8916_platform: platform_set_snd_device_backend: hw_interface_table[88] = TERT_MI2S_TX
12-04 05:09:20.938   528   684 D msm8916_platform: platform_set_snd_device_backend: backend_tag_table[camcorder-mic]: old = null new = (null)
12-04 05:09:20.938   528   684 D msm8916_platform: platform_set_snd_device_backend: hw_interface_table[94] = TERT_MI2S_TX
12-04 05:09:20.938   528   684 D msm8916_platform: platform_set_snd_device_backend: backend_tag_table[voice-dmic-ef]: old = null new = (null)
12-04 05:09:20.938   528   684 D msm8916_platform: platform_set_snd_device_backend: hw_interface_table[95] = TERT_MI2S_TX
12-04 05:09:20.938   528   684 D msm8916_platform: platform_set_snd_device_backend: backend_tag_table[voice-speaker-dmic-ef]: old = null new = (null)
12-04 05:09:20.938   528   684 D msm8916_platform: platform_set_snd_device_backend: hw_interface_table[96] = TERT_MI2S_TX
12-04 05:09:20.938   528   684 D msm8916_platform: platform_set_snd_device_backend: backend_tag_table[voice-speaker-qmic]: old = null new = (null)
12-04 05:09:20.938   528   684 D msm8916_platform: platform_set_snd_device_backend: hw_interface_table[98] = TERT_MI2S_TX
12-04 05:09:20.938   528   684 D msm8916_platform: platform_set_snd_device_backend: backend_tag_table[voice-tty-full-headset-mic]: old = null new = (null)
12-04 05:09:20.938   528   684 D msm8916_platform: platform_set_snd_device_backend: hw_interface_table[99] = TERT_MI2S_TX
12-04 05:09:20.938   528   684 D msm8916_platform: platform_set_snd_device_backend: backend_tag_table[voice-tty-vco-handset-mic]: old = null new = (null)
12-04 05:09:20.938   528   684 D msm8916_platform: platform_set_snd_device_backend: hw_interface_table[100] = TERT_MI2S_TX
12-04 05:09:20.938   528   684 D msm8916_platform: platform_set_snd_device_backend: backend_tag_table[voice-tty-hco-headset-mic]: old = null new = (null)
12-04 05:09:20.938   528   684 D msm8916_platform: platform_set_snd_device_backend: hw_interface_table[101] = TERT_MI2S_TX
12-04 05:09:20.938   528   684 D msm8916_platform: platform_set_snd_device_backend: backend_tag_table[voice-rec-mic]: old = null new = (null)
12-04 05:09:20.938   528   684 D msm8916_platform: platform_set_snd_device_backend: hw_interface_table[102] = TERT_MI2S_TX
12-04 05:09:20.938   528   684 D msm8916_platform: platform_set_snd_device_backend: backend_tag_table[voice-rec-mic]: old = null new = (null)
12-04 05:09:20.938   528   684 D msm8916_platform: platform_set_snd_device_backend: hw_interface_table[103] = TERT_MI2S_TX
12-04 05:09:20.938   528   684 D msm8916_platform: platform_set_snd_device_backend: backend_tag_table[voice-rec-dmic-ef]: old = null new = (null)
12-04 05:09:20.938   528   684 D msm8916_platform: platform_set_snd_device_backend: hw_interface_table[104] = TERT_MI2S_TX
12-04 05:09:20.938   528   684 D msm8916_platform: platform_set_snd_device_backend: backend_tag_table[voice-rec-dmic-ef-fluence]: old = null new = (null)
12-04 05:09:20.938   528   684 D msm8916_platform: platform_set_snd_device_backend: hw_interface_table[105] = TERT_MI2S_TX
12-04 05:09:20.939   528   684 D msm8916_platform: platform_set_snd_device_backend: backend_tag_table[aanc-handset-mic]: old = null new = (null)
12-04 05:09:20.939   528   684 D msm8916_platform: platform_set_snd_device_backend: hw_interface_table[113] = TERT_MI2S_TX
12-04 05:09:20.939   528   684 D msm8916_platform: platform_set_snd_device_backend: backend_tag_table[quad-mic]: old = null new = (null)
12-04 05:09:20.939   528   684 D msm8916_platform: platform_set_snd_device_backend: hw_interface_table[114] = TERT_MI2S_TX
12-04 05:09:20.939   528   684 D msm8916_platform: platform_set_snd_device_backend: backend_tag_table[handset-stereo-dmic-ef]: old = null new = (null)
12-04 05:09:20.939   528   684 D msm8916_platform: platform_set_snd_device_backend: hw_interface_table[115] = TERT_MI2S_TX
12-04 05:09:20.939   528   684 D msm8916_platform: platform_set_snd_device_backend: backend_tag_table[speaker-stereo-dmic-ef]: old = null new = (null)
12-04 05:09:20.939   528   684 D msm8916_platform: platform_set_snd_device_backend: hw_interface_table[116] = TERT_MI2S_TX
12-04 05:09:20.939   528   684 D msm8916_platform: platform_set_snd_device_backend: backend_tag_table[vi-feedback]: old = null new = (null)
12-04 05:09:20.939   528   684 D msm8916_platform: platform_set_snd_device_backend: hw_interface_table[117] = SENARY_MI2S_TX
12-04 05:09:20.939   528   684 D msm8916_platform: platform_set_snd_device_backend: backend_tag_table[vi-feedback-mono-1]: old = null new = (null)
12-04 05:09:20.939   528   684 D msm8916_platform: platform_set_snd_device_backend: hw_interface_table[118] = SENARY_MI2S_TX
12-04 05:09:20.939   528   684 D msm8916_platform: platform_set_snd_device_backend: backend_tag_table[vi-feedback-mono-2]: old = null new = (null)
12-04 05:09:20.939   528   684 D msm8916_platform: platform_set_snd_device_backend: hw_interface_table[119] = SENARY_MI2S_TX
12-04 05:09:20.939   528   684 D msm8916_platform: platform_set_snd_device_backend: backend_tag_table[voice-speaker-dmic-broadside]: old = null new = (null)
12-04 05:09:20.939   528   684 D msm8916_platform: platform_set_snd_device_backend: hw_interface_table[120] = TERT_MI2S_TX
12-04 05:09:20.939   528   684 D msm8916_platform: platform_set_snd_device_backend: backend_tag_table[speaker-dmic-broadside]: old = null new = (null)
12-04 05:09:20.939   528   684 D msm8916_platform: platform_set_snd_device_backend: hw_interface_table[121] = TERT_MI2S_TX
12-04 05:09:20.939   528   684 D msm8916_platform: platform_set_snd_device_backend: backend_tag_table[speaker-dmic-broadside]: old = null new = (null)
12-04 05:09:20.939   528   684 D msm8916_platform: platform_set_snd_device_backend: hw_interface_table[122] = TERT_MI2S_TX
12-04 05:09:20.939   528   684 D msm8916_platform: platform_set_snd_device_backend: backend_tag_table[speaker-dmic-broadside]: old = null new = (null)
12-04 05:09:20.939   528   684 D msm8916_platform: platform_set_snd_device_backend: hw_interface_table[123] = TERT_MI2S_TX
12-04 05:09:20.939   528   684 D msm8916_platform: platform_set_snd_device_backend: backend_tag_table[speaker-dmic-broadside]: old = null new = (null)
12-04 05:09:20.939   528   684 D msm8916_platform: platform_set_snd_device_backend: hw_interface_table[124] = TERT_MI2S_TX
12-04 05:09:20.939   528   684 D msm8916_platform: platform_set_snd_device_backend: backend_tag_table[aanc-fluence-dmic-handset]: old = null new = (null)
12-04 05:09:20.939   528   684 D msm8916_platform: platform_set_snd_device_backend: hw_interface_table[125] = TERT_MI2S_TX
12-04 05:09:20.939   528   684 D msm8916_platform: platform_set_snd_device_backend: backend_tag_table[quad-mic]: old = null new = (null)
12-04 05:09:20.939   528   684 D msm8916_platform: platform_set_snd_device_backend: hw_interface_table[126] = TERT_MI2S_TX
12-04 05:09:20.939   528   684 D msm8916_platform: platform_set_snd_device_backend: backend_tag_table[quad-mic]: old = null new = (null)
12-04 05:09:20.939   528   684 D msm8916_platform: platform_set_snd_device_backend: hw_interface_table[127] = TERT_MI2S_TX
12-04 05:09:20.939   528   684 D msm8916_platform: platform_set_snd_device_backend: backend_tag_table[quad-mic]: old = null new = (null)
12-04 05:09:20.939   528   684 D msm8916_platform: platform_set_snd_device_backend: hw_interface_table[128] = TERT_MI2S_TX
12-04 05:09:20.939   528   684 D msm8916_platform: platform_set_snd_device_backend: backend_tag_table[quad-mic]: old = null new = (null)
12-04 05:09:20.939   528   684 D msm8916_platform: platform_set_snd_device_backend: hw_interface_table[129] = TERT_MI2S_TX
12-04 05:09:20.939   528   684 D msm8916_platform: platform_set_snd_device_backend: backend_tag_table[three-mic]: old = null new = (null)
12-04 05:09:20.939   528   684 D msm8916_platform: platform_set_snd_device_backend: hw_interface_table[130] = TERT_MI2S_TX
12-04 05:09:20.939   528   684 D msm8916_platform: platform_set_snd_device_backend: backend_tag_table[three-mic]: old = null new = (null)
12-04 05:09:20.939   528   684 D msm8916_platform: platform_set_snd_device_backend: hw_interface_table[132] = TERT_MI2S_TX
12-04 05:09:20.939   528   684 D msm8916_platform: platform_set_snd_device_backend: backend_tag_table[three-mic]: old = null new = (null)
12-04 05:09:20.939   528   684 D msm8916_platform: platform_set_snd_device_backend: hw_interface_table[136] = TERT_MI2S_TX
12-04 05:09:20.939   528   684 D msm8916_platform: platform_set_snd_device_backend: backend_tag_table[unprocessed-mic]: old = null new = (null)
12-04 05:09:20.939   528   684 D msm8916_platform: platform_set_snd_device_backend: hw_interface_table[137] = TERT_MI2S_TX
12-04 05:09:20.939   528   684 D msm8916_platform: platform_set_snd_device_backend: backend_tag_table[voice-rec-dmic-ef]: old = null new = (null)
12-04 05:09:20.939   528   684 D msm8916_platform: platform_set_snd_device_backend: hw_interface_table[138] = TERT_MI2S_TX
12-04 05:09:20.939   528   684 D msm8916_platform: platform_set_snd_device_backend: backend_tag_table[three-mic]: old = null new = (null)
12-04 05:09:20.939   528   684 D msm8916_platform: platform_set_snd_device_backend: hw_interface_table[139] = TERT_MI2S_TX
12-04 05:09:20.939   528   684 D msm8916_platform: platform_set_snd_device_backend: backend_tag_table[quad-mic]: old = null new = (null)
12-04 05:09:20.939   528   684 D msm8916_platform: platform_set_snd_device_backend: hw_interface_table[140] = TERT_MI2S_TX
12-04 05:09:20.939   528   684 D msm8916_platform: platform_set_snd_device_backend: backend_tag_table[headset-mic]: old = null new = (null)
12-04 05:09:20.939   528   684 D msm8916_platform: platform_set_snd_device_backend: hw_interface_table[141] = TERT_MI2S_TX
12-04 05:09:20.939   528   684 E msm8916_platform: find_index: Could not find index for name = SND_DEVICE_OUT_VOICE_SPEAKER_AND_VOICE_HEADPHONES
12-04 05:09:20.939   528   684 E platform_info: process_backend_name: Device SND_DEVICE_OUT_VOICE_SPEAKER_AND_VOICE_HEADPHONES not found, no ACDB ID set!
12-04 05:09:20.939   528   684 E msm8916_platform: find_index: Could not find index for name = SND_DEVICE_OUT_VOICE_SPEAKER_AND_VOICE_ANC_HEADSET
12-04 05:09:20.939   528   684 E platform_info: process_backend_name: Device SND_DEVICE_OUT_VOICE_SPEAKER_AND_VOICE_ANC_HEADSET not found, no ACDB ID set!
12-04 05:09:20.940   838   838 E MSM-irqbalance: WARNING: Cannot find matching virq for hwirq(3).
12-04 05:09:20.941   623   623 E QMI_FW  : QMUXD: WARNING qmi_qmux_if_pwr_up_init failed! rc=-6
12-04 05:09:20.942   838   838 E MSM-irqbalance: WARNING: Cannot find matching virq for hwirq(5).
12-04 05:09:20.942   838   838 I MSM-irqbalance: msm-irq_balance (1.3) initialized
12-04 05:09:20.942   838   838 I MSM-irqbalance: Configuration
12-04 05:09:20.942   838   838 I MSM-irqbalance: Rate: 0.2 Hz
12-04 05:09:20.942   838   838 I MSM-irqbalance: Decay Factor: 75.0
12-04 05:09:20.942   838   838 I MSM-irqbalance: Balancing Factor: 0.1
12-04 05:09:20.942   838   838 I MSM-irqbalance: Debug Log: OFF
12-04 05:09:20.942   838   838 I MSM-irqbalance: Cfg file: /vendor/etc/msm_irqbalance.conf
12-04 05:09:20.942   838   838 I MSM-irqbalance: CPU PRIO: CPU0: 0 CPU1: 0 CPU2: 0 CPU3: 0 CPU4: 1 CPU5: 1 CPU6: 1 CPU7: 1 
12-04 05:09:20.942   838   838 I MSM-irqbalance: Ignored IRQs: 3 5 
12-04 05:09:20.956   528   684 E msm8916_platform: platform_init: dlsym error undefined symbol: acdb_loader_init_v4 for acdb_loader_init_v4
12-04 05:09:20.956   528   684 E platform_info: param tag only supported with CONFIG_PARAMS section
12-04 05:09:20.957   528   684 E platform_info: param tag only supported with CONFIG_PARAMS section
12-04 05:09:20.958   543   543 W qti_sensors_hal: addSensor : Not supported sensor with handle 67!
12-04 05:09:20.958   528   684 E audio_hw_acdb: acdb_init_v2: dlsym error undefined symbol: acdb_loader_init_v4 for acdb_loader_init_v4
12-04 05:09:20.958   528   684 D ACDB-LOADER: ACDB -> No .acdb files found in /vendor/etc/acdbdata!
12-04 05:09:20.958   528   684 D ACDB-LOADER: ACDB -> found 0 form factor & soundcard independant files
12-04 05:09:20.959   528   684 D ACDB-LOADER: ACDB -> Load file: /vendor/etc/acdbdata/QRD/QRD_Global_cal.acdb
12-04 05:09:20.959   528   684 D ACDB-LOADER: ACDB -> Load file: /vendor/etc/acdbdata/QRD/QRD_Speaker_cal.acdb
12-04 05:09:20.959   528   684 D ACDB-LOADER: ACDB -> Load file: /vendor/etc/acdbdata/QRD/QRD_Hdmi_cal.acdb
12-04 05:09:20.959   528   684 D ACDB-LOADER: ACDB -> Load file: /vendor/etc/acdbdata/QRD/QRD_Headset_cal.acdb
12-04 05:09:20.959   528   684 D ACDB-LOADER: ACDB -> Load file: /vendor/etc/acdbdata/QRD/QRD_General_cal.acdb
12-04 05:09:20.959   528   684 D ACDB-LOADER: ACDB -> Load file: /vendor/etc/acdbdata/QRD/QRD_Handset_cal.acdb
12-04 05:09:20.959   528   684 D ACDB-LOADER: ACDB -> Load file: /vendor/etc/acdbdata/QRD/QRD_Bluetooth_cal.acdb
12-04 05:09:20.959   528   684 D ACDB-LOADER: ACDB -> ACDB_CMD_INITIALIZE_V2
12-04 05:09:20.963   528   684 D         : [ACDB Command]->SW Minor/Major/Revision version info for /vendor/etc/acdbdata/QRD/QRD_Global_cal.acdb
12-04 05:09:20.963   528   684 D         : [ACDB Command]->ACDB Sw Major = 9, ACDB Sw Minor = 0, ACDB Sw Revision = 4, ACDB Sw Cpl Number = 0
12-04 05:09:20.963   528   684 D         : [ACDB Command]->ACDB File Major = 8, ACDB File Minor = 0, ACDB File Revision = 1, ACDB File Cpl Number = 0
12-04 05:09:20.964   617   617 I ServiceManager: Waiting for service 'vendor.qcom.PeripheralManager' on '/dev/vndbinder'...
12-04 05:09:20.968   528   684 D         : [ACDB Command]->SW Minor/Major/Revision version info for /vendor/etc/acdbdata/QRD/QRD_Speaker_cal.acdb
12-04 05:09:20.968   528   684 D         : [ACDB Command]->ACDB Sw Major = 9, ACDB Sw Minor = 0, ACDB Sw Revision = 4, ACDB Sw Cpl Number = 0
12-04 05:09:20.968   528   684 D         : [ACDB Command]->ACDB File Major = 8, ACDB File Minor = 0, ACDB File Revision = 1, ACDB File Cpl Number = 0
12-04 05:09:20.969   528   684 D         : [ACDB Command]->SW Minor/Major/Revision version info for /vendor/etc/acdbdata/QRD/QRD_Hdmi_cal.acdb
12-04 05:09:20.969   528   684 D         : [ACDB Command]->ACDB Sw Major = 9, ACDB Sw Minor = 0, ACDB Sw Revision = 4, ACDB Sw Cpl Number = 0
12-04 05:09:20.969   528   684 D         : [ACDB Command]->ACDB File Major = 8, ACDB File Minor = 0, ACDB File Revision = 1, ACDB File Cpl Number = 0
12-04 05:09:20.971   528   684 D         : [ACDB Command]->SW Minor/Major/Revision version info for /vendor/etc/acdbdata/QRD/QRD_Headset_cal.acdb
12-04 05:09:20.971   528   684 D         : [ACDB Command]->ACDB Sw Major = 9, ACDB Sw Minor = 0, ACDB Sw Revision = 4, ACDB Sw Cpl Number = 0
12-04 05:09:20.971   528   684 D         : [ACDB Command]->ACDB File Major = 8, ACDB File Minor = 0, ACDB File Revision = 1, ACDB File Cpl Number = 0
12-04 05:09:20.972   528   684 D         : [ACDB Command]->SW Minor/Major/Revision version info for /vendor/etc/acdbdata/QRD/QRD_General_cal.acdb
12-04 05:09:20.972   528   684 D         : [ACDB Command]->ACDB Sw Major = 9, ACDB Sw Minor = 0, ACDB Sw Revision = 4, ACDB Sw Cpl Number = 0
12-04 05:09:20.972   528   684 D         : [ACDB Command]->ACDB File Major = 8, ACDB File Minor = 0, ACDB File Revision = 1, ACDB File Cpl Number = 0
12-04 05:09:20.976   528   684 D         : [ACDB Command]->SW Minor/Major/Revision version info for /vendor/etc/acdbdata/QRD/QRD_Handset_cal.acdb
12-04 05:09:20.976   528   684 D         : [ACDB Command]->ACDB Sw Major = 9, ACDB Sw Minor = 0, ACDB Sw Revision = 4, ACDB Sw Cpl Number = 0
12-04 05:09:20.976   528   684 D         : [ACDB Command]->ACDB File Major = 8, ACDB File Minor = 0, ACDB File Revision = 1, ACDB File Cpl Number = 0
12-04 05:09:20.977   528   684 D         : [ACDB Command]->SW Minor/Major/Revision version info for /vendor/etc/acdbdata/QRD/QRD_Bluetooth_cal.acdb
12-04 05:09:20.977   528   684 D         : [ACDB Command]->ACDB Sw Major = 9, ACDB Sw Minor = 0, ACDB Sw Revision = 4, ACDB Sw Cpl Number = 0
12-04 05:09:20.977   655   655 V MediaUtils: physMem: 3732209664
12-04 05:09:20.977   528   684 D         : [ACDB Command]->ACDB File Major = 8, ACDB File Minor = 0, ACDB File Revision = 1, ACDB File Cpl Number = 0
12-04 05:09:20.977   655   655 V MediaUtils: requested limit: 746441920
12-04 05:09:20.977   655   655 V MediaUtils: cfi shadow size: 2147483648
12-04 05:09:20.977   655   655 V MediaUtils: actual limit: 2893925568
12-04 05:09:20.977   655   655 V MediaUtils: original limits: -1/-1
12-04 05:09:20.977   655   655 V MediaUtils: new limits: 2893925568/-1
12-04 05:09:20.977   655   655 D vndksupport: Loading libutils.so from current namespace instead of sphal namespace.
12-04 05:09:20.977   528   684 D ACDB-LOADER: ACDB -> ACPH INIT
12-04 05:09:20.977   528   684 D         : [ACPH]->Online service registered with ACPH
12-04 05:09:20.977   528   684 E Diag_Lib:  Diag_LSM_Init: Failed to open handle to diag driver, error = 13
12-04 05:09:20.977   528   684 E Diag_Lib: diag: In diagpkt_tbl_reg, service not initialized.
12-04 05:09:20.977   528   684 D         : [ACPH]->ACPH init success
12-04 05:09:20.979   655   655 W mediaextractor: libminijail[655]: failed to get path of fd 4: No such file or directory
12-04 05:09:20.979   655   655 W mediaextractor: libminijail[655]: allowing syscall: connect
12-04 05:09:20.979   655   655 W mediaextractor: libminijail[655]: allowing syscall: fcntl
12-04 05:09:20.979   655   655 W mediaextractor: libminijail[655]: allowing syscall: sendto
12-04 05:09:20.979   655   655 W mediaextractor: libminijail[655]: allowing syscall: socket
12-04 05:09:20.979   655   655 W mediaextractor: libminijail[655]: allowing syscall: writev
12-04 05:09:20.981   655   655 W mediaextractor: libminijail[655]: logging seccomp filter failures
