01-17 20:40:28.864   554   554 I ServiceManagement: Removing namespace from process name vendor.qti.hardware.qdutils_disp@1.0-service-qti to qdutils_disp@1.0-service-qti.
01-17 20:40:28.865   546   546 I android.hardware.vibrator@1.0-service.mokee: Vibrator HAL service ready.
01-17 20:40:28.866   554   554 E         : Registered IQdutilsDisp HAL service success!
01-17 20:40:28.867   555   555 D vndksupport: Loading /vendor/lib64/hw/vendor.qti.hardware.qteeconnector@1.0-impl.so from current namespace instead of sphal namespace.
01-17 20:40:28.875   537   537 I ServiceManagement: Removing namespace from process name android.hardware.graphics.allocator@2.0-service to allocator@2.0-service.
01-17 20:40:28.876   537   537 I android.hardware.graphics.allocator@2.0-service: Registration complete for android.hardware.graphics.allocator@2.0::IAllocator/default.
01-17 20:40:28.879   536   536 D vndksupport: Loading /vendor/lib64/hw/gatekeeper.msm8953.so from current namespace instead of sphal namespace.
01-17 20:40:28.919   552   552 I LocSvc_HIDL_vendor.qti.gnss@1.0-service: main
01-17 20:40:28.919   536   536 D gatekeeper_device: HwGkOpen called
01-17 20:40:28.919   536   536 D QSEECOMAPI: QSEECom_get_handle sb_length = 0xa000
01-17 20:40:28.919   536   536 D QSEECOMAPI: App is already loaded QSEE and app id = 4
01-17 20:40:28.920   442   442 E SELinux : avc:  denied  { find } for interface=android.hardware.gnss::IGnss pid=552 scontext=u:r:init:s0 tcontext=u:object_r:hal_gnss_hwservice:s0 tclass=hwservice_manager permissive=1
01-17 20:40:28.920   442   442 I auditd  : avc:  denied  { find } for interface=android.hardware.gnss::IGnss pid=552 scontext=u:r:init:s0 tcontext=u:object_r:hal_gnss_hwservice:s0 tclass=hwservice_manager permissive=1
01-17 20:40:28.920   442   442 W hwservicemanager: getTransport: Cannot find entry android.hardware.gnss@1.1::IGnss/default in either framework or device manifest.
01-17 20:40:28.920   443   443 E SELinux : avc:  denied  { add } for service=display.qservice pid=538 uid=1000 scontext=u:r:hal_graphics_composer_default:s0 tcontext=u:object_r:default_android_vndservice:s0 tclass=service_manager permissive=1
01-17 20:40:28.920   443   443 I auditd  : avc:  denied  { add } for service=display.qservice pid=538 uid=1000 scontext=u:r:hal_graphics_composer_default:s0 tcontext=u:object_r:default_android_vndservice:s0 tclass=service_manager permissive=1
01-17 20:40:28.921   443   443 E SELinux : avc:  denied  { find } for service=display.qservice pid=538 uid=1000 scontext=u:r:hal_graphics_composer_default:s0 tcontext=u:object_r:default_android_vndservice:s0 tclass=service_manager permissive=1
01-17 20:40:28.921   443   443 I auditd  : avc:  denied  { find } for service=display.qservice pid=538 uid=1000 scontext=u:r:hal_graphics_composer_default:s0 tcontext=u:object_r:default_android_vndservice:s0 tclass=service_manager permissive=1
01-17 20:40:28.921   552   552 E LocSvc_HIDL_vendor.qti.gnss@1.0-service: Could not get passthrough implementation for android.hardware.gnss@1.1::IGnss/default.
01-17 20:40:28.921   552   552 W LocSvc_HIDL_vendor.qti.gnss@1.0-service: Failed to register IGnss 1.1 service: 1, try IGnss 1.0
01-17 20:40:28.921     0     0 I init    : Command 'setprop persist.sys.usb.config ${persist.vendor.usb.config}' action=persist.vendor.usb.config=* (/vendor/etc/init/hw/init.qcom.usb.rc:117) took 259ms and succeeded
01-17 20:40:28.921     0     0 I init    : Received control message 'interface_start' for 'android.hardware.health@1.0::IHealth/default' from pid: 442 (/system/bin/hwservicemanager)
01-17 20:40:28.921     0     0 E init    : Could not find service hosting interface android.hardware.health@1.0::IHealth/default
01-17 20:40:28.922     0     0 I init    : processing action (sys.usb.config=diag,serial_smd,rmnet_ipa,adb && sys.usb.configfs=0) from (/vendor/etc/init/hw/init.qcom.usb.rc:554)
01-17 20:40:28.922   552   552 D vndksupport: Loading /vendor/lib64/hw/android.hardware.gnss@1.0-impl-qti.so from current namespace instead of sphal namespace.
01-17 20:40:28.922   442   442 E SELinux : avc:  denied  { add } for interface=vendor.display.config::IDisplayConfig pid=538 scontext=u:r:hal_graphics_composer_default:s0 tcontext=u:object_r:default_android_hwservice:s0 tclass=hwservice_manager permissive=1
01-17 20:40:28.922   536   536 E gatekeeper_device: Gatekeeper initialized
01-17 20:40:28.922     0     0 E enable_store: android_usb: already disabled
01-17 20:40:28.922   442   442 I auditd  : avc:  denied  { add } for interface=vendor.display.config::IDisplayConfig pid=538 scontext=u:r:hal_graphics_composer_default:s0 tcontext=u:object_r:default_android_hwservice:s0 tclass=hwservice_manager permissive=1
01-17 20:40:28.923     0     0 I init    : Service 'can' (pid 524) exited with status 1
01-17 20:40:28.923   538   538 I SDM     : HWCSession::StartServices: IDisplayConfig service registration completed.
01-17 20:40:28.923   538   538 D vndksupport: Loading /vendor/lib64/hw/gralloc.msm8953.so from current namespace instead of sphal namespace.
01-17 20:40:28.923     0     0 I init    : Service 'irsc_util' (pid 558) exited with status 0
01-17 20:40:28.923   536   536 I ServiceManagement: Removing namespace from process name android.hardware.gatekeeper@1.0-service to gatekeeper@1.0-service.
01-17 20:40:28.925     0     0 I init    : Received control message 'interface_start' for 'android.hardware.thermal@1.1::IThermal/default' from pid: 442 (/system/bin/hwservicemanager)
01-17 20:40:28.925     0     0 E init    : Could not find service hosting interface android.hardware.thermal@1.1::IThermal/default
01-17 20:40:28.926     0     0 I init    : Received control message 'start' for 'vendor.sensors.qti' from pid: 605 (start vendor.sensors.qti)
01-17 20:40:28.926     0     0 E init    : File /vendor/bin/sensors.qti(labeled "u:object_r:vendor_file:s0") has incorrect label or no domain transition from u:r:init:s0 to another SELinux domain defined. Have you configured your service correctly? https://source.android.com/security/selinux/device-policy#label_new_services_and_address_denials
01-17 20:40:28.926     0     0 I init    : starting service 'vendor.sensors.qti'...
01-17 20:40:28.928   536   536 I android.hardware.gatekeeper@1.0-service: Registration complete for android.hardware.gatekeeper@1.0::IGatekeeper/default.
01-17 20:40:28.928   555   555 I ServiceManagement: Removing namespace from process name vendor.qti.hardware.qteeconnector@1.0-service to qteeconnector@1.0-service.
01-17 20:40:28.931   538   538 I SDM     : ExtensionInterface::CreateExtensionInterface: 
01-17 20:40:28.931   538   538 I SDM     : SDM-EXTENSION Version: Date: 10/04/18, Commit: 2e22ba5, Change: I0230f0a5f4
01-17 20:40:28.932   538   538 I SDM     : HWInfo::GetHWResourceInfo: SDE Version = 5, SDE Revision = 10100000, RGB = 2, VIG = 1, DMA = 1, Cursor = 1
01-17 20:40:28.932   538   538 I SDM     : HWInfo::GetHWResourceInfo: Upscale Ratio = 20, Downscale Ratio = 4, Blending Stages = 4
01-17 20:40:28.932   538   538 I SDM     : HWInfo::GetHWResourceInfo: SourceSplit = 0 QSEED3 = 0
01-17 20:40:28.932   538   538 I SDM     : HWInfo::GetHWResourceInfo: BWC = 0, UBWC = 1, Decimation = 1, Tile Format = 0 Concurrent Writeback = 0
01-17 20:40:28.932   538   538 I SDM     : HWInfo::GetHWResourceInfo: MaxLowBw = 3400000 , MaxHighBw = 3400000
01-17 20:40:28.932   538   538 I SDM     : HWInfo::GetHWResourceInfo: MaxPipeBw = 2300000 KBps, MaxSDEClock = 400000000 Hz, ClockFudgeFactor = 1.050000
01-17 20:40:28.932   538   538 I SDM     : HWInfo::GetHWResourceInfo: Prefill factors: Tiled_NV12 = 8, Tiled = 4, Linear = 1, Scale = 1, Fudge_factor = 2
01-17 20:40:28.932   538   538 I SDM     : HWInfo::GetMDSSRotatorInfo: MDSS Rotator: Count = 1, Downscale = 1, Min_downscale = 2.000000
01-17 20:40:28.932   538   538 I SDM     : HWInfo::GetHWResourceInfo: Has Support for multiple bw limits shown below
01-17 20:40:28.932   538   538 I SDM     : HWInfo::GetHWResourceInfo: Mode-index=0  total_bw_limit=3400000 and pipe_bw_limit=2300000
01-17 20:40:28.932   538   538 I SDM     : HWInfo::GetHWResourceInfo: Mode-index=1  total_bw_limit=3100000 and pipe_bw_limit=2300000
01-17 20:40:28.932   538   538 I SDM     : HWInfo::GetHWResourceInfo: Mode-index=2  total_bw_limit=3400000 and pipe_bw_limit=2300000
01-17 20:40:28.932   538   538 I SDM     : HWInfo::GetHWResourceInfo: Mode-index=3  total_bw_limit=3400000 and pipe_bw_limit=2300000
01-17 20:40:28.932     0     0 I init    : Received control message 'start' for 'console' from pid: 610 (start console)
01-17 20:40:28.932     0     0 E init    : Could not ctl.start for service console: Couldn't open console '/dev/ttyHSL0': No such file or directory
01-17 20:40:28.933   538   538 I SDM     : SessionManager::SessionManager: Allocate buffers synchronously = 0
01-17 20:40:28.933     0     0 I init    : Service 'vendor.qcom-usb-sh' (pid 562) exited with status 0
01-17 20:40:28.936     0     0 I init    : starting service 'adbd'...
01-17 20:40:28.937   555   555 D vndksupport: Loading /vendor/lib64/hw/vendor.qti.hardware.qteeconnector@1.0-impl.so from current namespace instead of sphal namespace.
01-17 20:40:28.938     0     0 I init    : Created socket '/dev/socket/adbd', mode 660, user 1000, group 1000
01-17 20:40:28.941   555   555 I ServiceManagement: Removing namespace from process name vendor.qti.hardware.qteeconnector@1.0-service to qteeconnector@1.0-service.
01-17 20:40:28.949     0     0 I init    : Received control message 'start' for 'vendor.sensors' from pid: 613 (start vendor.sensors)
01-17 20:40:28.949     0     0 E init    : Could not ctl.start for service vendor.sensors: Cannot find '/vendor/bin/sscrpcd': No such file or directory
01-17 20:40:28.951     0     0 I init    : Service 'qcom-c_core-sh' (pid 557) exited with status 0
01-17 20:40:28.951     0     0 I init    : processing action (init.svc.surfaceflinger=running) from (/vendor/etc/init/hw/init.target.rc:273)
01-17 20:40:28.951     0     0 E init    : File /vendor/bin/mm-pp-dpps(labeled "u:object_r:vendor_file:s0") has incorrect label or no domain transition from u:r:init:s0 to another SELinux domain defined. Have you configured your service correctly? https://source.android.com/security/selinux/device-policy#label_new_services_and_address_denials
01-17 20:40:28.951     0     0 I init    : starting service 'ppd'...
01-17 20:40:28.952     0     0 I init    : processing action (init.svc.zygote=running) from (/vendor/etc/init/hw/init.target.rc:282)
01-17 20:40:28.953     0     0 I init    : processing action (init.svc.vendor.per_mgr=running) from (/vendor/etc/init/hw/init.target.rc:334)
01-17 20:40:28.953     0     0 I init    : Created socket '/dev/socket/pps', mode 660, user 1000, group 1000
01-17 20:40:28.953     0     0 E init    : File /vendor/bin/pm-proxy(labeled "u:object_r:vendor_file:s0") has incorrect label or no domain transition from u:r:init:s0 to another SELinux domain defined. Have you configured your service correctly? https://source.android.com/security/selinux/device-policy#label_new_services_and_address_denials
01-17 20:40:28.953     0     0 I init    : starting service 'vendor.per_proxy'...
01-17 20:40:28.954     0     0 I init    : processing action (ro.boot.fingerprint.id=goodix) from (/vendor/etc/init/hw/init.target.device.rc:11)
01-17 20:40:28.955     0     0 E init    : File /vendor/bin/gx_fpd(labeled "u:object_r:vendor_file:s0") has incorrect label or no domain transition from u:r:init:s0 to another SELinux domain defined. Have you configured your service correctly? https://source.android.com/security/selinux/device-policy#label_new_services_and_address_denials
01-17 20:40:28.955     0     0 I init    : starting service 'gx_fpd'...
01-17 20:40:28.957     0     0 I init    : processing action (ro.boot.fingerprint.id=*) from (/vendor/etc/init/hw/init.target.device.rc:14)
01-17 20:40:28.957   442   442 E SELinux : avc:  denied  { add } for interface=android.hardware.nfc::INfc pid=550 scontext=u:r:init:s0 tcontext=u:object_r:hal_nfc_hwservice:s0 tclass=hwservice_manager permissive=1
01-17 20:40:28.957   442   442 I auditd  : avc:  denied  { add } for interface=android.hardware.nfc::INfc pid=550 scontext=u:r:init:s0 tcontext=u:object_r:hal_nfc_hwservice:s0 tclass=hwservice_manager permissive=1
01-17 20:40:28.958   538   538 I SDM     : CoreInterface::CreateCore: Open interface handle = 0x7454055000
01-17 20:40:28.958   538   538 I SDM     : HWCSession::Register: Set uevent listener = 0x745404b200
01-17 20:40:28.958   538   538 I SDM     : HWInfo::GetFirstDisplayInterfaceType: First display is internal display
01-17 20:40:28.958   538   538 I SDM     : CPUHint::Init: Invalid CPU Hint Pre-enable Window -1
01-17 20:40:28.959   541   541 D vndksupport: Loading /vendor/lib64/hw/memtrack.msm8953.so from current namespace instead of sphal namespace.
01-17 20:40:28.959   538   538 I SDM     : HWDevice::GetHWPanelMaxBrightnessFromNode: Max brightness level = 255
01-17 20:40:28.959   538   538 I SDM     : HWDevice::Init: access(/dev/graphics/fb0) successful
01-17 20:40:28.959   538   538 I SDM     : HWDevice::GetHWPanelMaxBrightnessFromNode: Max brightness level = 255
01-17 20:40:28.959   538   538 I SDM     : HWDevice::PopulateHWPanelInfo: Device type = 0, Display Port = 1, Display Mode = 1, Device Node = 0, Is Primary = 1
01-17 20:40:28.959   538   538 I SDM     : HWDevice::PopulateHWPanelInfo: Partial Update = 0, supported roi_count =1, Dynamic FPS = 0
01-17 20:40:28.959   538   538 I SDM     : HWDevice::PopulateHWPanelInfo: Align: left = 0, width = 0, top = 0, height = 0
01-17 20:40:28.959   538   538 I SDM     : HWDevice::PopulateHWPanelInfo: ROI: min_width = 0, min_height = 0, need_merge = 0
01-17 20:40:28.959   538   538 I SDM     : HWDevice::PopulateHWPanelInfo: FPS: min = 0, max =0
01-17 20:40:28.959   538   538 I SDM     : HWDevice::PopulateHWPanelInfo: Ping Pong Split = 0
01-17 20:40:28.959   538   538 I SDM     : HWDevice::PopulateHWPanelInfo: Left Split = 0, Right Split = 0
01-17 20:40:28.959   538   538 I SDM     : HWDevice::GetHWPanelMaxBrightnessFromNode: Max brightness level = 255
01-17 20:40:28.960   538   538 I SDM     : HWDevice::GetHWPanelMaxBrightnessFromNode: Max brightness level = 255
01-17 20:40:28.960   538   538 W SDM     : HWDevice::GetHWPanelInfoByNode: Failed to open msm_fb_panel_info node device node 2
01-17 20:40:28.960   538   538 W SDM     : HWDevice::GetHWPanelInfoByNode: Failed to open msm_fb_panel_info node device node 3
01-17 20:40:28.960   538   538 I SDM     : HWDevice::GetHWPanelMaxBrightnessFromNode: Max brightness level = 255
01-17 20:40:28.960   538   538 I SDM     : HWDevice::GetHWPanelMaxBrightnessFromNode: Max brightness level = 255
01-17 20:40:28.960   538   538 W SDM     : HWDevice::GetHWPanelInfoByNode: Failed to open msm_fb_panel_info node device node 2
01-17 20:40:28.960   538   538 W SDM     : HWDevice::GetHWPanelInfoByNode: Failed to open msm_fb_panel_info node device node 3
01-17 20:40:28.960   538   538 I SDM     : StrategyImpl::SetIdleTimeoutMs: Idle timeout: active = 70, inactive = 520
01-17 20:40:28.961   538   538 W SDM     : ColorManager::CreateColorManagerProxy: PAV2 version is versions = 11, version = 11 
01-17 20:40:28.961   548   548 I ServiceManagement: Removing namespace from process name vendor.display.color@1.0-service to color@1.0-service.
01-17 20:40:28.962   542   542 I android.hardware.power@1.1-service-qti: Power HAL Service 1.1 for QCOM is starting.
01-17 20:40:28.962   542   542 I QCOM PowerHAL: QCOM power HAL initing.
01-17 20:40:28.962   542   542 I ServiceManagement: Removing namespace from process name android.hardware.power@1.1-service-qti to power@1.1-service-qti.
01-17 20:40:28.964   442   442 E SELinux : avc:  denied  { add } for interface=android.hardware.power::IPower pid=542 scontext=u:r:init:s0 tcontext=u:object_r:hal_power_hwservice:s0 tclass=hwservice_manager permissive=1
01-17 20:40:28.964   442   442 I auditd  : avc:  denied  { add } for interface=android.hardware.power::IPower pid=542 scontext=u:r:init:s0 tcontext=u:object_r:hal_power_hwservice:s0 tclass=hwservice_manager permissive=1
01-17 20:40:28.965   538   538 W SDM     : DisplayBase::Init: InitColorModes failed for display = 0
01-17 20:40:28.965   541   541 I ServiceManagement: Removing namespace from process name android.hardware.memtrack@1.0-service to memtrack@1.0-service.
01-17 20:40:28.965   538   538 W SDM     : HWEvents::InitializePollFd: open failed for display=0 event=idle_power_collapse, error=No such file or directory
01-17 20:40:28.965   538   538 I SDM     : HWCDisplay::Init: Display created with id: 0
01-17 20:40:28.965   538   538 W SDM     : HWCDisplay::PopulateColorModes: GetColorModeCount failed, use native color mode
01-17 20:40:28.965   538   538 E SDM     : ColorManager::ApplyLinearColorTransform: Apply PCC for SetTransform FAILED 
01-17 20:40:28.965   538   538 E SDM     : HWCDisplay::HandleColorModeTransform: Failed to set Color Transform Matrix
01-17 20:40:28.965   538   538 E SDM     : HWCDisplay::SetColorMode: failed for mode = 0
01-17 20:40:28.965   538   538 I SDM     : DisplayBase::SetFrameBufferConfig: New framebuffer resolution (1080x1920)
01-17 20:40:28.966   541   541 I android.hardware.memtrack@1.0-service: Registration complete for android.hardware.memtrack@1.0::IMemtrack/default.
01-17 20:40:28.969   550   550 I ServiceManagement: Removing namespace from process name vendor.nxp.hardware.nfc@1.1-service to nfc@1.1-service.
01-17 20:40:28.970   542   542 I android.hardware.power@1.1-service-qti: Successfully registered IPower
01-17 20:40:28.975   442   442 E SELinux : avc:  denied  { add } for interface=vendor.mokee.power::IMoKeePower pid=542 scontext=u:r:init:s0 tcontext=u:object_r:hal_mokee_power_hwservice:s0 tclass=hwservice_manager permissive=1
01-17 20:40:28.975   442   442 I auditd  : avc:  denied  { add } for interface=vendor.mokee.power::IMoKeePower pid=542 scontext=u:r:init:s0 tcontext=u:object_r:hal_mokee_power_hwservice:s0 tclass=hwservice_manager permissive=1
01-17 20:40:28.975   542   542 I android.hardware.power@1.1-service-qti: Successfully registered IMoKeePower
01-17 20:40:28.975     0     0 I init    : processing action (nonencrypted) from (/init.rc:680)
01-17 20:40:28.975   542   542 I android.hardware.power@1.1-service-qti: Power Service is ready
01-17 20:40:28.975     0     0 E init    : File /vendor/bin/init.class_main.sh(labeled "u:object_r:vendor_file:s0") has incorrect label or no domain transition from u:r:init:s0 to another SELinux domain defined. Have you configured your service correctly? https://source.android.com/security/selinux/device-policy#label_new_services_and_address_denials
01-17 20:40:28.975     0     0 I init    : starting service 'qcom-c_main-sh'...
01-17 20:40:28.976   553   553 I ServiceManagement: Removing namespace from process name vendor.qti.hardware.perf@1.0-service to perf@1.0-service.
01-17 20:40:28.977     0     0 E init    : File /vendor/bin/cnd(labeled "u:object_r:vendor_file:s0") has incorrect label or no domain transition from u:r:init:s0 to another SELinux domain defined. Have you configured your service correctly? https://source.android.com/security/selinux/device-policy#label_new_services_and_address_denials
01-17 20:40:28.977     0     0 I init    : starting service 'vendor.cnd'...
01-17 20:40:28.979   553   553 E vendor.qti.hardware.perf@1.0-service: Registered IPerf HAL service success!
01-17 20:40:28.979     0     0 E init    : File /vendor/bin/dpmQmiMgr(labeled "u:object_r:vendor_file:s0") has incorrect label or no domain transition from u:r:init:s0 to another SELinux domain defined. Have you configured your service correctly? https://source.android.com/security/selinux/device-policy#label_new_services_and_address_denials
01-17 20:40:28.979     0     0 I init    : starting service 'dpmQmiMgr'...
01-17 20:40:28.979     0     0 I ueventd : firmware: loading 'a530_pm4.fw' for '/devices/soc/1c00000.qcom,kgsl-3d0/kgsl/kgsl-3d0/a530_pm4.fw'
01-17 20:40:28.980     0     0 E init    : Could not start service 'ptt_socket_app' as part of class 'main': Cannot find '/vendor/bin/ptt_socket_app': No such file or directory
01-17 20:40:28.980     0     0 E init    : File /vendor/bin/time_daemon(labeled "u:object_r:vendor_file:s0") has incorrect label or no domain transition from u:r:init:s0 to another SELinux domain defined. Have you configured your service correctly? https://source.android.com/security/selinux/device-policy#label_new_services_and_address_denials
01-17 20:40:28.981     0     0 I init    : starting service 'time_daemon'...
01-17 20:40:28.982     0     0 E init    : Could not start service 'vendor.vppservice' as part of class 'main': Cannot find '/vendor/bin/vppservice': No such file or directory
01-17 20:40:28.982     0     0 E init    : Could not start service 'vendor.wifilearner' as part of class 'main': Cannot find '/vendor/bin/wifilearner': No such file or directory
01-17 20:40:28.982     0     0 E init    : Could not start service 'qrngd' as part of class 'main': Cannot find '/system/bin/qrngd': No such file or directory
01-17 20:40:28.982   529   529 E vendor.qti.bluetooth@1.0-bluetooth_address: CMD result: 0
01-17 20:40:28.982   529   529 E vendor.qti.bluetooth@1.0-bluetooth_address: BD address read for NV_BD_ADDR_I: 61:12:71:00:00:00
01-17 20:40:28.982     0     0 E init    : File /vendor/bin/thermal-engine(labeled "u:object_r:vendor_file:s0") has incorrect label or no domain transition from u:r:init:s0 to another SELinux domain defined. Have you configured your service correctly? https://source.android.com/security/selinux/device-policy#label_new_services_and_address_denials
01-17 20:40:28.982     0     0 I init    : starting service 'thermal-engine'...
01-17 20:40:28.983   529   529 I ServiceManagement: Removing namespace from process name android.hardware.bluetooth@1.0-service-qti to bluetooth@1.0-service-qti.
01-17 20:40:28.984     0     0 E init    : File /vendor/bin/wcnss_service(labeled "u:object_r:vendor_file:s0") has incorrect label or no domain transition from u:r:init:s0 to another SELinux domain defined. Have you configured your service correctly? https://source.android.com/security/selinux/device-policy#label_new_services_and_address_denials
01-17 20:40:28.984     0     0 I init    : starting service 'wcnss-service'...
01-17 20:40:28.984   442   442 E SELinux : avc:  denied  { add } for interface=android.hardware.bluetooth::IBluetoothHci pid=529 scontext=u:r:init:s0 tcontext=u:object_r:hal_bluetooth_hwservice:s0 tclass=hwservice_manager permissive=1
01-17 20:40:28.984   442   442 I auditd  : avc:  denied  { add } for interface=android.hardware.bluetooth::IBluetoothHci pid=529 scontext=u:r:init:s0 tcontext=u:object_r:hal_bluetooth_hwservice:s0 tclass=hwservice_manager permissive=1
01-17 20:40:28.985   529   529 I         : Registration complete for android.hardware.bluetooth@1.0::IBluetoothHci/default.
01-17 20:40:28.985   442   442 W hwservicemanager: getTransport: Cannot find entry vendor.qti.hardware.fm@1.0::IFmHci/default in either framework or device manifest.
01-17 20:40:28.986     0     0 E init    : File /vendor/bin/imsqmidaemon(labeled "u:object_r:vendor_file:s0") has incorrect label or no domain transition from u:r:init:s0 to another SELinux domain defined. Have you configured your service correctly? https://source.android.com/security/selinux/device-policy#label_new_services_and_address_denials
01-17 20:40:28.986     0     0 I init    : starting service 'vendor.imsqmidaemon'...
01-17 20:40:28.986   529   529 E         : Could not get passthrough implementation for vendor.qti.hardware.fm@1.0::IFmHci/default.
01-17 20:40:28.986   529   529 I android.hardware.bluetooth@1.0-service: Error while registering FM service: 1
01-17 20:40:28.987     0     0 E init    : File /vendor/bin/ims_rtp_daemon(labeled "u:object_r:vendor_file:s0") has incorrect label or no domain transition from u:r:init:s0 to another SELinux domain defined. Have you configured your service correctly? https://source.android.com/security/selinux/device-policy#label_new_services_and_address_denials
01-17 20:40:28.987     0     0 I init    : starting service 'vendor.ims_rtp_daemon'...
01-17 20:40:28.989   563   563 I PerMgrSrv: Adding entry for modem : offTimeout : 500 ackTimeout : 200
01-17 20:40:28.990     0     0 I init    : Created socket '/dev/socket/ims_qmid', mode 660, user 1000, group 1001
01-17 20:40:28.990     0     0 I ueventd : loading /devices/soc/1c00000.qcom,kgsl-3d0/kgsl/kgsl-3d0/a530_pm4.fw took 11ms
01-17 20:40:28.991     0     0 I init    : Created socket '/dev/socket/thermal-send-client', mode 666, user 1000, group 1000
01-17 20:40:28.992     0     0 I init    : Created socket '/dev/socket/thermal-recv-client', mode 660, user 1000, group 1000
01-17 20:40:28.993     0     0 E init    : File /vendor/bin/imsrcsd(labeled "u:object_r:vendor_file:s0") has incorrect label or no domain transition from u:r:init:s0 to another SELinux domain defined. Have you configured your service correctly? https://source.android.com/security/selinux/device-policy#label_new_services_and_address_denials
01-17 20:40:28.993     0     0 I init    : starting service 'vendor.imsrcsservice'...
01-17 20:40:28.995     0     0 E init    : File /vendor/bin/adsprpcd(labeled "u:object_r:vendor_file:s0") has incorrect label or no domain transition from u:r:init:s0 to another SELinux domain defined. Have you configured your service correctly? https://source.android.com/security/selinux/device-policy#label_new_services_and_address_denials
01-17 20:40:28.995     0     0 I init    : starting service 'adsprpcd'...
01-17 20:40:28.996     0     0 E init    : File /vendor/bin/hvdcp_opti(labeled "u:object_r:vendor_file:s0") has incorrect label or no domain transition from u:r:init:s0 to another SELinux domain defined. Have you configured your service correctly? https://source.android.com/security/selinux/device-policy#label_new_services_and_address_denials
01-17 20:40:28.996     0     0 I init    : starting service 'vendor.hvdcp_opti'...
01-17 20:40:28.998     0     0 E init    : File /vendor/bin/energy-awareness(labeled "u:object_r:vendor_file:s0") has incorrect label or no domain transition from u:r:init:s0 to another SELinux domain defined. Have you configured your service correctly? https://source.android.com/security/selinux/device-policy#label_new_services_and_address_denials
01-17 20:40:28.998     0     0 I init    : starting service 'energy-awareness'...
01-17 20:40:28.998   442   442 E SELinux : avc:  denied  { add } for interface=android.hardware.gnss::IGnss pid=552 scontext=u:r:init:s0 tcontext=u:object_r:hal_gnss_hwservice:s0 tclass=hwservice_manager permissive=1
01-17 20:40:28.998   442   442 I auditd  : avc:  denied  { add } for interface=android.hardware.gnss::IGnss pid=552 scontext=u:r:init:s0 tcontext=u:object_r:hal_gnss_hwservice:s0 tclass=hwservice_manager permissive=1
01-17 20:40:28.999   552   552 I LocSvc_HIDL_vendor.qti.gnss@1.0-service: Registration complete for android.hardware.gnss@1.0::IGnss/default.
01-17 20:40:28.999     0     0 I init    : Created socket '/dev/socket/thermal-recv-passive-client', mode 666, user 1000, group 1000
01-17 20:40:29.000     0     0 I init    : Created socket '/dev/socket/thermal-send-rule', mode 660, user 1000, group 1000
01-17 20:40:29.001     0     0 I ueventd : firmware: loading 'a530_pfp.fw' for '/devices/soc/1c00000.qcom,kgsl-3d0/kgsl/kgsl-3d0/a530_pfp.fw'
01-17 20:40:29.003     0     0 I init    : starting service 'cameraserver'...
01-17 20:40:29.005     0     0 I init    : starting service 'drm'...
01-17 20:40:29.007     0     0 I init    : starting service 'incidentd'...
01-17 20:40:29.008     0     0 I init    : starting service 'installd'...
01-17 20:40:29.009   552   552 D vndksupport: Loading /vendor/lib64/hw/vendor.qti.gnss@1.0-impl.so from current namespace instead of sphal namespace.
01-17 20:40:29.011     0     0 I ueventd : loading /devices/soc/1c00000.qcom,kgsl-3d0/kgsl/kgsl-3d0/a530_pfp.fw took 10ms
01-17 20:40:29.012   614   632 I adbd    : initializing functionfs
01-17 20:40:29.012   614   632 I adbd    : opening control endpoint /dev/usb-ffs/adb/ep0
01-17 20:40:29.012     0     0 I         : read descriptors
01-17 20:40:29.012     0     0 I         : read strings
01-17 20:40:29.016     0     0 I init    : starting service 'keystore'...
01-17 20:40:29.017     0     0 I init    : starting service 'mediadrm'...
01-17 20:40:29.020   532   532 W /vendor/bin/hw/android.hardware.configstore@1.1-service: libminijail[532]: allowing syscall: connect
01-17 20:40:29.020   532   532 W /vendor/bin/hw/android.hardware.configstore@1.1-service: libminijail[532]: allowing syscall: fcntl
01-17 20:40:29.020   532   532 W /vendor/bin/hw/android.hardware.configstore@1.1-service: libminijail[532]: allowing syscall: sendto
01-17 20:40:29.021   532   532 W /vendor/bin/hw/android.hardware.configstore@1.1-service: libminijail[532]: allowing syscall: socket
01-17 20:40:29.021   532   532 W /vendor/bin/hw/android.hardware.configstore@1.1-service: libminijail[532]: allowing syscall: writev
01-17 20:40:29.023   532   532 W /vendor/bin/hw/android.hardware.configstore@1.1-service: libminijail[532]: logging seccomp filter failures
01-17 20:40:29.024   532   532 I ServiceManagement: Removing namespace from process name android.hardware.configstore@1.1-service to configstore@1.1-service.
01-17 20:40:29.042   543   543 E libsensor1: check_sensors_enabled: Sensors enabled = true
01-17 20:40:29.049   628   628 E Diag_Lib: qpLogDiagInit <== result : 1
01-17 20:40:29.049   628   628 E Diag_Lib: QMID : gIsQXDMDisabled 0, gIsADBDisabled 1, gIsDebugDisabled 0, gIsIMSLogsDisabled 0
01-17 20:40:29.050   628   628 E Diag_Lib: [IMS_QMID] |imsqmiserver.c | 541 | QMID#$$#0#QMI DAEMON STARTED
01-17 20:40:29.054   625   625 D QC-time-services: Daemon:genoff_pre_init::Base = 0
01-17 20:40:29.055   625   625 D QC-time-services: Daemon:ats_rtc_init: Time read from RTC -- year = 70, month = 0,day = 17
01-17 20:40:29.056   633   633 E /vendor/bin/adsprpcd: vendor/qcom/proprietary/commonsys-intf/adsprpc/src/adsprpcd.c:29:adsp daemon starting
01-17 20:40:29.064     0     0 I init    : starting service 'mediaextractor'...
01-17 20:40:29.066     0     0 I init    : starting service 'mediametrics'...
01-17 20:40:29.069   617   617 E PerMgrProxy: Starting pm-proxy service
01-17 20:40:29.077   625   625 D QC-time-services: Daemon ats_rtc_init: seconds = 1428028
01-17 20:40:29.077   625   625 D QC-time-services: Daemon:Value read from RTC seconds = 1428028000
01-17 20:40:29.077   625   625 D QC-time-services: Daemon:genoff_init_config: ATS_RTC initialized with rc: 0
01-17 20:40:29.077   625   625 D QC-time-services: Daemon:genoff_pre_init::Base = 1
01-17 20:40:29.077   625   625 D QC-time-services: Daemon: Storage Name: ats_1 
01-17 20:40:29.077   625   625 D QC-time-services: Daemon:Opening File: /mnt/vendor/persist/time/ats_1 /data/vendor/time/ats_1
01-17 20:40:29.077   625   625 D QC-time-services: Daemon:time_persistent_memory_opr:Genoff Read operation 
01-17 20:40:29.077   617   617 I ServiceManager: Waiting for service 'vendor.qcom.PeripheralManager' on '/dev/vndbinder'...
01-17 20:40:29.079   625   625 D QC-time-services: Daemon:Open File: /mnt/vendor/persist/time/ats_1
01-17 20:40:29.079     0     0 I         : 'opened /dev/adsprpc-smd c 229 0'
01-17 20:40:29.081   625   625 D QC-time-services: Daemon:genoff_pre_init::Base = 2
01-17 20:40:29.081   625   625 D QC-time-services: Daemon: Storage Name: ats_2 
01-17 20:40:29.081   625   625 D QC-time-services: Daemon:Opening File: /mnt/vendor/persist/time/ats_2 /data/vendor/time/ats_2
01-17 20:40:29.081   625   625 D QC-time-services: Daemon:time_persistent_memory_opr:Genoff Read operation 
01-17 20:40:29.081   625   625 D QC-time-services: Daemon:Open File: /mnt/vendor/persist/time/ats_2
01-17 20:40:29.083   616   616 I Dpps    : GetInstance: DppsServer ref count increased to 1
01-17 20:40:29.084   625   625 D QC-time-services: Daemon:genoff_pre_init::Base = 3
01-17 20:40:29.084   625   625 D QC-time-services: Daemon: Storage Name: ats_3 
01-17 20:40:29.084   625   625 D QC-time-services: Daemon:Opening File: /mnt/vendor/persist/time/ats_3 /data/vendor/time/ats_3
01-17 20:40:29.084   625   625 D QC-time-services: Daemon:time_persistent_memory_opr:Genoff Read operation 
01-17 20:40:29.084   625   625 D QC-time-services: Daemon:Open File: /mnt/vendor/persist/time/ats_3
01-17 20:40:29.084   625   625 D QC-time-services: Daemon:Unable to open filefor read
01-17 20:40:29.084   625   625 D QC-time-services: Daemon:genoff_post_init:Error in accessing storage
01-17 20:40:29.084   625   625 D QC-time-services: Daemon:genoff_pre_init::Base = 4
01-17 20:40:29.084   625   625 D QC-time-services: Daemon: Storage Name: ats_4 
01-17 20:40:29.084   625   625 D QC-time-services: Daemon:Opening File: /mnt/vendor/persist/time/ats_4 /data/vendor/time/ats_4
01-17 20:40:29.084   625   625 D QC-time-services: Daemon:time_persistent_memory_opr:Genoff Read operation 
01-17 20:40:29.084   625   625 D QC-time-services: Daemon:Open File: /mnt/vendor/persist/time/ats_4
01-17 20:40:29.084   625   625 D QC-time-services: Daemon:Unable to open filefor read
01-17 20:40:29.084   625   625 D QC-time-services: Daemon:genoff_post_init:Error in accessing storage
01-17 20:40:29.085   625   625 D QC-time-services: Daemon:genoff_pre_init::Base = 5
01-17 20:40:29.085   625   625 D QC-time-services: Daemon: Storage Name: ats_5 
01-17 20:40:29.085   625   625 D QC-time-services: Daemon:Opening File: /mnt/vendor/persist/time/ats_5 /data/vendor/time/ats_5
01-17 20:40:29.085   625   625 D QC-time-services: Daemon:time_persistent_memory_opr:Genoff Read operation 
01-17 20:40:29.085   625   625 D QC-time-services: Daemon:Open File: /mnt/vendor/persist/time/ats_5
01-17 20:40:29.085   625   625 D QC-time-services: Daemon:Unable to open filefor read
01-17 20:40:29.085   625   625 D QC-time-services: Daemon:genoff_post_init:Error in accessing storage
01-17 20:40:29.085   625   625 D QC-time-services: Daemon:genoff_pre_init::Base = 6
01-17 20:40:29.085   625   625 D QC-time-services: Daemon: Storage Name: ats_6 
01-17 20:40:29.085   625   625 D QC-time-services: Daemon:Opening File: /mnt/vendor/persist/time/ats_6 /data/vendor/time/ats_6
01-17 20:40:29.085   625   625 D QC-time-services: Daemon:time_persistent_memory_opr:Genoff Read operation 
01-17 20:40:29.085   625   625 D QC-time-services: Daemon:Open File: /mnt/vendor/persist/time/ats_6
01-17 20:40:29.085   625   625 D QC-time-services: Daemon:Unable to open filefor read
01-17 20:40:29.085   625   625 D QC-time-services: Daemon:genoff_post_init:Error in accessing storage
01-17 20:40:29.085   625   625 D QC-time-services: Daemon:genoff_pre_init::Base = 7
01-17 20:40:29.085   625   625 D QC-time-services: Daemon: Storage Name: ats_7 
01-17 20:40:29.085   625   625 D QC-time-services: Daemon:Opening File: /mnt/vendor/persist/time/ats_7 /data/vendor/time/ats_7
01-17 20:40:29.085   625   625 D QC-time-services: Daemon:time_persistent_memory_opr:Genoff Read operation 
01-17 20:40:29.085   625   625 D QC-time-services: Daemon:Open File: /mnt/vendor/persist/time/ats_7
01-17 20:40:29.085   625   625 D QC-time-services: Daemon:Unable to open filefor read
01-17 20:40:29.085   625   625 D QC-time-services: Daemon:genoff_post_init:Error in accessing storage
01-17 20:40:29.085   625   625 D QC-time-services: Daemon:genoff_pre_init::Base = 8
01-17 20:40:29.085   625   625 D QC-time-services: Daemon: Storage Name: ats_8 
01-17 20:40:29.085   625   625 D QC-time-services: Daemon:Opening File: /mnt/vendor/persist/time/ats_8 /data/vendor/time/ats_8
01-17 20:40:29.085   625   625 D QC-time-services: Daemon:time_persistent_memory_opr:Genoff Read operation 
01-17 20:40:29.085   625   625 D QC-time-services: Daemon:Open File: /mnt/vendor/persist/time/ats_8
01-17 20:40:29.085   625   625 D QC-time-services: Daemon:Unable to open filefor read
01-17 20:40:29.085   625   625 D QC-time-services: Daemon:genoff_post_init:Error in accessing storage
01-17 20:40:29.085   625   625 D QC-time-services: Daemon:genoff_pre_init::Base = 9
01-17 20:40:29.085   625   625 D QC-time-services: Daemon: Storage Name: ats_9 
01-17 20:40:29.085   625   625 D QC-time-services: Daemon:Opening File: /mnt/vendor/persist/time/ats_9 /data/vendor/time/ats_9
01-17 20:40:29.085   625   625 D QC-time-services: Daemon:time_persistent_memory_opr:Genoff Read operation 
01-17 20:40:29.085   625   625 D QC-time-services: Daemon:Open File: /mnt/vendor/persist/time/ats_9
01-17 20:40:29.085   625   625 D QC-time-services: Daemon:Unable to open filefor read
01-17 20:40:29.085   625   625 D QC-time-services: Daemon:genoff_post_init:Error in accessing storage
01-17 20:40:29.085   625   625 D QC-time-services: Daemon:genoff_pre_init::Base = 10
01-17 20:40:29.085   625   625 D QC-time-services: Daemon: Storage Name: ats_10 
01-17 20:40:29.085   625   625 D QC-time-services: Daemon:Opening File: /mnt/vendor/persist/time/ats_10 /data/vendor/time/ats_10
01-17 20:40:29.085   625   625 D QC-time-services: Daemon:time_persistent_memory_opr:Genoff Read operation 
01-17 20:40:29.085   625   625 D QC-time-services: Daemon:Open File: /mnt/vendor/persist/time/ats_10
01-17 20:40:29.085   625   625 D QC-time-services: Daemon:Unable to open filefor read
01-17 20:40:29.085   625   625 D QC-time-services: Daemon:genoff_post_init:Error in accessing storage
01-17 20:40:29.085   625   625 D QC-time-services: Daemon:genoff_pre_init::Base = 11
01-17 20:40:29.085   625   625 D QC-time-services: Daemon: Storage Name: ats_11 
01-17 20:40:29.085   625   625 D QC-time-services: Daemon:Opening File: /mnt/vendor/persist/time/ats_11 /data/vendor/time/ats_11
01-17 20:40:29.085   625   625 D QC-time-services: Daemon:time_persistent_memory_opr:Genoff Read operation 
01-17 20:40:29.085   625   625 D QC-time-services: Daemon:Open File: /mnt/vendor/persist/time/ats_11
01-17 20:40:29.085   625   625 D QC-time-services: Daemon:Unable to open filefor read
01-17 20:40:29.085   625   625 D QC-time-services: Daemon:genoff_post_init:Error in accessing storage
01-17 20:40:29.085   625   625 D QC-time-services: Daemon:genoff_pre_init::Base = 12
01-17 20:40:29.085   625   625 D QC-time-services: Daemon: Storage Name: ats_12 
01-17 20:40:29.085   625   625 D QC-time-services: Daemon:Opening File: /mnt/vendor/persist/time/ats_12 /data/vendor/time/ats_12
01-17 20:40:29.085   625   625 D QC-time-services: Daemon:time_persistent_memory_opr:Genoff Read operation 
01-17 20:40:29.085   625   625 D QC-time-services: Daemon:Open File: /mnt/vendor/persist/time/ats_12
01-17 20:40:29.087   625   625 D QC-time-services: Daemon:genoff_pre_init::Base = 13
01-17 20:40:29.087   625   625 D QC-time-services: Daemon: Storage Name: ats_13 
01-17 20:40:29.087   625   625 D QC-time-services: Daemon:Opening File: /mnt/vendor/persist/time/ats_13 /data/vendor/time/ats_13
01-17 20:40:29.087   625   625 D QC-time-services: Daemon:time_persistent_memory_opr:Genoff Read operation 
01-17 20:40:29.087   625   625 D QC-time-services: Daemon:Open File: /mnt/vendor/persist/time/ats_13
01-17 20:40:29.089   625   625 D QC-time-services: Daemon:genoff_pre_init::Base = 14
01-17 20:40:29.089   625   625 D QC-time-services: Daemon: Storage Name: ats_14 
01-17 20:40:29.089   625   625 D QC-time-services: Daemon:Opening File: /mnt/vendor/persist/time/ats_14 /data/vendor/time/ats_14
01-17 20:40:29.089   625   625 D QC-time-services: Daemon:time_persistent_memory_opr:Genoff Read operation 
01-17 20:40:29.089   625   625 D QC-time-services: Daemon:Open File: /mnt/vendor/persist/time/ats_14
01-17 20:40:29.089   625   625 D QC-time-services: Daemon:Unable to open filefor read
01-17 20:40:29.089   625   625 D QC-time-services: Daemon:genoff_post_init:Error in accessing storage
01-17 20:40:29.089   625   625 D QC-time-services: Daemon:genoff_pre_init::Base = 15
01-17 20:40:29.089   625   625 D QC-time-services: Daemon: Storage Name: ats_15 
01-17 20:40:29.089   625   625 D QC-time-services: Daemon:Opening File: /mnt/vendor/persist/time/ats_15 /data/vendor/time/ats_15
01-17 20:40:29.089   625   625 D QC-time-services: Daemon:time_persistent_memory_opr:Genoff Read operation 
01-17 20:40:29.089   625   625 D QC-time-services: Daemon:Open File: /mnt/vendor/persist/time/ats_15
01-17 20:40:29.090   616   616 I Dpps    : InitPrimaryContextFeatures():298 Dpps feature enable properties are false, skipping primary feature context init
01-17 20:40:29.097   625   625 D QC-time-services: Daemon:genoff_pre_init::Base = 16
01-17 20:40:29.097   625   625 D QC-time-services: Daemon: Storage Name: ats_16 
01-17 20:40:29.097   625   625 D QC-time-services: Daemon:Opening File: /mnt/vendor/persist/time/ats_16 /data/vendor/time/ats_16
01-17 20:40:29.097   625   625 D QC-time-services: Daemon:time_persistent_memory_opr:Genoff Read operation 
01-17 20:40:29.097   625   625 D QC-time-services: Daemon:Open File: /mnt/vendor/persist/time/ats_16
01-17 20:40:29.097   612   612 E Sensors : sns_time.c(770):Failed to open B family drivers, err=13
01-17 20:40:29.097   612   612 E Sensors : sns_init_la.c(165):Error 5 initializing sns_time_init
01-17 20:40:29.098   625   625 D QC-time-services: Daemon:genoff_init_config: Other bases initilized, exiting genoff_init
01-17 20:40:29.098   625   625 D QC-time-services: Daemon:rtc_get: Time read from RTC -- MM/DD/YY HH:MM:SS0/17/70 12:40:28
01-17 20:40:29.098   625   625 D QC-time-services: Daemon rtc_get: seconds = 1428028
01-17 20:40:29.098   625   625 D QC-time-services: Daemon:Value read from RTC mseconds = 1428028000
01-17 20:40:29.098   625   625 D QC-time-services: Daemon:Value read from QTimer mseconds = 30852
01-17 20:40:29.098   625   625 D QC-time-services: Daemon:genoff_opr: Base = 1, val = 0, operation = 1
01-17 20:40:29.098   625   625 D QC-time-services: Daemon: genoff get for 1
01-17 20:40:29.098   625   625 D QC-time-services: Daemon:Value read from QTimer mseconds = 30852
01-17 20:40:29.098   625   625 D QC-time-services: Daemon:Value read from RTC mseconds on boot = 1428028000
01-17 20:40:29.098   625   625 D QC-time-services: Daemon:Value read from QTimer mseconds = 30852
01-17 20:40:29.098   625   625 D QC-time-services: Daemon:Value read from generic offset = 1542443332378
01-17 20:40:29.098   625   625 D QC-time-services: Daemon:Delta read on boot mseconds = 1427997148
01-17 20:40:29.098   625   625 D QC-time-services: Daemon:Final Time = 1543871360378
01-17 20:40:29.098   625   625 E QC-time-services: Daemon:genoff_boot_tod_init: Updating system time to sec=1543871360, usec=378000
01-17 20:40:29.106     0     0 I init    : starting service 'media'...
01-17 20:40:29.107     0     0 I init    : starting service 'statsd'...
01-17 20:40:29.114     0     0 E hvdcpd  : Registered Legacy
01-17 20:40:29.117     0     0 I init    : Created socket '/dev/socket/statsdw', mode 222, user 1066, group 1066
01-17 20:40:29.118     0     0 I ueventd : firmware: loading 'a506_zap.mdt' for '/devices/soc/soc:qcom,kgsl-hyp/firmware/a506_zap.mdt'
01-17 20:40:29.123     0     0 I init    : starting service 'storaged'...
01-17 20:40:29.125     0     0 I init    : starting service 'wificond'...
01-17 20:40:29.133     0     0 I subsys-pil-tz soc: qcom,kgsl-hyp: a506_zap: loading from 0x000000008f000000 to 0x000000008f002000
01-17 20:40:29.133     0     0 I ueventd : loading /devices/soc/soc:qcom,kgsl-hyp/firmware/a506_zap.mdt took 14ms
01-17 20:40:29.149     0     0 I init    : Opened file '/d/mmc0/mmc0:0001/ext_csd', flags 0
01-17 20:40:29.158     0     0 I ueventd : firmware: loading 'a506_zap.b02' for '/devices/soc/soc:qcom,kgsl-hyp/firmware/a506_zap.b02'
01-17 20:40:29.174     0     0 I ueventd : loading /devices/soc/soc:qcom,kgsl-hyp/firmware/a506_zap.b02 took 15ms
01-17 20:40:29.179     0     0 I init    : starting service 'vendor.media.omx'...
01-17 20:40:29.182     0     0 I init    : starting service 'ril-daemon'...
01-17 20:40:29.182     0     0 I subsys-pil-tz soc: qcom,kgsl-hyp: a506_zap: Brought out of reset
01-17 20:40:29.183     0     0 I init    : Command 'class_start main' action=nonencrypted (/init.rc:681) took 207ms and succeeded
01-17 20:40:29.184     0     0 I init    : Service 'vendor-sensor-sh' (pid 561) exited with status 0
01-17 20:40:29.184     0     0 E init    : Could not start service 'nqnfcinfo' as part of class 'late_start': Cannot find '/vendor/bin/nqnfcinfo': No such file or directory
01-17 20:40:29.184     0     0 E init    : File /vendor/bin/init.class_late.sh(labeled "u:object_r:vendor_file:s0") has incorrect label or no domain transition from u:r:init:s0 to another SELinux domain defined. Have you configured your service correctly? https://source.android.com/security/selinux/device-policy#label_new_services_and_address_denials
01-17 20:40:29.184     0     0 I init    : starting service 'qcom-c_late-sh'...
01-17 20:40:29.186     0     0 E init    : File /vendor/bin/cnss-daemon(labeled "u:object_r:vendor_file:s0") has incorrect label or no domain transition from u:r:init:s0 to another SELinux domain defined. Have you configured your service correctly? https://source.android.com/security/selinux/device-policy#label_new_services_and_address_denials
01-17 20:40:29.186     0     0 I init    : starting service 'cnss-daemon'...
01-17 20:40:29.187     0     0 E init    : Could not start service 'ssgqmigd' as part of class 'late_start': Cannot find '/vendor/bin/ssgqmigd': No such file or directory
01-17 20:40:29.187     0     0 E init    : Could not start service 'ssgtzd' as part of class 'late_start': Cannot find '/vendor/bin/ssgtzd': No such file or directory
01-17 20:40:29.187     0     0 E init    : Could not start service 'mlid' as part of class 'late_start': Cannot find '/vendor/bin/mlid': No such file or directory
01-17 20:40:29.187     0     0 E init    : Could not start service 'vendor.qdmastatsd' as part of class 'late_start': Cannot find '/vendor/bin/qdmastatsd': No such file or directory
01-17 20:40:29.187     0     0 E init    : File /vendor/bin/loc_launcher(labeled "u:object_r:vendor_file:s0") has incorrect label or no domain transition from u:r:init:s0 to another SELinux domain defined. Have you configured your service correctly? https://source.android.com/security/selinux/device-policy#label_new_services_and_address_denials
01-17 20:40:29.187     0     0 I init    : starting service 'loc_launcher'...
01-17 20:40:29.215     0     0 E devfreq soc: qcom,kgsl-busmon: Couldn't update frequency transition information.
01-17 20:40:29.217     0     0 E init    : File /vendor/bin/init.qcom.sh(labeled "u:object_r:vendor_file:s0") has incorrect label or no domain transition from u:r:init:s0 to another SELinux domain defined. Have you configured your service correctly? https://source.android.com/security/selinux/device-policy#label_new_services_and_address_denials
01-17 20:40:29.217     0     0 I init    : starting service 'qcom-sh'...
01-17 20:40:29.219     0     0 E init    : Could not start service 'crashdata-sh' as part of class 'late_start': Cannot find '/vendor/bin/init.qcom.crashdata.sh': No such file or directory
01-17 20:40:29.219     0     0 E init    : Could not start service 'qvop-daemon' as part of class 'late_start': Cannot find '/vendor/bin/qvop-daemon': No such file or directory
01-17 20:40:29.220     0     0 E init    : Could not start service 'qseeproxydaemon' as part of class 'late_start': Cannot find '/vendor/bin/qseeproxydaemon': No such file or directory
01-17 20:40:29.220     0     0 E init    : Could not start service 'seemp_healthd' as part of class 'late_start': Cannot find '/vendor/bin/seemp_healthd': No such file or directory
01-17 20:40:29.220     0     0 E init    : Could not start service 'chre' as part of class 'late_start': Cannot find '/vendor/bin/chre': No such file or directory
01-17 20:40:29.220     0     0 E init    : File /vendor/bin/mm-qcamera-daemon(labeled "u:object_r:vendor_file:s0") has incorrect label or no domain transition from u:r:init:s0 to another SELinux domain defined. Have you configured your service correctly? https://source.android.com/security/selinux/device-policy#label_new_services_and_address_denials
01-17 20:40:29.220     0     0 I init    : starting service 'qcamerasvr'...
01-17 20:40:29.222     0     0 E init    : Could not start service 'qfp-daemon' as part of class 'late_start': Cannot find '/vendor/bin/qfp-daemon': No such file or directory
01-17 20:40:29.222     0     0 E init    : Could not start service 'audiod' as part of class 'late_start': Cannot find '/vendor/bin/audiod': No such file or directory
01-17 20:40:29.222     0     0 E init    : Could not start service 'dts_configurator' as part of class 'late_start': Cannot find '/vendor/bin/dts_configurator': No such file or directory
01-17 20:40:29.222     0     0 E init    : Could not start service 'mdtpd' as part of class 'late_start': Cannot find '/vendor/bin/mdtpd': No such file or directory
01-17 20:40:29.222     0     0 E init    : Could not start service 'vendor.tlocd' as part of class 'late_start': Cannot find '/vendor/bin/tloc_daemon': No such file or directory
01-17 20:40:29.222     0     0 E init    : File /system/bin/ifaad(labeled "u:object_r:system_file:s0") has incorrect label or no domain transition from u:r:init:s0 to another SELinux domain defined. Have you configured your service correctly? https://source.android.com/security/selinux/device-policy#label_new_services_and_address_denials
01-17 20:40:29.222     0     0 I init    : starting service 'ifaad'...
